Archive member included because of file (symbol)

D:/Electro/Microchip/MPLAB C32/bin/../lib/gcc/pic32mx/3.4.4/../../../../pic32mx/lib\libc.a(general-exception.o)
                              D:/Electro/Microchip/MPLAB C32/bin/../lib/gcc/pic32mx/3.4.4/../../../../pic32mx/lib/crt0.o (_general_exception_context)
D:/Electro/Microchip/MPLAB C32/bin/../lib/gcc/pic32mx/3.4.4/../../../../pic32mx/lib\libc.a(malloc.o)
                              obj\keyboard_demo.o (malloc)
D:/Electro/Microchip/MPLAB C32/bin/../lib/gcc/pic32mx/3.4.4/../../../../pic32mx/lib\libc.a(malloc_free.o)
                              obj\usb_host.o (free)
D:/Electro/Microchip/MPLAB C32/bin/../lib/gcc/pic32mx/3.4.4/../../../../pic32mx/lib\libc.a(errno.o)
                              D:/Electro/Microchip/MPLAB C32/bin/../lib/gcc/pic32mx/3.4.4/../../../../pic32mx/lib\libc.a(malloc.o) (errno)
D:/Electro/Microchip/MPLAB C32/bin/../lib/gcc/pic32mx/3.4.4/../../../../pic32mx/lib\libc.a(sbrk.o)
                              D:/Electro/Microchip/MPLAB C32/bin/../lib/gcc/pic32mx/3.4.4/../../../../pic32mx/lib\libc.a(malloc.o) (getpagesize)
D:/Electro/Microchip/MPLAB C32/bin/../lib/gcc/pic32mx/3.4.4/../../../../pic32mx/lib\libc.a(default-bootstrap-exception-handler.o)
                              D:/Electro/Microchip/MPLAB C32/bin/../lib/gcc/pic32mx/3.4.4/../../../../pic32mx/lib/crt0.o (_bootstrap_exception_handler)
D:/Electro/Microchip/MPLAB C32/bin/../lib/gcc/pic32mx/3.4.4/../../../../pic32mx/lib\libc.a(default-on-reset.o)
                              D:/Electro/Microchip/MPLAB C32/bin/../lib/gcc/pic32mx/3.4.4/../../../../pic32mx/lib/crt0.o (_on_reset)
D:/Electro/Microchip/MPLAB C32/bin/../lib/gcc/pic32mx/3.4.4/../../../../pic32mx/lib\libc.a(default-on-bootstrap.o)
                              D:/Electro/Microchip/MPLAB C32/bin/../lib/gcc/pic32mx/3.4.4/../../../../pic32mx/lib/crt0.o (_on_bootstrap)
D:/Electro/Microchip/MPLAB C32/bin/../lib/gcc/pic32mx/3.4.4/../../../../pic32mx/lib\libc.a(default-nmi-handler.o)
                              D:/Electro/Microchip/MPLAB C32/bin/../lib/gcc/pic32mx/3.4.4/../../../../pic32mx/lib/crt0.o (_nmi_handler)
D:/Electro/Microchip/MPLAB C32/bin/../lib/gcc/pic32mx/3.4.4/../../../../pic32mx/lib\libc.a(memset.o)
                              D:/Electro/Microchip/MPLAB C32/bin/../lib/gcc/pic32mx/3.4.4/../../../../pic32mx/lib\libc.a(sbrk.o) (memset)
D:/Electro/Microchip/MPLAB C32/bin/../lib/gcc/pic32mx/3.4.4/../../../../pic32mx/lib\libc.a(stubs.o)
                              D:/Electro/Microchip/MPLAB C32/bin/../lib/gcc/pic32mx/3.4.4/../../../../pic32mx/lib\libc.a(sbrk.o) (pthread_mutex_lock)
D:/Electro/Microchip/MPLAB C32/bin/../lib/gcc/pic32mx/3.4.4/../../../../pic32mx/lib\libm.a(dp32.o)
                              obj\MMB.o (dpadd)
D:/Electro/Microchip/MPLAB C32/bin/../lib/gcc/pic32mx/3.4.4/../../../../pic32mx/lib\libmchp_peripheral.a(open_core_timer_lib.o)
                              obj\DisplayDriver.o (OpenCoreTimer)
D:/Electro/Microchip/MPLAB C32/bin/../lib/gcc/pic32mx/3.4.4/../../../../pic32mx/lib\libmchp_peripheral.a(read_core_timer_lib.o)
                              obj\MMB.o (ReadCoreTimer)
D:/Electro/Microchip/MPLAB C32/bin/../lib/gcc/pic32mx/3.4.4/../../../../pic32mx/lib\libmchp_peripheral.a(write_core_timer_lib.o)
                              obj\MMB.o (WriteCoreTimer)
D:/Electro/Microchip/MPLAB C32/bin/../lib/gcc/pic32mx/3.4.4/../../../../pic32mx/lib\libmchp_peripheral_32MX460F512L.a(pcache.o)
                              obj\MMB.o (CheKseg0CacheOn)
D:/Electro/Microchip/MPLAB C32/bin/../lib/gcc/pic32mx/3.4.4/../../../../pic32mx/lib\libmchp_peripheral_32MX460F512L.a(int_disable_interrupts_lib.o)
                              obj\MMB.o (INTDisableInterrupts)
D:/Electro/Microchip/MPLAB C32/bin/../lib/gcc/pic32mx/3.4.4/../../../../pic32mx/lib\libmchp_peripheral_32MX460F512L.a(int_restore_interrupts_lib.o)
                              obj\MMB.o (INTRestoreInterrupts)
D:/Electro/Microchip/MPLAB C32/bin/../lib/gcc/pic32mx/3.4.4/../../../../pic32mx/lib\libmchp_peripheral_32MX460F512L.a(int_enable_mv_int_lib.o)
                              obj\MMB.o (INTEnableSystemMultiVectoredInt)
D:/Electro/Microchip/MPLAB C32/bin/../lib/gcc/pic32mx/3.4.4/../../../../pic32mx/lib\libmchp_peripheral_32MX460F512L.a(spi_open_spi2_lib_legacy.o)
                              obj\MMB.o (OpenSPI2)
D:/Electro/Microchip/MPLAB C32/bin/../lib/gcc/pic32mx/3.4.4/../../../../pic32mx/lib\libmchp_peripheral_32MX460F512L.a(spi_brg_tbl_lib_legacy.o)
                              D:/Electro/Microchip/MPLAB C32/bin/../lib/gcc/pic32mx/3.4.4/../../../../pic32mx/lib\libmchp_peripheral_32MX460F512L.a(spi_open_spi2_lib_legacy.o) (_SpiBrgConvTbl)
D:/Electro/Microchip/MPLAB C32/bin/../lib/gcc/pic32mx/3.4.4/../../../../pic32mx/lib\libmchp_peripheral_32MX460F512L.a(int_enable_interrupts_lib.o)
                              D:/Electro/Microchip/MPLAB C32/bin/../lib/gcc/pic32mx/3.4.4/../../../../pic32mx/lib\libmchp_peripheral_32MX460F512L.a(int_enable_mv_int_lib.o) (INTEnableInterrupts)

Allocating common symbols
Common symbol       size              file

_cursorY            0x2               obj\Primitive.o
FirstKeyPressed     0x1               obj\keyboard_demo.o
ErrorDriver         0x1               obj\keyboard_demo.o
Appl_ModifierKeysDetails
                    0xa               obj\keyboard_demo.o
_fontOrientation    0x1               obj\Primitive.o
_fontFirstChar      0x2               obj\Primitive.o
Appl_BufferNormalKeys
                    0x6               obj\keyboard_demo.o
NumOfBytesRcvd      0x1               obj\keyboard_demo.o
ErrorCounter        0x1               obj\keyboard_demo.o
_clipRgn            0x2               obj\DisplayDriver.o
_fontHeight         0x2               obj\Primitive.o
Appl_BufferModifierKeys
                    0x8               obj\keyboard_demo.o
currCharPos         0x1               obj\keyboard_demo.o
Appl_LED_Indicator  0xa               obj\keyboard_demo.o
_cursorX            0x2               obj\Primitive.o
_fontLastChar       0x2               obj\Primitive.o
_font               0x4               obj\Primitive.o
_lineType           0x2               obj\Primitive.o
Appl_ShadowBuffer1  0x6               obj\keyboard_demo.o
_clipRight          0x2               obj\DisplayDriver.o
usbOverrideHostState
                    0x2               obj\usb_host.o
_clipBottom         0x2               obj\DisplayDriver.o
_clipTop            0x2               obj\DisplayDriver.o
_color              0x2               obj\DisplayDriver.o
_clipLeft           0x2               obj\DisplayDriver.o
HeldKey             0x1               obj\keyboard_demo.o
Appl_raw_report_buffer
                    0xc               obj\keyboard_demo.o
_lineThickness      0x1               obj\Primitive.o
Appl_NormalKeysDetails
                    0xa               obj\keyboard_demo.o
ReportBufferUpdated
                    0x4               obj\keyboard_demo.o
Appl_led_report_buffer
                    0x1               obj\keyboard_demo.o

Microchip PIC32 Memory-Usage Report

kseg0 Program-Memory Usage
section                    address  length [bytes]      (dec)  Description
-------                 ----------  -------------------------  -----------
.text                   0x9d000000         0xd294       53908  Application's executable code 
.rodata                 0x9d00d298         0x1458        5208  Read-only constant data 
.data                   0x9d00e6f0          0x458        1112  Data-initialization template 
      Total kseg0_program_mem used  :      0xeb44       60228  11.5% of 0x80000

kseg0 Boot-Memory Usage
section                    address  length [bytes]      (dec)  Description
-------                 ----------  -------------------------  -----------
.startup                0x9fc00490          0x1e0         480  C startup code 
         Total kseg0_boot_mem used  :       0x1e0         480  19.9% of 0x970

Exception-Memory Usage 
section                    address  length [bytes]      (dec)  Description
-------                 ----------  -------------------------  -----------
.app_excpt              0x9fc01180           0x10          16  General-Exception handler 
.vector_16              0x9fc01400            0x8           8  Interrupt Vector 16 
.vector_45              0x9fc017a0            0x8           8  Interrupt Vector 45 
          Total exception_mem used  :        0x20          32  0.8% of 0x1000

kseg1 Boot-Memory Usage
section                    address  length [bytes]      (dec)  Description
-------                 ----------  -------------------------  -----------
.reset                  0xbfc00000           0x10          16  Reset handler 
.bev_excpt              0xbfc00380           0x10          16  BEV-Exception handler 
         Total kseg1_boot_mem used  :        0x20          32  2.7% of 0x490
        --------------------------------------------------------------------------
         Total Program Memory used  :      0xed64       60772  11.4% of 0x81e00
        --------------------------------------------------------------------------


kseg1 Data-Memory Usage
section                    address  length [bytes]      (dec)  Description
-------                 ----------  -------------------------  -----------
.data                   0xa0000000          0x458        1112  Initialized data 
.sbss                   0xa0000458           0x9c         156  Small uninitialized data 
.bss                    0xa0000600          0x460        1120  Uninitialized data 
.heap                   0xa0000a60         0x2000        8192  Dynamic Memory heap 
.stack                  0xa0002a60          0x400        1024  Minimum space reserved for stack 
         Total kseg1_data_mem used  :      0x2d54       11604  35.4% of 0x8000
        --------------------------------------------------------------------------
            Total Data Memory used  :      0x2d54       11604  35.4% of 0x8000
        --------------------------------------------------------------------------

Memory Configuration

Name             Origin             Length             Attributes
kseg0_program_mem 0x9d000000         0x00080000         xr
kseg0_boot_mem   0x9fc00490         0x00000970
exception_mem    0x9fc01000         0x00001000
kseg1_boot_mem   0xbfc00000         0x00000490
debug_exec_mem   0xbfc02000         0x00000ff0
config3          0xbfc02ff0         0x00000004
config2          0xbfc02ff4         0x00000004
config1          0xbfc02ff8         0x00000004
config0          0xbfc02ffc         0x00000004
kseg1_data_mem   0xa0000000         0x00008000         w !x
sfrs             0xbf800000         0x00100000
configsfrs       0xbfc02ff0         0x00000010
*default*        0x00000000         0xffffffff

Linker script and memory map

LOAD D:/Electro/Microchip/MPLAB C32/bin/../lib/gcc/pic32mx/3.4.4/../../../../pic32mx/lib/crt0.o
LOAD obj\usb_config.o
LOAD obj\keyboard_demo.o
LOAD obj\usb_host.o
LOAD obj\usb_host_hid_parser.o
LOAD obj\usb_host_hid.o
LOAD obj\LCDTerminal.o
LOAD obj\MMB.o
LOAD obj\Primitive.o
LOAD obj\DisplayDriver.o
LOAD obj\LCDTerminalFont.o
                0x00000001                __MPLAB_BUILD = 0x1
                0x00002000                _min_heap_size = 0x2000
LOAD D:/Electro/Microchip/MPLAB C32/bin/../lib/gcc/pic32mx/3.4.4\libgcc.a
START GROUP
LOAD D:/Electro/Microchip/MPLAB C32/bin/../lib/gcc/pic32mx/3.4.4/../../../../pic32mx/lib\libdebug.a
LOAD D:/Electro/Microchip/MPLAB C32/bin/../lib/gcc/pic32mx/3.4.4/../../../../pic32mx/lib\libc.a
LOAD D:/Electro/Microchip/MPLAB C32/bin/../lib/gcc/pic32mx/3.4.4/../../../../pic32mx/lib\libm.a
LOAD D:/Electro/Microchip/MPLAB C32/bin/../lib/gcc/pic32mx/3.4.4/../../../../pic32mx/lib\libe.a
LOAD D:/Electro/Microchip/MPLAB C32/bin/../lib/gcc/pic32mx/3.4.4/../../../../pic32mx/lib\libdsp.a
LOAD D:/Electro/Microchip/MPLAB C32/bin/../lib/gcc/pic32mx/3.4.4/../../../../pic32mx/lib\libmchp_peripheral.a
LOAD D:/Electro/Microchip/MPLAB C32/bin/../lib/gcc/pic32mx/3.4.4/../../../../pic32mx/lib\libmchp_peripheral_32MX460F512L.a
END GROUP
LOAD D:/Electro/Microchip/MPLAB C32/bin/../lib/gcc/pic32mx/3.4.4\libgcc.a
                0x00000400                PROVIDE (_min_stack_size, 0x400)
                0x00000000                PROVIDE (_min_heap_size, 0x0)
LOAD D:/Electro/Microchip/MPLAB C32/bin/../lib/gcc/pic32mx/3.4.4/../../../../pic32mx/lib/./proc/32MX460F512L\processor.o
                0x00000001                PROVIDE (_vector_spacing, 0x1)
                0x9fc01000                _ebase_address = 0x9fc01000
                0xbfc00000                _RESET_ADDR = 0xbfc00000
                0xbfc00380                _BEV_EXCPT_ADDR = 0xbfc00380
                0xbfc00480                _DBG_EXCPT_ADDR = 0xbfc00480
                0xbfc02000                _DBG_CODE_ADDR = 0xbfc02000
                0x9fc01180                _GEN_EXCPT_ADDR = (_ebase_address + 0x180)

.config_BFC02FF0
 *(.config_BFC02FF0)

.config_BFC02FF4
                0xbfc02ff4        0x4
 *(.config_BFC02FF4)
 .config_BFC02FF4
                0xbfc02ff4        0x4 obj\keyboard_demo.o

.config_BFC02FF8
                0xbfc02ff8        0x4
 *(.config_BFC02FF8)
 .config_BFC02FF8
                0xbfc02ff8        0x4 obj\keyboard_demo.o

.config_BFC02FFC
                0xbfc02ffc        0x4
 *(.config_BFC02FFC)
 .config_BFC02FFC
                0xbfc02ffc        0x4 obj\keyboard_demo.o

.reset          0xbfc00000       0x10
 *(.reset)
 .reset         0xbfc00000       0x10 D:/Electro/Microchip/MPLAB C32/bin/../lib/gcc/pic32mx/3.4.4/../../../../pic32mx/lib/crt0.o
                0xbfc00000                _reset

.bev_excpt      0xbfc00380       0x10
 *(.bev_handler)
 .bev_handler   0xbfc00380       0x10 D:/Electro/Microchip/MPLAB C32/bin/../lib/gcc/pic32mx/3.4.4/../../../../pic32mx/lib/crt0.o

.dbg_excpt      0xbfc00480        0x0
                0xbfc00480                . = (. + DEFINED (_DEBUGGER)?0x8:0x0)

.dbg_code       0xbfc02000        0x0
                0xbfc02000                . = (. + DEFINED (_DEBUGGER)?0xff0:0x0)

.app_excpt      0x9fc01180       0x10
 *(.gen_handler)
 .gen_handler   0x9fc01180       0x10 D:/Electro/Microchip/MPLAB C32/bin/../lib/gcc/pic32mx/3.4.4/../../../../pic32mx/lib/crt0.o

.vector_0       0x9fc01200        0x0
 *(.vector_0)
                0x00000001                ASSERT (((_vector_spacing == 0x0) || (SIZEOF (.vector_0) <= (_vector_spacing << 0x5))), function at exception vector 0 too large)

.vector_1       0x9fc01220        0x0
 *(.vector_1)
                0x00000001                ASSERT (((_vector_spacing == 0x0) || (SIZEOF (.vector_1) <= (_vector_spacing << 0x5))), function at exception vector 1 too large)

.vector_2       0x9fc01240        0x0
 *(.vector_2)
                0x00000001                ASSERT (((_vector_spacing == 0x0) || (SIZEOF (.vector_2) <= (_vector_spacing << 0x5))), function at exception vector 2 too large)

.vector_3       0x9fc01260        0x0
 *(.vector_3)
                0x00000001                ASSERT (((_vector_spacing == 0x0) || (SIZEOF (.vector_3) <= (_vector_spacing << 0x5))), function at exception vector 3 too large)

.vector_4       0x9fc01280        0x0
 *(.vector_4)
                0x00000001                ASSERT (((_vector_spacing == 0x0) || (SIZEOF (.vector_4) <= (_vector_spacing << 0x5))), function at exception vector 4 too large)

.vector_5       0x9fc012a0        0x0
 *(.vector_5)
                0x00000001                ASSERT (((_vector_spacing == 0x0) || (SIZEOF (.vector_5) <= (_vector_spacing << 0x5))), function at exception vector 5 too large)

.vector_6       0x9fc012c0        0x0
 *(.vector_6)
                0x00000001                ASSERT (((_vector_spacing == 0x0) || (SIZEOF (.vector_6) <= (_vector_spacing << 0x5))), function at exception vector 6 too large)

.vector_7       0x9fc012e0        0x0
 *(.vector_7)
                0x00000001                ASSERT (((_vector_spacing == 0x0) || (SIZEOF (.vector_7) <= (_vector_spacing << 0x5))), function at exception vector 7 too large)

.vector_8       0x9fc01300        0x0
 *(.vector_8)
                0x00000001                ASSERT (((_vector_spacing == 0x0) || (SIZEOF (.vector_8) <= (_vector_spacing << 0x5))), function at exception vector 8 too large)

.vector_9       0x9fc01320        0x0
 *(.vector_9)
                0x00000001                ASSERT (((_vector_spacing == 0x0) || (SIZEOF (.vector_9) <= (_vector_spacing << 0x5))), function at exception vector 9 too large)

.vector_10      0x9fc01340        0x0
 *(.vector_10)
                0x00000001                ASSERT (((_vector_spacing == 0x0) || (SIZEOF (.vector_10) <= (_vector_spacing << 0x5))), function at exception vector 10 too large)

.vector_11      0x9fc01360        0x0
 *(.vector_11)
                0x00000001                ASSERT (((_vector_spacing == 0x0) || (SIZEOF (.vector_11) <= (_vector_spacing << 0x5))), function at exception vector 11 too large)

.vector_12      0x9fc01380        0x0
 *(.vector_12)
                0x00000001                ASSERT (((_vector_spacing == 0x0) || (SIZEOF (.vector_12) <= (_vector_spacing << 0x5))), function at exception vector 12 too large)

.vector_13      0x9fc013a0        0x0
 *(.vector_13)
                0x00000001                ASSERT (((_vector_spacing == 0x0) || (SIZEOF (.vector_13) <= (_vector_spacing << 0x5))), function at exception vector 13 too large)

.vector_14      0x9fc013c0        0x0
 *(.vector_14)
                0x00000001                ASSERT (((_vector_spacing == 0x0) || (SIZEOF (.vector_14) <= (_vector_spacing << 0x5))), function at exception vector 14 too large)

.vector_15      0x9fc013e0        0x0
 *(.vector_15)
                0x00000001                ASSERT (((_vector_spacing == 0x0) || (SIZEOF (.vector_15) <= (_vector_spacing << 0x5))), function at exception vector 15 too large)

.vector_16      0x9fc01400        0x8
 *(.vector_16)
 .vector_16     0x9fc01400        0x8 obj\keyboard_demo.o
                0x00000001                ASSERT (((_vector_spacing == 0x0) || (SIZEOF (.vector_16) <= (_vector_spacing << 0x5))), function at exception vector 16 too large)

.vector_17      0x9fc01420        0x0
 *(.vector_17)
                0x00000001                ASSERT (((_vector_spacing == 0x0) || (SIZEOF (.vector_17) <= (_vector_spacing << 0x5))), function at exception vector 17 too large)

.vector_18      0x9fc01440        0x0
 *(.vector_18)
                0x00000001                ASSERT (((_vector_spacing == 0x0) || (SIZEOF (.vector_18) <= (_vector_spacing << 0x5))), function at exception vector 18 too large)

.vector_19      0x9fc01460        0x0
 *(.vector_19)
                0x00000001                ASSERT (((_vector_spacing == 0x0) || (SIZEOF (.vector_19) <= (_vector_spacing << 0x5))), function at exception vector 19 too large)

.vector_20      0x9fc01480        0x0
 *(.vector_20)
                0x00000001                ASSERT (((_vector_spacing == 0x0) || (SIZEOF (.vector_20) <= (_vector_spacing << 0x5))), function at exception vector 20 too large)

.vector_21      0x9fc014a0        0x0
 *(.vector_21)
                0x00000001                ASSERT (((_vector_spacing == 0x0) || (SIZEOF (.vector_21) <= (_vector_spacing << 0x5))), function at exception vector 21 too large)

.vector_22      0x9fc014c0        0x0
 *(.vector_22)
                0x00000001                ASSERT (((_vector_spacing == 0x0) || (SIZEOF (.vector_22) <= (_vector_spacing << 0x5))), function at exception vector 22 too large)

.vector_23      0x9fc014e0        0x0
 *(.vector_23)
                0x00000001                ASSERT (((_vector_spacing == 0x0) || (SIZEOF (.vector_23) <= (_vector_spacing << 0x5))), function at exception vector 23 too large)

.vector_24      0x9fc01500        0x0
 *(.vector_24)
                0x00000001                ASSERT (((_vector_spacing == 0x0) || (SIZEOF (.vector_24) <= (_vector_spacing << 0x5))), function at exception vector 24 too large)

.vector_25      0x9fc01520        0x0
 *(.vector_25)
                0x00000001                ASSERT (((_vector_spacing == 0x0) || (SIZEOF (.vector_25) <= (_vector_spacing << 0x5))), function at exception vector 25 too large)

.vector_26      0x9fc01540        0x0
 *(.vector_26)
                0x00000001                ASSERT (((_vector_spacing == 0x0) || (SIZEOF (.vector_26) <= (_vector_spacing << 0x5))), function at exception vector 26 too large)

.vector_27      0x9fc01560        0x0
 *(.vector_27)
                0x00000001                ASSERT (((_vector_spacing == 0x0) || (SIZEOF (.vector_27) <= (_vector_spacing << 0x5))), function at exception vector 27 too large)

.vector_28      0x9fc01580        0x0
 *(.vector_28)
                0x00000001                ASSERT (((_vector_spacing == 0x0) || (SIZEOF (.vector_28) <= (_vector_spacing << 0x5))), function at exception vector 28 too large)

.vector_29      0x9fc015a0        0x0
 *(.vector_29)
                0x00000001                ASSERT (((_vector_spacing == 0x0) || (SIZEOF (.vector_29) <= (_vector_spacing << 0x5))), function at exception vector 29 too large)

.vector_30      0x9fc015c0        0x0
 *(.vector_30)
                0x00000001                ASSERT (((_vector_spacing == 0x0) || (SIZEOF (.vector_30) <= (_vector_spacing << 0x5))), function at exception vector 30 too large)

.vector_31      0x9fc015e0        0x0
 *(.vector_31)
                0x00000001                ASSERT (((_vector_spacing == 0x0) || (SIZEOF (.vector_31) <= (_vector_spacing << 0x5))), function at exception vector 31 too large)

.vector_32      0x9fc01600        0x0
 *(.vector_32)
                0x00000001                ASSERT (((_vector_spacing == 0x0) || (SIZEOF (.vector_32) <= (_vector_spacing << 0x5))), function at exception vector 32 too large)

.vector_33      0x9fc01620        0x0
 *(.vector_33)
                0x00000001                ASSERT (((_vector_spacing == 0x0) || (SIZEOF (.vector_33) <= (_vector_spacing << 0x5))), function at exception vector 33 too large)

.vector_34      0x9fc01640        0x0
 *(.vector_34)
                0x00000001                ASSERT (((_vector_spacing == 0x0) || (SIZEOF (.vector_34) <= (_vector_spacing << 0x5))), function at exception vector 34 too large)

.vector_35      0x9fc01660        0x0
 *(.vector_35)
                0x00000001                ASSERT (((_vector_spacing == 0x0) || (SIZEOF (.vector_35) <= (_vector_spacing << 0x5))), function at exception vector 35 too large)

.vector_36      0x9fc01680        0x0
 *(.vector_36)
                0x00000001                ASSERT (((_vector_spacing == 0x0) || (SIZEOF (.vector_36) <= (_vector_spacing << 0x5))), function at exception vector 36 too large)

.vector_37      0x9fc016a0        0x0
 *(.vector_37)
                0x00000001                ASSERT (((_vector_spacing == 0x0) || (SIZEOF (.vector_37) <= (_vector_spacing << 0x5))), function at exception vector 37 too large)

.vector_38      0x9fc016c0        0x0
 *(.vector_38)
                0x00000001                ASSERT (((_vector_spacing == 0x0) || (SIZEOF (.vector_38) <= (_vector_spacing << 0x5))), function at exception vector 38 too large)

.vector_39      0x9fc016e0        0x0
 *(.vector_39)
                0x00000001                ASSERT (((_vector_spacing == 0x0) || (SIZEOF (.vector_39) <= (_vector_spacing << 0x5))), function at exception vector 39 too large)

.vector_40      0x9fc01700        0x0
 *(.vector_40)
                0x00000001                ASSERT (((_vector_spacing == 0x0) || (SIZEOF (.vector_40) <= (_vector_spacing << 0x5))), function at exception vector 40 too large)

.vector_41      0x9fc01720        0x0
 *(.vector_41)
                0x00000001                ASSERT (((_vector_spacing == 0x0) || (SIZEOF (.vector_41) <= (_vector_spacing << 0x5))), function at exception vector 41 too large)

.vector_42      0x9fc01740        0x0
 *(.vector_42)
                0x00000001                ASSERT (((_vector_spacing == 0x0) || (SIZEOF (.vector_42) <= (_vector_spacing << 0x5))), function at exception vector 42 too large)

.vector_43      0x9fc01760        0x0
 *(.vector_43)
                0x00000001                ASSERT (((_vector_spacing == 0x0) || (SIZEOF (.vector_43) <= (_vector_spacing << 0x5))), function at exception vector 43 too large)

.vector_44      0x9fc01780        0x0
 *(.vector_44)
                0x00000001                ASSERT (((_vector_spacing == 0x0) || (SIZEOF (.vector_44) <= (_vector_spacing << 0x5))), function at exception vector 44 too large)

.vector_45      0x9fc017a0        0x8
 *(.vector_45)
 .vector_45     0x9fc017a0        0x8 obj\usb_host.o
                0x00000001                ASSERT (((_vector_spacing == 0x0) || (SIZEOF (.vector_45) <= (_vector_spacing << 0x5))), function at exception vector 45 too large)

.vector_46      0x9fc017c0        0x0
 *(.vector_46)
                0x00000001                ASSERT (((_vector_spacing == 0x0) || (SIZEOF (.vector_46) <= (_vector_spacing << 0x5))), function at exception vector 46 too large)

.vector_47      0x9fc017e0        0x0
 *(.vector_47)
                0x00000001                ASSERT (((_vector_spacing == 0x0) || (SIZEOF (.vector_47) <= (_vector_spacing << 0x5))), function at exception vector 47 too large)

.vector_48      0x9fc01800        0x0
 *(.vector_48)
                0x00000001                ASSERT (((_vector_spacing == 0x0) || (SIZEOF (.vector_48) <= (_vector_spacing << 0x5))), function at exception vector 48 too large)

.vector_49      0x9fc01820        0x0
 *(.vector_49)
                0x00000001                ASSERT (((_vector_spacing == 0x0) || (SIZEOF (.vector_49) <= (_vector_spacing << 0x5))), function at exception vector 49 too large)

.vector_50      0x9fc01840        0x0
 *(.vector_50)
                0x00000001                ASSERT (((_vector_spacing == 0x0) || (SIZEOF (.vector_50) <= (_vector_spacing << 0x5))), function at exception vector 50 too large)

.vector_51      0x9fc01860        0x0
 *(.vector_51)
                0x00000001                ASSERT (((_vector_spacing == 0x0) || (SIZEOF (.vector_51) <= (_vector_spacing << 0x5))), function at exception vector 51 too large)

.vector_52      0x9fc01880        0x0
 *(.vector_52)
                0x00000001                ASSERT (((_vector_spacing == 0x0) || (SIZEOF (.vector_52) <= (_vector_spacing << 0x5))), function at exception vector 52 too large)

.vector_53      0x9fc018a0        0x0
 *(.vector_53)
                0x00000001                ASSERT (((_vector_spacing == 0x0) || (SIZEOF (.vector_53) <= (_vector_spacing << 0x5))), function at exception vector 53 too large)

.vector_54      0x9fc018c0        0x0
 *(.vector_54)
                0x00000001                ASSERT (((_vector_spacing == 0x0) || (SIZEOF (.vector_54) <= (_vector_spacing << 0x5))), function at exception vector 54 too large)

.vector_55      0x9fc018e0        0x0
 *(.vector_55)
                0x00000001                ASSERT (((_vector_spacing == 0x0) || (SIZEOF (.vector_55) <= (_vector_spacing << 0x5))), function at exception vector 55 too large)

.vector_56      0x9fc01900        0x0
 *(.vector_56)
                0x00000001                ASSERT (((_vector_spacing == 0x0) || (SIZEOF (.vector_56) <= (_vector_spacing << 0x5))), function at exception vector 56 too large)

.vector_57      0x9fc01920        0x0
 *(.vector_57)
                0x00000001                ASSERT (((_vector_spacing == 0x0) || (SIZEOF (.vector_57) <= (_vector_spacing << 0x5))), function at exception vector 57 too large)

.vector_58      0x9fc01940        0x0
 *(.vector_58)
                0x00000001                ASSERT (((_vector_spacing == 0x0) || (SIZEOF (.vector_58) <= (_vector_spacing << 0x5))), function at exception vector 58 too large)

.vector_59      0x9fc01960        0x0
 *(.vector_59)
                0x00000001                ASSERT (((_vector_spacing == 0x0) || (SIZEOF (.vector_59) <= (_vector_spacing << 0x5))), function at exception vector 59 too large)

.vector_60      0x9fc01980        0x0
 *(.vector_60)
                0x00000001                ASSERT (((_vector_spacing == 0x0) || (SIZEOF (.vector_60) <= (_vector_spacing << 0x5))), function at exception vector 60 too large)

.vector_61      0x9fc019a0        0x0
 *(.vector_61)
                0x00000001                ASSERT (((_vector_spacing == 0x0) || (SIZEOF (.vector_61) <= (_vector_spacing << 0x5))), function at exception vector 61 too large)

.vector_62      0x9fc019c0        0x0
 *(.vector_62)
                0x00000001                ASSERT (((_vector_spacing == 0x0) || (SIZEOF (.vector_62) <= (_vector_spacing << 0x5))), function at exception vector 62 too large)

.vector_63      0x9fc019e0        0x0
 *(.vector_63)
                0x00000001                ASSERT (((_vector_spacing == 0x0) || (SIZEOF (.vector_63) <= (_vector_spacing << 0x5))), function at exception vector 63 too large)

.startup        0x9fc00490      0x1e0
 *(.startup)
 .startup       0x9fc00490      0x1e0 D:/Electro/Microchip/MPLAB C32/bin/../lib/gcc/pic32mx/3.4.4/../../../../pic32mx/lib/crt0.o

.text           0x9d000000     0xd294
                0x9d000000                _text_begin = .
 *(.text .stub .text.* .gnu.linkonce.t.*)
 .text          0x9d000000       0x18 D:/Electro/Microchip/MPLAB C32/bin/../lib/gcc/pic32mx/3.4.4/../../../../pic32mx/lib/crt0.o
 .text          0x9d000018     0x1020 obj\keyboard_demo.o
                0x9d000f34                InitializeTimer
                0x9d000fa4                _T4Interrupt
                0x9d0006a8                App_CompareKeyPressedPrevBuf
                0x9d0004d8                App_ProcessInputReport
                0x9d000670                App_CopyToShadowBuffer
                0x9d0004a8                App_PrepareOutputReport
                0x9d000b78                LCDDisplayString
                0x9d000018                USB_ApplicationEventHandler
                0x9d0006e4                App_Detect_Device
                0x9d00070c                App_Clear_Data_Buffer
                0x9d000c40                USB_HID_DataCollectionHandler
                0x9d000150                main
                0x9d000a18                LCD_Display_Routine
                0x9d000778                App_HID2ASCII
 .text          0x9d001038     0x40d4 obj\usb_host.o
                0x9d0014dc                USBHostResumeDevice
                0x9d003ea8                _USB_ParseConfigurationDescriptor
                0x9d0011a8                USBHostIssueDeviceRequest
                0x9d00383c                _USB_FindServiceEndpoint
                0x9d0010b0                USBHostDeviceStatus
                0x9d003940                _USB_FreeConfigMemory
                0x9d0046e8                _USB1Interrupt
                0x9d00151c                USBHostSetDeviceConfiguration
                0x9d0031c0                _USB_FindEndpoint
                0x9d003228                _USB_FindNextToken
                0x9d003db4                _USB_NotifyClients
                0x9d002cf0                USBHostTerminateTransfer
                0x9d0014a8                USBHostResetDevice
                0x9d003a74                _USB_FreeMemory
                0x9d001038                USBHostClearEndpointErrors
                0x9d001114                USBHostInit
                0x9d004318                _USB_ResetDATA0
                0x9d0016c8                USBHostTasks
                0x9d00109c                USBHostDeviceSpecificClientDriver
                0x9d004444                _USB_SetBDT
                0x9d001610                USBHostShutdown
                0x9d0043b8                _USB_SendToken
                0x9d00159c                USBHostSetNAKTimeout
                0x9d002e1c                USBHostVbusEvent
                0x9d002e94                USBHostWrite
                0x9d004668                _USB_TransferInProgress
                0x9d002d44                USBHostTransferIsComplete
                0x9d003ba8                _USB_InitControlWrite
                0x9d003b14                _USB_InitControlRead
                0x9d001678                USBHostSuspendDevice
                0x9d003c54                _USB_InitRead
                0x9d002f64                _USB_CheckCommandAndEnumerationAttempts
                0x9d003074                _USB_FindDeviceLevelClientDriver
                0x9d0013d8                USBHostRead
                0x9d002ff8                _USB_FindClassDriver
                0x9d003d04                _USB_InitWrite
 .text          0x9d00510c     0x14a8 obj\usb_host_hid_parser.o
                0x9d006414                USBHostHID_HasUsage
                0x9d00510c                _USBHostHID_Parse_Report
 .text          0x9d0065b4     0x18f4 obj\usb_host_hid.o
                0x9d007cd8                _USBHostHID_FreeRptDecriptorDataMem
                0x9d0065b4                USBHostHIDDeviceDetect
                0x9d006720                USBHostHIDResetDevice
                0x9d00663c                USBHostHIDDeviceStatus
                0x9d007740                USBHostHID_ApiGetCurrentInterfaceNum
                0x9d006860                USBHostHIDTasks
                0x9d00774c                USBHostHID_ApiImportData
                0x9d0073c4                USBHostHID_ApiFindBit
                0x9d007568                USBHostHID_ApiFindValue
                0x9d0067d8                USBHostHIDResetDeviceWithWait
                0x9d006ff0                USBHostHIDTerminateTransfer
                0x9d0078c4                USBHostHIDEventHandler
                0x9d007d78                _USBHostHID_ResetStateJump
                0x9d007324                USBHostHIDTransferIsComplete
                0x9d007998                USBHostHIDInitialize
                0x9d0070c4                USBHostHIDTransfer
 .text          0x9d007ea8      0x440 obj\LCDTerminal.o
                0x9d007eb0                LCDGetY
                0x9d008260                LCDCenterString
                0x9d007ee8                LCDClearToEOL
                0x9d007eb8                LCDHome
                0x9d007ea8                LCDGetX
                0x9d007fb0                LCDInit
                0x9d008064                LCDPutChar
                0x9d008030                LCDShiftCursorRight
                0x9d007ec4                LCDSetXY
                0x9d008144                LCDPut
                0x9d008010                LCDShiftCursorDown
                0x9d007fe0                LCDShiftCursorLeft
                0x9d007f38                LCDClear
                0x9d008220                LCDPutString
                0x9d007ed0                LCDL2Home
                0x9d007ee0                LCDLineHome
                0x9d007ff8                LCDShiftCursorUp
 .text          0x9d0082e8      0xbb4 obj\MMB.o
                0x9d008850                MMBGetKey
                0x9d0082f8                MMBInit
                0x9d008a88                MMBAccRead
                0x9d008c1c                MMBFadeIn
                0x9d008564                MMBReadT
                0x9d008900                MMBAccInit
                0x9d008d20                MMBFadeOut
                0x9d0085f4                MMBReadStopwatch
                0x9d00866c                MMBUARTInit
                0x9d008e20                MMBCenterString
                0x9d0085d8                MMBStartStopwatch
                0x9d0087e8                MMBReadKey
                0x9d0082f0                _general_exception_handler
                0x9d0082e8                exit
 .text          0x9d008e9c     0x14c8 obj\Primitive.o
                0x9d0098bc                Bevel
                0x9d009f20                DrawPoly
                0x9d00a06c                OutTextXY
                0x9d009cec                FillBevel
                0x9d00a00c                OutText
                0x9d009fd8                SetFont
                0x9d00a35c                GetImageHeight
                0x9d00a354                GetImageWidth
                0x9d00953c                Line
                0x9d008edc                Arc
                0x9d00a334                GetTextHeight
                0x9d00a2a4                GetTextWidth
                0x9d008e9c                InitGraph
                0x9d00a094                OutChar
 .text          0x9d00a364      0xce8 obj\DisplayDriver.o
                0x9d00a364                DelayMs
                0x9d00a410                SetReg
                0x9d00b044                PutImage
                0x9d00a49c                GetReg
                0x9d00ae2c                ClearDevice
                0x9d00a544                ResetDevice
                0x9d00aba0                Bar
                0x9d00a950                PutPixel
 .text.general_exception
                0x9d00b04c       0xd0 D:/Electro/Microchip/MPLAB C32/bin/../lib/gcc/pic32mx/3.4.4/../../../../pic32mx/lib\libc.a(general-exception.o)
                0x9d00b04c                _general_exception_context
 .text.malloc   0x9d00b11c      0x758 D:/Electro/Microchip/MPLAB C32/bin/../lib/gcc/pic32mx/3.4.4/../../../../pic32mx/lib\libc.a(malloc.o)
                0x9d00b11c                malloc
 .text.malloc_trim
                0x9d00b874      0x114 D:/Electro/Microchip/MPLAB C32/bin/../lib/gcc/pic32mx/3.4.4/../../../../pic32mx/lib\libc.a(malloc_free.o)
                0x9d00b874                malloc_trim
 .text.free     0x9d00b988      0x248 D:/Electro/Microchip/MPLAB C32/bin/../lib/gcc/pic32mx/3.4.4/../../../../pic32mx/lib\libc.a(malloc_free.o)
                0x9d00b988                free
 .text.getpagesize
                0x9d00bbd0        0x8 D:/Electro/Microchip/MPLAB C32/bin/../lib/gcc/pic32mx/3.4.4/../../../../pic32mx/lib\libc.a(sbrk.o)
                0x9d00bbd0                getpagesize
 .text._stub_sbd_memlayout
                0x9d00bbd8       0x2c D:/Electro/Microchip/MPLAB C32/bin/../lib/gcc/pic32mx/3.4.4/../../../../pic32mx/lib\libc.a(sbrk.o)
                0x9d00bbd8                _stub_sbd_memlayout
                0x9d00bbd8                _sbd_memlayout
 .text._sbrk_init
                0x9d00bc04      0x168 D:/Electro/Microchip/MPLAB C32/bin/../lib/gcc/pic32mx/3.4.4/../../../../pic32mx/lib\libc.a(sbrk.o)
                0x9d00bc04                _sbrk_init
 .text._sbrk    0x9d00bd6c       0xe8 D:/Electro/Microchip/MPLAB C32/bin/../lib/gcc/pic32mx/3.4.4/../../../../pic32mx/lib\libc.a(sbrk.o)
                0x9d00bd6c                _sbrk
 .text.sbrk     0x9d00be54       0x5c D:/Electro/Microchip/MPLAB C32/bin/../lib/gcc/pic32mx/3.4.4/../../../../pic32mx/lib\libc.a(sbrk.o)
                0x9d00be54                sbrk
 .text._bootstrap_exception_handler
                0x9d00beb0        0x8 D:/Electro/Microchip/MPLAB C32/bin/../lib/gcc/pic32mx/3.4.4/../../../../pic32mx/lib\libc.a(default-bootstrap-exception-handler.o)
                0x9d00beb0                _bootstrap_exception_handler
 .text._on_reset
                0x9d00beb8        0x8 D:/Electro/Microchip/MPLAB C32/bin/../lib/gcc/pic32mx/3.4.4/../../../../pic32mx/lib\libc.a(default-on-reset.o)
                0x9d00beb8                _on_reset
 .text._on_bootstrap
                0x9d00bec0        0x8 D:/Electro/Microchip/MPLAB C32/bin/../lib/gcc/pic32mx/3.4.4/../../../../pic32mx/lib\libc.a(default-on-bootstrap.o)
                0x9d00bec0                _on_bootstrap
 .text          0x9d00bec8       0x18 D:/Electro/Microchip/MPLAB C32/bin/../lib/gcc/pic32mx/3.4.4/../../../../pic32mx/lib\libc.a(default-nmi-handler.o)
                0x9d00bec8                _nmi_handler
 .text          0x9d00bee0       0xa8 D:/Electro/Microchip/MPLAB C32/bin/../lib/gcc/pic32mx/3.4.4/../../../../pic32mx/lib\libc.a(memset.o)
                0x9d00bee0                memset
 .text._weak_pthread_mutex_init
                0x9d00bf88        0x8 D:/Electro/Microchip/MPLAB C32/bin/../lib/gcc/pic32mx/3.4.4/../../../../pic32mx/lib\libc.a(stubs.o)
                0x9d00bf88                _weak_pthread_mutex_init
                0x9d00bf88                pthread_mutex_init
 .text._weak_pthread_mutex_destroy
                0x9d00bf90        0x8 D:/Electro/Microchip/MPLAB C32/bin/../lib/gcc/pic32mx/3.4.4/../../../../pic32mx/lib\libc.a(stubs.o)
                0x9d00bf90                _weak_pthread_mutex_destroy
                0x9d00bf90                pthread_mutex_destroy
 .text._weak_pthread_mutex_lock
                0x9d00bf98        0x8 D:/Electro/Microchip/MPLAB C32/bin/../lib/gcc/pic32mx/3.4.4/../../../../pic32mx/lib\libc.a(stubs.o)
                0x9d00bf98                _weak_pthread_mutex_lock
                0x9d00bf98                pthread_mutex_lock
 .text._weak_pthread_mutex_trylock
                0x9d00bfa0        0x8 D:/Electro/Microchip/MPLAB C32/bin/../lib/gcc/pic32mx/3.4.4/../../../../pic32mx/lib\libc.a(stubs.o)
                0x9d00bfa0                _weak_pthread_mutex_trylock
                0x9d00bfa0                pthread_mutex_trylock
 .text._weak_pthread_mutex_unlock
                0x9d00bfa8        0x8 D:/Electro/Microchip/MPLAB C32/bin/../lib/gcc/pic32mx/3.4.4/../../../../pic32mx/lib\libc.a(stubs.o)
                0x9d00bfa8                _weak_pthread_mutex_unlock
                0x9d00bfa8                pthread_mutex_unlock
 .text._weak_pthread_mutex_setname_np
                0x9d00bfb0        0x8 D:/Electro/Microchip/MPLAB C32/bin/../lib/gcc/pic32mx/3.4.4/../../../../pic32mx/lib\libc.a(stubs.o)
                0x9d00bfb0                pthread_mutex_setname_np
                0x9d00bfb0                _weak_pthread_mutex_setname_np
 .text._weak_pthread_mutexattr_init
                0x9d00bfb8        0x8 D:/Electro/Microchip/MPLAB C32/bin/../lib/gcc/pic32mx/3.4.4/../../../../pic32mx/lib\libc.a(stubs.o)
                0x9d00bfb8                _weak_pthread_mutexattr_init
                0x9d00bfb8                pthread_mutexattr_init
 .text._weak_pthread_mutexattr_destroy
                0x9d00bfc0        0x8 D:/Electro/Microchip/MPLAB C32/bin/../lib/gcc/pic32mx/3.4.4/../../../../pic32mx/lib\libc.a(stubs.o)
                0x9d00bfc0                pthread_mutexattr_destroy
                0x9d00bfc0                _weak_pthread_mutexattr_destroy
 .text._weak_pthread_mutexattr_setname_np
                0x9d00bfc8        0x8 D:/Electro/Microchip/MPLAB C32/bin/../lib/gcc/pic32mx/3.4.4/../../../../pic32mx/lib\libc.a(stubs.o)
                0x9d00bfc8                _weak_pthread_mutexattr_setname_np
                0x9d00bfc8                pthread_mutexattr_setname_np
 .text._weak_pthread_mutexattr_settype_np
                0x9d00bfd0        0x8 D:/Electro/Microchip/MPLAB C32/bin/../lib/gcc/pic32mx/3.4.4/../../../../pic32mx/lib\libc.a(stubs.o)
                0x9d00bfd0                _weak_pthread_mutexattr_settype_np
                0x9d00bfd0                pthread_mutexattr_settype_np
 .text._weak_pthread_sysconf_np
                0x9d00bfd8        0x8 D:/Electro/Microchip/MPLAB C32/bin/../lib/gcc/pic32mx/3.4.4/../../../../pic32mx/lib\libc.a(stubs.o)
                0x9d00bfd8                _weak_pthread_sysconf_np
                0x9d00bfd8                pthread_sysconf_np
 .text._weak_pthread_sigdisable_np
                0x9d00bfe0        0x8 D:/Electro/Microchip/MPLAB C32/bin/../lib/gcc/pic32mx/3.4.4/../../../../pic32mx/lib\libc.a(stubs.o)
                0x9d00bfe0                _weak_pthread_sigdisable_np
                0x9d00bfe0                pthread_sigdisable_np
 .text._weak_pthread_sigrestore_np
                0x9d00bfe8        0x8 D:/Electro/Microchip/MPLAB C32/bin/../lib/gcc/pic32mx/3.4.4/../../../../pic32mx/lib\libc.a(stubs.o)
                0x9d00bfe8                pthread_sigrestore_np
                0x9d00bfe8                _weak_pthread_sigrestore_np
 .text._weak__pthread_cleanup_push
                0x9d00bff0        0x8 D:/Electro/Microchip/MPLAB C32/bin/../lib/gcc/pic32mx/3.4.4/../../../../pic32mx/lib\libc.a(stubs.o)
                0x9d00bff0                _weak__pthread_cleanup_push
                0x9d00bff0                _pthread_cleanup_push
 .text._weak__pthread_cleanup_pop
                0x9d00bff8        0x8 D:/Electro/Microchip/MPLAB C32/bin/../lib/gcc/pic32mx/3.4.4/../../../../pic32mx/lib\libc.a(stubs.o)
                0x9d00bff8                _pthread_cleanup_pop
                0x9d00bff8                _weak__pthread_cleanup_pop
 .text._weak__pthread_cleanup_push_defer
                0x9d00c000        0x8 D:/Electro/Microchip/MPLAB C32/bin/../lib/gcc/pic32mx/3.4.4/../../../../pic32mx/lib\libc.a(stubs.o)
                0x9d00c000                _weak__pthread_cleanup_push_defer
                0x9d00c000                _pthread_cleanup_push_defer
 .text._weak__pthread_cleanup_pop_restore
                0x9d00c008        0x8 D:/Electro/Microchip/MPLAB C32/bin/../lib/gcc/pic32mx/3.4.4/../../../../pic32mx/lib\libc.a(stubs.o)
                0x9d00c008                _pthread_cleanup_pop_restore
                0x9d00c008                _weak__pthread_cleanup_pop_restore
 .text._weak_pthread_once
                0x9d00c010       0x2c D:/Electro/Microchip/MPLAB C32/bin/../lib/gcc/pic32mx/3.4.4/../../../../pic32mx/lib\libc.a(stubs.o)
                0x9d00c010                _weak_pthread_once
                0x9d00c010                pthread_once
                0x9d00c010                _pthread_once
 .text._weak_pthread_key_create
                0x9d00c03c        0x8 D:/Electro/Microchip/MPLAB C32/bin/../lib/gcc/pic32mx/3.4.4/../../../../pic32mx/lib\libc.a(stubs.o)
                0x9d00c03c                pthread_key_create
                0x9d00c03c                _weak_pthread_key_create
 .text._weak_pthread_setspecific
                0x9d00c044        0x8 D:/Electro/Microchip/MPLAB C32/bin/../lib/gcc/pic32mx/3.4.4/../../../../pic32mx/lib\libc.a(stubs.o)
                0x9d00c044                _weak_pthread_setspecific
                0x9d00c044                pthread_setspecific
 .text._weak_pthread_getspecific
                0x9d00c04c        0x8 D:/Electro/Microchip/MPLAB C32/bin/../lib/gcc/pic32mx/3.4.4/../../../../pic32mx/lib\libc.a(stubs.o)
                0x9d00c04c                pthread_getspecific
                0x9d00c04c                _weak_pthread_getspecific
 .text._weak__libc_private_storage
                0x9d00c054        0x8 D:/Electro/Microchip/MPLAB C32/bin/../lib/gcc/pic32mx/3.4.4/../../../../pic32mx/lib\libc.a(stubs.o)
                0x9d00c054                _libc_private_storage
                0x9d00c054                _weak__libc_private_storage
 .text          0x9d00c05c     0x1128 D:/Electro/Microchip/MPLAB C32/bin/../lib/gcc/pic32mx/3.4.4/../../../../pic32mx/lib\libm.a(dp32.o)
                0x9d00d10c                fabs
                0x9d00cfd0                __eqdf2
                0x9d00cfd0                __gtdf2
                0x9d00c05c                dpsub
                0x9d00cc64                __floatsidf
                0x9d00cfd0                __ltdf2
                0x9d00ccd8                ultodp
                0x9d00c488                dpmul
                0x9d00cdcc                dptofp
                0x9d00cf4c                __fixunsdfsi
                0x9d00cfd0                dpcmp
                0x9d00cd28                __extendsfdf2
                0x9d00c064                __adddf3
                0x9d00cf4c                dptoul
                0x9d00c7b0                dpdiv
                0x9d00cc64                litodp
                0x9d00cec4                __fixdfsi
                0x9d00cfd0                __ledf2
                0x9d00cd28                fptodp
                0x9d00d0f4                __negdf2
                0x9d00c064                dpadd
                0x9d00c7b0                __divdf3
                0x9d00c488                __muldf3
                0x9d00cdcc                __truncdfsf2
                0x9d00cfd0                __nedf2
                0x9d00cec4                dptoli
                0x9d00d128                nan
                0x9d00d10c                dpfabs
                0x9d00cfd0                __gedf2
                0x9d00d128                dpnan
                0x9d00c05c                __subdf3
 .text.OpenCoreTimer
                0x9d00d184        0xc D:/Electro/Microchip/MPLAB C32/bin/../lib/gcc/pic32mx/3.4.4/../../../../pic32mx/lib\libmchp_peripheral.a(open_core_timer_lib.o)
                0x9d00d184                OpenCoreTimer
 .text.ReadCoreTimer
                0x9d00d190        0x8 D:/Electro/Microchip/MPLAB C32/bin/../lib/gcc/pic32mx/3.4.4/../../../../pic32mx/lib\libmchp_peripheral.a(read_core_timer_lib.o)
                0x9d00d190                ReadCoreTimer
 .text.WriteCoreTimer
                0x9d00d198        0x8 D:/Electro/Microchip/MPLAB C32/bin/../lib/gcc/pic32mx/3.4.4/../../../../pic32mx/lib\libmchp_peripheral.a(write_core_timer_lib.o)
                0x9d00d198                WriteCoreTimer
 .text.CheKseg0CacheOff
                0x9d00d1a0       0x18 D:/Electro/Microchip/MPLAB C32/bin/../lib/gcc/pic32mx/3.4.4/../../../../pic32mx/lib\libmchp_peripheral_32MX460F512L.a(pcache.o)
                0x9d00d1a0                CheKseg0CacheOff
 .text.CheKseg0CacheOn
                0x9d00d1b8       0x18 D:/Electro/Microchip/MPLAB C32/bin/../lib/gcc/pic32mx/3.4.4/../../../../pic32mx/lib\libmchp_peripheral_32MX460F512L.a(pcache.o)
                0x9d00d1b8                CheKseg0CacheOn
 .text.INTDisableInterrupts
                0x9d00d1d0        0x8 D:/Electro/Microchip/MPLAB C32/bin/../lib/gcc/pic32mx/3.4.4/../../../../pic32mx/lib\libmchp_peripheral_32MX460F512L.a(int_disable_interrupts_lib.o)
                0x9d00d1d0                INTDisableInterrupts
 .text.INTRestoreInterrupts
                0x9d00d1d8       0x1c D:/Electro/Microchip/MPLAB C32/bin/../lib/gcc/pic32mx/3.4.4/../../../../pic32mx/lib\libmchp_peripheral_32MX460F512L.a(int_restore_interrupts_lib.o)
                0x9d00d1d8                INTRestoreInterrupts
 .text.INTEnableSystemMultiVectoredInt
                0x9d00d1f4       0x34 D:/Electro/Microchip/MPLAB C32/bin/../lib/gcc/pic32mx/3.4.4/../../../../pic32mx/lib\libmchp_peripheral_32MX460F512L.a(int_enable_mv_int_lib.o)
                0x9d00d1f4                INTEnableSystemMultiVectoredInt
 .text.OpenSPI2
                0x9d00d228       0x64 D:/Electro/Microchip/MPLAB C32/bin/../lib/gcc/pic32mx/3.4.4/../../../../pic32mx/lib\libmchp_peripheral_32MX460F512L.a(spi_open_spi2_lib_legacy.o)
                0x9d00d228                OpenSPI2
 .text.INTEnableInterrupts
                0x9d00d28c        0x8 D:/Electro/Microchip/MPLAB C32/bin/../lib/gcc/pic32mx/3.4.4/../../../../pic32mx/lib\libmchp_peripheral_32MX460F512L.a(int_enable_interrupts_lib.o)
                0x9d00d28c                INTEnableInterrupts
 *(.text.*personality*)
 *(.gnu.warning)
 *(.mips16.fn.*)
 *(.mips16.call.*)
                0x9d00d294                _text_end = .

.rodata         0x9d00d298     0x1458
 *(.rodata .rodata.* .gnu.linkonce.r.*)
 .rodata.str1.4
                0x9d00d298      0x1d7 obj\keyboard_demo.o
                                0x1d8 (size before relaxing)
 *fill*         0x9d00d46f        0x1 00
 .rodata        0x9d00d470       0xbc obj\keyboard_demo.o
 .rodata        0x9d00d52c      0x14c obj\usb_host.o
 .rodata.cst4   0x9d00d678        0x4 obj\usb_host.o
 .rodata        0x9d00d67c       0xa8 obj\usb_host_hid_parser.o
 .rodata        0x9d00d724       0x14 obj\usb_host_hid.o
 .rodata.cst8   0x9d00d738       0x28 obj\MMB.o
 .rodata        0x9d00d760      0xf10 obj\LCDTerminalFont.o
                0x9d00d768                L8330
                0x9d00d760                TerminalFont
 .rodata        0x9d00e670       0x80 D:/Electro/Microchip/MPLAB C32/bin/../lib/gcc/pic32mx/3.4.4/../../../../pic32mx/lib\libmchp_peripheral_32MX460F512L.a(spi_brg_tbl_lib_legacy.o)
                0x9d00e670                _SpiBrgConvTbl
 *(.rodata1)
                0x9d00e6f0                . = ALIGN (0x4)

.sdata2         0x9d00e6f0        0x0
 *(.sdata2 .sdata2.* .gnu.linkonce.s2.*)
                0x9d00e6f0                . = ALIGN (0x4)

.sbss2          0x9d00e6f0        0x0
 *(.sbss2 .sbss2.* .gnu.linkonce.sb2.*)
                0x9d00e6f0                . = ALIGN (0x4)

.eh_frame_hdr
 *(.eh_frame_hdr)

.eh_frame
 *(.eh_frame)

.dbg_data       0xa0000000        0x0
                0xa0000000                . = (. + DEFINED (_DEBUGGER)?0x200:0x0)

.data           0xa0000000      0x458 load address 0x9d00e6f0
                0xa0000000                _data_begin = .
 *(.data .data.* .gnu.linkonce.d.*)
 .data          0xa0000000       0x28 obj\usb_config.o
                0xa0000018                usbTPL
                0xa0000000                usbClientDrvTable
 .data          0xa0000028      0x410 D:/Electro/Microchip/MPLAB C32/bin/../lib/gcc/pic32mx/3.4.4/../../../../pic32mx/lib\libc.a(malloc.o)
                0xa0000030                malloc_av_
                0xa000002c                malloc_trim_threshold
                0xa0000028                malloc_sbrk_base
 .data          0xa0000438       0x20 D:/Electro/Microchip/MPLAB C32/bin/../lib/gcc/pic32mx/3.4.4/../../../../pic32mx/lib\libc.a(sbrk.o)
 *(.gnu.linkonce.d.*personality*)
 *(.data1)
                0x9d00e6f0                _data_image_begin = LOADADDR (.data)

.eh_frame
 *(.eh_frame)
                0xa0008450                _gp = (ALIGN (0x10) + 0x7ff0)

.got
 *(.got.plt)
 *(.got)

.sdata          0xa0000458        0x0 load address 0x9d00eb48
                0xa0000458                _sdata_begin = .
 *(.sdata .sdata.* .gnu.linkonce.s.*)
                0xa0000458                _sdata_end = .

.lit8
 *(.lit8)

.lit4
 *(.lit4)
                0xa0000458                . = ALIGN (0x4)
                0xa0000458                _data_end = .
                0xa0000458                _bss_begin = .

.sbss           0xa0000458       0x9c
                0xa0000458                _sbss_begin = .
 *(.dynsbss)
 *(.sbss .sbss.* .gnu.linkonce.sb.*)
 .sbss          0xa0000458       0x14 obj\keyboard_demo.o
                0xa000046a                HeldKeyCount
                0xa0000468                CAPS_Lock_Pressed
                0xa0000469                NUM_Lock_Pressed
                0xa0000464                DisplayDeatachOnce
                0xa000045c                LED_Key_Pressed
                0xa0000460                DisplayConnectOnce
                0xa0000458                App_State_Keyboard
 .sbss          0xa000046c       0x28 obj\usb_host.o
                0xa0000470                pDeviceDescriptor
                0xa000046c                pCurrentConfigurationDescriptor
 .sbss          0xa0000494        0x4 obj\usb_host_hid_parser.o
                0xa0000494                parsedDataMem
 .sbss          0xa0000498        0x8 obj\usb_host_hid.o
 .sbss          0xa00004a0        0x8 obj\LCDTerminal.o
 .sbss          0xa00004a8        0x4 D:/Electro/Microchip/MPLAB C32/bin/../lib/gcc/pic32mx/3.4.4/../../../../pic32mx/lib\libc.a(errno.o)
                0xa00004a8                errno
 *(.scommon)
 .scommon       0xa00004ac       0x25 obj\keyboard_demo.o
                0xa00004ac                FirstKeyPressed
                0xa00004ad                ErrorDriver
                0xa00004b0                Appl_BufferNormalKeys
                0xa00004b6                NumOfBytesRcvd
                0xa00004b7                ErrorCounter
                0xa00004b8                Appl_BufferModifierKeys
                0xa00004c0                currCharPos
                0xa00004c4                Appl_ShadowBuffer1
                0xa00004ca                HeldKey
                0xa00004cc                ReportBufferUpdated
                0xa00004d0                Appl_led_report_buffer
 *fill*         0xa00004d1        0x1 00
 .scommon       0xa00004d2        0x2 obj\usb_host.o
                0xa00004d2                usbOverrideHostState
 .scommon       0xa00004d4       0x13 obj\Primitive.o
                0xa00004d4                _cursorY
                0xa00004d6                _fontOrientation
                0xa00004d8                _fontFirstChar
                0xa00004da                _fontHeight
                0xa00004dc                _cursorX
                0xa00004de                _fontLastChar
                0xa00004e0                _font
                0xa00004e4                _lineType
                0xa00004e6                _lineThickness
 *fill*         0xa00004e7        0x1 00
 .scommon       0xa00004e8        0xc obj\DisplayDriver.o
                0xa00004e8                _clipRgn
                0xa00004ea                _clipRight
                0xa00004ec                _clipBottom
                0xa00004ee                _clipTop
                0xa00004f0                _color
                0xa00004f2                _clipLeft
                0xa00004f4                _sbss_end = .

.bss            0xa0000600      0x460
 *(.dynbss)
 *(.bss .bss.* .gnu.linkonce.b.*)
 .bss           0xa0000600      0x200 obj\usb_host.o
 .bss           0xa0000800       0x88 obj\usb_host_hid_parser.o
                0xa0000800                deviceRptInfo
                0xa0000868                itemListPtrs
 .bss           0xa0000888       0x20 obj\usb_host_hid.o
 .bss           0xa00008a8      0x12c obj\LCDTerminal.o
 .bss           0xa00009d4       0x34 D:/Electro/Microchip/MPLAB C32/bin/../lib/gcc/pic32mx/3.4.4/../../../../pic32mx/lib\libc.a(malloc.o)
                0xa00009fc                malloc_max_total_mem
                0xa0000a04                malloc_top_pad
                0xa0000a00                malloc_max_sbrked_mem
                0xa00009d4                malloc_current_mallinfo
 .bss           0xa0000a08       0x24 D:/Electro/Microchip/MPLAB C32/bin/../lib/gcc/pic32mx/3.4.4/../../../../pic32mx/lib\libc.a(sbrk.o)
                0xa0000a0c                _minbrk
                0xa0000a08                _maxbrk
 .bss           0xa0000a2c        0x4 D:/Electro/Microchip/MPLAB C32/bin/../lib/gcc/pic32mx/3.4.4/../../../../pic32mx/lib\libc.a(stubs.o)
                0xa0000a2c                __isthreaded
 *(COMMON)
 COMMON         0xa0000a30       0x2e obj\keyboard_demo.o
                0xa0000a30                Appl_ModifierKeysDetails
                0xa0000a3c                Appl_LED_Indicator
                0xa0000a48                Appl_raw_report_buffer
                0xa0000a54                Appl_NormalKeysDetails
                0xa0000a60                . = ALIGN (0x4)
 *fill*         0xa0000a5e        0x2 00
                0xa0000a60                . = ALIGN (0x4)
                0xa0000a60                _end = .
                0xa0000a60                _bss_end = .

.heap           0xa0000a60     0x2000
                0xa0000a60                _heap = .
                0xa0002a60                . = (. + _min_heap_size)
 *fill*         0xa0000a60     0x2000 00

.stack          0xa0002a60      0x400
                0xa0002a60                _splim = .
                0xa0002a60                _SPLIM = .
                0xa0002e60                . = (. + _min_stack_size)
 *fill*         0xa0002a60      0x400 00

.ramfunc        0xa0003000        0x0 load address 0x9d00eb48
                0xa0003000                _ramfunc_begin = .
 *(.ramfunc .ramfunc.*)
                0xa0003000                . = ALIGN (0x4)
                0xa0003000                _ramfunc_end = .
                0x9d00eb48                _ramfunc_image_begin = LOADADDR (.ramfunc)
                0x00000000                _ramfunc_length = SIZEOF (.ramfunc)
                0x00003000                _bmxdkpba_address = (_ramfunc_begin - 0xa0000000)
                0x00008000                _bmxdudba_address = 0x8000
                0x00008000                _bmxdupba_address = 0x8000
                0xa0008000                _stack = (_ramfunc_length > 0x0)?(_ramfunc_begin - 0x4):0xa0008000
                0x00000001                ASSERT (((_min_stack_size + _min_heap_size) <= (_stack - _heap)), Not enough space to allocate both stack and heap.  Reduce heap and/or stack size.)

.pdr            0x00000000     0x1660
 *(.pdr)
 .pdr           0x00000000       0xa0 D:/Electro/Microchip/MPLAB C32/bin/../lib/gcc/pic32mx/3.4.4/../../../../pic32mx/lib/crt0.o
 .pdr           0x000000a0      0x1e0 obj\keyboard_demo.o
 .pdr           0x00000280      0x4a0 obj\usb_host.o
 .pdr           0x00000720       0xe0 obj\usb_host_hid_parser.o
 .pdr           0x00000800      0x200 obj\usb_host_hid.o
 .pdr           0x00000a00      0x220 obj\LCDTerminal.o
 .pdr           0x00000c20      0x1c0 obj\MMB.o
 .pdr           0x00000de0      0x1c0 obj\Primitive.o
 .pdr           0x00000fa0      0x100 obj\DisplayDriver.o
 .pdr           0x000010a0       0x20 D:/Electro/Microchip/MPLAB C32/bin/../lib/gcc/pic32mx/3.4.4/../../../../pic32mx/lib\libc.a(general-exception.o)
 .pdr           0x000010c0       0x20 D:/Electro/Microchip/MPLAB C32/bin/../lib/gcc/pic32mx/3.4.4/../../../../pic32mx/lib\libc.a(malloc.o)
 .pdr           0x000010e0       0x40 D:/Electro/Microchip/MPLAB C32/bin/../lib/gcc/pic32mx/3.4.4/../../../../pic32mx/lib\libc.a(malloc_free.o)
 .pdr           0x00001120       0xa0 D:/Electro/Microchip/MPLAB C32/bin/../lib/gcc/pic32mx/3.4.4/../../../../pic32mx/lib\libc.a(sbrk.o)
 .pdr           0x000011c0       0x20 D:/Electro/Microchip/MPLAB C32/bin/../lib/gcc/pic32mx/3.4.4/../../../../pic32mx/lib\libc.a(default-bootstrap-exception-handler.o)
 .pdr           0x000011e0       0x20 D:/Electro/Microchip/MPLAB C32/bin/../lib/gcc/pic32mx/3.4.4/../../../../pic32mx/lib\libc.a(default-on-reset.o)
 .pdr           0x00001200       0x20 D:/Electro/Microchip/MPLAB C32/bin/../lib/gcc/pic32mx/3.4.4/../../../../pic32mx/lib\libc.a(default-on-bootstrap.o)
 .pdr           0x00001220       0x20 D:/Electro/Microchip/MPLAB C32/bin/../lib/gcc/pic32mx/3.4.4/../../../../pic32mx/lib\libc.a(default-nmi-handler.o)
 .pdr           0x00001240       0x20 D:/Electro/Microchip/MPLAB C32/bin/../lib/gcc/pic32mx/3.4.4/../../../../pic32mx/lib\libc.a(memset.o)
 .pdr           0x00001260      0x2c0 D:/Electro/Microchip/MPLAB C32/bin/../lib/gcc/pic32mx/3.4.4/../../../../pic32mx/lib\libc.a(stubs.o)
 .pdr           0x00001520       0x20 D:/Electro/Microchip/MPLAB C32/bin/../lib/gcc/pic32mx/3.4.4/../../../../pic32mx/lib\libmchp_peripheral.a(open_core_timer_lib.o)
 .pdr           0x00001540       0x20 D:/Electro/Microchip/MPLAB C32/bin/../lib/gcc/pic32mx/3.4.4/../../../../pic32mx/lib\libmchp_peripheral.a(read_core_timer_lib.o)
 .pdr           0x00001560       0x20 D:/Electro/Microchip/MPLAB C32/bin/../lib/gcc/pic32mx/3.4.4/../../../../pic32mx/lib\libmchp_peripheral.a(write_core_timer_lib.o)
 .pdr           0x00001580       0x40 D:/Electro/Microchip/MPLAB C32/bin/../lib/gcc/pic32mx/3.4.4/../../../../pic32mx/lib\libmchp_peripheral_32MX460F512L.a(pcache.o)
 .pdr           0x000015c0       0x20 D:/Electro/Microchip/MPLAB C32/bin/../lib/gcc/pic32mx/3.4.4/../../../../pic32mx/lib\libmchp_peripheral_32MX460F512L.a(int_disable_interrupts_lib.o)
 .pdr           0x000015e0       0x20 D:/Electro/Microchip/MPLAB C32/bin/../lib/gcc/pic32mx/3.4.4/../../../../pic32mx/lib\libmchp_peripheral_32MX460F512L.a(int_restore_interrupts_lib.o)
 .pdr           0x00001600       0x20 D:/Electro/Microchip/MPLAB C32/bin/../lib/gcc/pic32mx/3.4.4/../../../../pic32mx/lib\libmchp_peripheral_32MX460F512L.a(int_enable_mv_int_lib.o)
 .pdr           0x00001620       0x20 D:/Electro/Microchip/MPLAB C32/bin/../lib/gcc/pic32mx/3.4.4/../../../../pic32mx/lib\libmchp_peripheral_32MX460F512L.a(spi_open_spi2_lib_legacy.o)
 .pdr           0x00001640       0x20 D:/Electro/Microchip/MPLAB C32/bin/../lib/gcc/pic32mx/3.4.4/../../../../pic32mx/lib\libmchp_peripheral_32MX460F512L.a(int_enable_interrupts_lib.o)

.reginfo        0x00000000       0x18
 *(.reginfo)
 .reginfo       0x00000000       0x18 D:/Electro/Microchip/MPLAB C32/bin/../lib/gcc/pic32mx/3.4.4/../../../../pic32mx/lib/crt0.o

.stab
 *(.stab)

.stabstr
 *(.stabstr)

.stab.excl
 *(.stab.excl)

.stab.exclstr
 *(.stab.exclstr)

.stab.index
 *(.stab.index)

.stab.indexstr
 *(.stab.indexstr)

.comment        0x00000000      0x9fd
 *(.comment)
 .comment       0x00000000       0x50 obj\usb_config.o
 .comment       0x00000050       0x50 obj\keyboard_demo.o
 .comment       0x000000a0       0x50 obj\usb_host.o
 .comment       0x000000f0       0x50 obj\usb_host_hid_parser.o
 .comment       0x00000140       0x50 obj\usb_host_hid.o
 .comment       0x00000190       0x50 obj\LCDTerminal.o
 .comment       0x000001e0       0x50 obj\MMB.o
 .comment       0x00000230       0x50 obj\Primitive.o
 .comment       0x00000280       0x50 obj\DisplayDriver.o
 .comment       0x000002d0       0x50 obj\LCDTerminalFont.o
 .comment       0x00000320       0x50 D:/Electro/Microchip/MPLAB C32/bin/../lib/gcc/pic32mx/3.4.4/../../../../pic32mx/lib\libc.a(malloc.o)
 .comment       0x00000370       0x50 D:/Electro/Microchip/MPLAB C32/bin/../lib/gcc/pic32mx/3.4.4/../../../../pic32mx/lib\libc.a(malloc_free.o)
 .comment       0x000003c0       0x9e D:/Electro/Microchip/MPLAB C32/bin/../lib/gcc/pic32mx/3.4.4/../../../../pic32mx/lib\libc.a(errno.o)
 .comment       0x0000045e       0x9b D:/Electro/Microchip/MPLAB C32/bin/../lib/gcc/pic32mx/3.4.4/../../../../pic32mx/lib\libc.a(sbrk.o)
 .comment       0x000004f9       0x50 D:/Electro/Microchip/MPLAB C32/bin/../lib/gcc/pic32mx/3.4.4/../../../../pic32mx/lib\libc.a(default-bootstrap-exception-handler.o)
 .comment       0x00000549       0x50 D:/Electro/Microchip/MPLAB C32/bin/../lib/gcc/pic32mx/3.4.4/../../../../pic32mx/lib\libc.a(default-on-reset.o)
 .comment       0x00000599       0x50 D:/Electro/Microchip/MPLAB C32/bin/../lib/gcc/pic32mx/3.4.4/../../../../pic32mx/lib\libc.a(default-on-bootstrap.o)
 .comment       0x000005e9       0x56 D:/Electro/Microchip/MPLAB C32/bin/../lib/gcc/pic32mx/3.4.4/../../../../pic32mx/lib\libc.a(memset.o)
 .comment       0x0000063f       0x9e D:/Electro/Microchip/MPLAB C32/bin/../lib/gcc/pic32mx/3.4.4/../../../../pic32mx/lib\libc.a(stubs.o)
 .comment       0x000006dd       0x50 D:/Electro/Microchip/MPLAB C32/bin/../lib/gcc/pic32mx/3.4.4/../../../../pic32mx/lib\libmchp_peripheral.a(open_core_timer_lib.o)
 .comment       0x0000072d       0x50 D:/Electro/Microchip/MPLAB C32/bin/../lib/gcc/pic32mx/3.4.4/../../../../pic32mx/lib\libmchp_peripheral.a(read_core_timer_lib.o)
 .comment       0x0000077d       0x50 D:/Electro/Microchip/MPLAB C32/bin/../lib/gcc/pic32mx/3.4.4/../../../../pic32mx/lib\libmchp_peripheral.a(write_core_timer_lib.o)
 .comment       0x000007cd       0x50 D:/Electro/Microchip/MPLAB C32/bin/../lib/gcc/pic32mx/3.4.4/../../../../pic32mx/lib\libmchp_peripheral_32MX460F512L.a(pcache.o)
 .comment       0x0000081d       0x50 D:/Electro/Microchip/MPLAB C32/bin/../lib/gcc/pic32mx/3.4.4/../../../../pic32mx/lib\libmchp_peripheral_32MX460F512L.a(int_disable_interrupts_lib.o)
 .comment       0x0000086d       0x50 D:/Electro/Microchip/MPLAB C32/bin/../lib/gcc/pic32mx/3.4.4/../../../../pic32mx/lib\libmchp_peripheral_32MX460F512L.a(int_restore_interrupts_lib.o)
 .comment       0x000008bd       0x50 D:/Electro/Microchip/MPLAB C32/bin/../lib/gcc/pic32mx/3.4.4/../../../../pic32mx/lib\libmchp_peripheral_32MX460F512L.a(int_enable_mv_int_lib.o)
 .comment       0x0000090d       0x50 D:/Electro/Microchip/MPLAB C32/bin/../lib/gcc/pic32mx/3.4.4/../../../../pic32mx/lib\libmchp_peripheral_32MX460F512L.a(spi_open_spi2_lib_legacy.o)
 .comment       0x0000095d       0x50 D:/Electro/Microchip/MPLAB C32/bin/../lib/gcc/pic32mx/3.4.4/../../../../pic32mx/lib\libmchp_peripheral_32MX460F512L.a(spi_brg_tbl_lib_legacy.o)
 .comment       0x000009ad       0x50 D:/Electro/Microchip/MPLAB C32/bin/../lib/gcc/pic32mx/3.4.4/../../../../pic32mx/lib\libmchp_peripheral_32MX460F512L.a(int_enable_interrupts_lib.o)

.debug
 *(.debug)

.line
 *(.line)

.debug_srcinfo
 *(.debug_srcinfo)

.debug_sfnames
 *(.debug_sfnames)

.debug_aranges  0x00000000      0x458
 *(.debug_aranges)
 .debug_aranges
                0x00000000       0x20 obj\keyboard_demo.o
 .debug_aranges
                0x00000020       0x20 obj\usb_host.o
 .debug_aranges
                0x00000040       0x20 obj\usb_host_hid_parser.o
 .debug_aranges
                0x00000060       0x20 obj\usb_host_hid.o
 .debug_aranges
                0x00000080       0x20 obj\LCDTerminal.o
 .debug_aranges
                0x000000a0       0x20 obj\MMB.o
 .debug_aranges
                0x000000c0       0x20 obj\Primitive.o
 .debug_aranges
                0x000000e0       0x20 obj\DisplayDriver.o
 .debug_aranges
                0x00000100       0x28 D:/Electro/Microchip/MPLAB C32/bin/../lib/gcc/pic32mx/3.4.4/../../../../pic32mx/lib\libc.a(malloc.o)
 .debug_aranges
                0x00000128       0x30 D:/Electro/Microchip/MPLAB C32/bin/../lib/gcc/pic32mx/3.4.4/../../../../pic32mx/lib\libc.a(malloc_free.o)
 .debug_aranges
                0x00000158       0x48 D:/Electro/Microchip/MPLAB C32/bin/../lib/gcc/pic32mx/3.4.4/../../../../pic32mx/lib\libc.a(sbrk.o)
 .debug_aranges
                0x000001a0       0x28 D:/Electro/Microchip/MPLAB C32/bin/../lib/gcc/pic32mx/3.4.4/../../../../pic32mx/lib\libc.a(default-bootstrap-exception-handler.o)
 .debug_aranges
                0x000001c8       0x28 D:/Electro/Microchip/MPLAB C32/bin/../lib/gcc/pic32mx/3.4.4/../../../../pic32mx/lib\libc.a(default-on-reset.o)
 .debug_aranges
                0x000001f0       0x28 D:/Electro/Microchip/MPLAB C32/bin/../lib/gcc/pic32mx/3.4.4/../../../../pic32mx/lib\libc.a(default-on-bootstrap.o)
 .debug_aranges
                0x00000218       0xd0 D:/Electro/Microchip/MPLAB C32/bin/../lib/gcc/pic32mx/3.4.4/../../../../pic32mx/lib\libc.a(stubs.o)
 .debug_aranges
                0x000002e8       0x28 D:/Electro/Microchip/MPLAB C32/bin/../lib/gcc/pic32mx/3.4.4/../../../../pic32mx/lib\libmchp_peripheral.a(open_core_timer_lib.o)
 .debug_aranges
                0x00000310       0x28 D:/Electro/Microchip/MPLAB C32/bin/../lib/gcc/pic32mx/3.4.4/../../../../pic32mx/lib\libmchp_peripheral.a(read_core_timer_lib.o)
 .debug_aranges
                0x00000338       0x28 D:/Electro/Microchip/MPLAB C32/bin/../lib/gcc/pic32mx/3.4.4/../../../../pic32mx/lib\libmchp_peripheral.a(write_core_timer_lib.o)
 .debug_aranges
                0x00000360       0x30 D:/Electro/Microchip/MPLAB C32/bin/../lib/gcc/pic32mx/3.4.4/../../../../pic32mx/lib\libmchp_peripheral_32MX460F512L.a(pcache.o)
 .debug_aranges
                0x00000390       0x28 D:/Electro/Microchip/MPLAB C32/bin/../lib/gcc/pic32mx/3.4.4/../../../../pic32mx/lib\libmchp_peripheral_32MX460F512L.a(int_disable_interrupts_lib.o)
 .debug_aranges
                0x000003b8       0x28 D:/Electro/Microchip/MPLAB C32/bin/../lib/gcc/pic32mx/3.4.4/../../../../pic32mx/lib\libmchp_peripheral_32MX460F512L.a(int_restore_interrupts_lib.o)
 .debug_aranges
                0x000003e0       0x28 D:/Electro/Microchip/MPLAB C32/bin/../lib/gcc/pic32mx/3.4.4/../../../../pic32mx/lib\libmchp_peripheral_32MX460F512L.a(int_enable_mv_int_lib.o)
 .debug_aranges
                0x00000408       0x28 D:/Electro/Microchip/MPLAB C32/bin/../lib/gcc/pic32mx/3.4.4/../../../../pic32mx/lib\libmchp_peripheral_32MX460F512L.a(spi_open_spi2_lib_legacy.o)
 .debug_aranges
                0x00000430       0x28 D:/Electro/Microchip/MPLAB C32/bin/../lib/gcc/pic32mx/3.4.4/../../../../pic32mx/lib\libmchp_peripheral_32MX460F512L.a(int_enable_interrupts_lib.o)

.debug_pubnames
                0x00000000     0x13a9
 *(.debug_pubnames)
 .debug_pubnames
                0x00000000       0x33 obj\usb_config.o
 .debug_pubnames
                0x00000033      0x347 obj\keyboard_demo.o
 .debug_pubnames
                0x0000037a      0x3e6 obj\usb_host.o
 .debug_pubnames
                0x00000760       0x7c obj\usb_host_hid_parser.o
 .debug_pubnames
                0x000007dc      0x1e7 obj\usb_host_hid.o
 .debug_pubnames
                0x000009c3      0x126 obj\LCDTerminal.o
 .debug_pubnames
                0x00000ae9       0xfa obj\MMB.o
 .debug_pubnames
                0x00000be3      0x15f obj\Primitive.o
 .debug_pubnames
                0x00000d42       0xc8 obj\DisplayDriver.o
 .debug_pubnames
                0x00000e0a       0x2d obj\LCDTerminalFont.o
 .debug_pubnames
                0x00000e37       0x1d D:/Electro/Microchip/MPLAB C32/bin/../lib/gcc/pic32mx/3.4.4/../../../../pic32mx/lib\libc.a(malloc.o)
 .debug_pubnames
                0x00000e54       0x2b D:/Electro/Microchip/MPLAB C32/bin/../lib/gcc/pic32mx/3.4.4/../../../../pic32mx/lib\libc.a(malloc_free.o)
 .debug_pubnames
                0x00000e7f       0x5c D:/Electro/Microchip/MPLAB C32/bin/../lib/gcc/pic32mx/3.4.4/../../../../pic32mx/lib\libc.a(sbrk.o)
 .debug_pubnames
                0x00000edb       0x33 D:/Electro/Microchip/MPLAB C32/bin/../lib/gcc/pic32mx/3.4.4/../../../../pic32mx/lib\libc.a(default-bootstrap-exception-handler.o)
 .debug_pubnames
                0x00000f0e       0x20 D:/Electro/Microchip/MPLAB C32/bin/../lib/gcc/pic32mx/3.4.4/../../../../pic32mx/lib\libc.a(default-on-reset.o)
 .debug_pubnames
                0x00000f2e       0x24 D:/Electro/Microchip/MPLAB C32/bin/../lib/gcc/pic32mx/3.4.4/../../../../pic32mx/lib\libc.a(default-on-bootstrap.o)
 .debug_pubnames
                0x00000f52      0x2da D:/Electro/Microchip/MPLAB C32/bin/../lib/gcc/pic32mx/3.4.4/../../../../pic32mx/lib\libc.a(stubs.o)
 .debug_pubnames
                0x0000122c       0x24 D:/Electro/Microchip/MPLAB C32/bin/../lib/gcc/pic32mx/3.4.4/../../../../pic32mx/lib\libmchp_peripheral.a(open_core_timer_lib.o)
 .debug_pubnames
                0x00001250       0x24 D:/Electro/Microchip/MPLAB C32/bin/../lib/gcc/pic32mx/3.4.4/../../../../pic32mx/lib\libmchp_peripheral.a(read_core_timer_lib.o)
 .debug_pubnames
                0x00001274       0x25 D:/Electro/Microchip/MPLAB C32/bin/../lib/gcc/pic32mx/3.4.4/../../../../pic32mx/lib\libmchp_peripheral.a(write_core_timer_lib.o)
 .debug_pubnames
                0x00001299       0x3b D:/Electro/Microchip/MPLAB C32/bin/../lib/gcc/pic32mx/3.4.4/../../../../pic32mx/lib\libmchp_peripheral_32MX460F512L.a(pcache.o)
 .debug_pubnames
                0x000012d4       0x2b D:/Electro/Microchip/MPLAB C32/bin/../lib/gcc/pic32mx/3.4.4/../../../../pic32mx/lib\libmchp_peripheral_32MX460F512L.a(int_disable_interrupts_lib.o)
 .debug_pubnames
                0x000012ff       0x2b D:/Electro/Microchip/MPLAB C32/bin/../lib/gcc/pic32mx/3.4.4/../../../../pic32mx/lib\libmchp_peripheral_32MX460F512L.a(int_restore_interrupts_lib.o)
 .debug_pubnames
                0x0000132a       0x36 D:/Electro/Microchip/MPLAB C32/bin/../lib/gcc/pic32mx/3.4.4/../../../../pic32mx/lib\libmchp_peripheral_32MX460F512L.a(int_enable_mv_int_lib.o)
 .debug_pubnames
                0x00001360       0x1f D:/Electro/Microchip/MPLAB C32/bin/../lib/gcc/pic32mx/3.4.4/../../../../pic32mx/lib\libmchp_peripheral_32MX460F512L.a(spi_open_spi2_lib_legacy.o)
 .debug_pubnames
                0x0000137f       0x2a D:/Electro/Microchip/MPLAB C32/bin/../lib/gcc/pic32mx/3.4.4/../../../../pic32mx/lib\libmchp_peripheral_32MX460F512L.a(int_enable_interrupts_lib.o)

.debug_info     0x00000000     0x9399
 *(.debug_info .gnu.linkonce.wi.*)
 .debug_info    0x00000000      0x69f obj\usb_config.o
 .debug_info    0x0000069f     0x12c5 obj\keyboard_demo.o
 .debug_info    0x00001964     0x1d7c obj\usb_host.o
 .debug_info    0x000036e0      0xf2f obj\usb_host_hid_parser.o
 .debug_info    0x0000460f     0x15dc obj\usb_host_hid.o
 .debug_info    0x00005beb      0x75b obj\LCDTerminal.o
 .debug_info    0x00006346      0xcf0 obj\MMB.o
 .debug_info    0x00007036     0x1189 obj\Primitive.o
 .debug_info    0x000081bf      0x836 obj\DisplayDriver.o
 .debug_info    0x000089f5      0x4ba obj\LCDTerminalFont.o
 .debug_info    0x00008eaf       0x31 D:/Electro/Microchip/MPLAB C32/bin/../lib/gcc/pic32mx/3.4.4/../../../../pic32mx/lib\libc.a(malloc.o)
 .debug_info    0x00008ee0       0x44 D:/Electro/Microchip/MPLAB C32/bin/../lib/gcc/pic32mx/3.4.4/../../../../pic32mx/lib\libc.a(malloc_free.o)
 .debug_info    0x00008f24       0x79 D:/Electro/Microchip/MPLAB C32/bin/../lib/gcc/pic32mx/3.4.4/../../../../pic32mx/lib\libc.a(sbrk.o)
 .debug_info    0x00008f9d       0x30 D:/Electro/Microchip/MPLAB C32/bin/../lib/gcc/pic32mx/3.4.4/../../../../pic32mx/lib\libc.a(default-bootstrap-exception-handler.o)
 .debug_info    0x00008fcd       0x30 D:/Electro/Microchip/MPLAB C32/bin/../lib/gcc/pic32mx/3.4.4/../../../../pic32mx/lib\libc.a(default-on-reset.o)
 .debug_info    0x00008ffd       0x30 D:/Electro/Microchip/MPLAB C32/bin/../lib/gcc/pic32mx/3.4.4/../../../../pic32mx/lib\libc.a(default-on-bootstrap.o)
 .debug_info    0x0000902d      0x1aa D:/Electro/Microchip/MPLAB C32/bin/../lib/gcc/pic32mx/3.4.4/../../../../pic32mx/lib\libc.a(stubs.o)
 .debug_info    0x000091d7       0x30 D:/Electro/Microchip/MPLAB C32/bin/../lib/gcc/pic32mx/3.4.4/../../../../pic32mx/lib\libmchp_peripheral.a(open_core_timer_lib.o)
 .debug_info    0x00009207       0x30 D:/Electro/Microchip/MPLAB C32/bin/../lib/gcc/pic32mx/3.4.4/../../../../pic32mx/lib\libmchp_peripheral.a(read_core_timer_lib.o)
 .debug_info    0x00009237       0x30 D:/Electro/Microchip/MPLAB C32/bin/../lib/gcc/pic32mx/3.4.4/../../../../pic32mx/lib\libmchp_peripheral.a(write_core_timer_lib.o)
 .debug_info    0x00009267       0x42 D:/Electro/Microchip/MPLAB C32/bin/../lib/gcc/pic32mx/3.4.4/../../../../pic32mx/lib\libmchp_peripheral_32MX460F512L.a(pcache.o)
 .debug_info    0x000092a9       0x30 D:/Electro/Microchip/MPLAB C32/bin/../lib/gcc/pic32mx/3.4.4/../../../../pic32mx/lib\libmchp_peripheral_32MX460F512L.a(int_disable_interrupts_lib.o)
 .debug_info    0x000092d9       0x30 D:/Electro/Microchip/MPLAB C32/bin/../lib/gcc/pic32mx/3.4.4/../../../../pic32mx/lib\libmchp_peripheral_32MX460F512L.a(int_restore_interrupts_lib.o)
 .debug_info    0x00009309       0x30 D:/Electro/Microchip/MPLAB C32/bin/../lib/gcc/pic32mx/3.4.4/../../../../pic32mx/lib\libmchp_peripheral_32MX460F512L.a(int_enable_mv_int_lib.o)
 .debug_info    0x00009339       0x30 D:/Electro/Microchip/MPLAB C32/bin/../lib/gcc/pic32mx/3.4.4/../../../../pic32mx/lib\libmchp_peripheral_32MX460F512L.a(spi_open_spi2_lib_legacy.o)
 .debug_info    0x00009369       0x30 D:/Electro/Microchip/MPLAB C32/bin/../lib/gcc/pic32mx/3.4.4/../../../../pic32mx/lib\libmchp_peripheral_32MX460F512L.a(int_enable_interrupts_lib.o)

.debug_abbrev   0x00000000     0x1913
 *(.debug_abbrev)
 .debug_abbrev  0x00000000      0x1d7 obj\usb_config.o
 .debug_abbrev  0x000001d7      0x252 obj\keyboard_demo.o
 .debug_abbrev  0x00000429      0x2cc obj\usb_host.o
 .debug_abbrev  0x000006f5      0x2a3 obj\usb_host_hid_parser.o
 .debug_abbrev  0x00000998      0x244 obj\usb_host_hid.o
 .debug_abbrev  0x00000bdc      0x1db obj\LCDTerminal.o
 .debug_abbrev  0x00000db7      0x2d5 obj\MMB.o
 .debug_abbrev  0x0000108c      0x296 obj\Primitive.o
 .debug_abbrev  0x00001322      0x248 obj\DisplayDriver.o
 .debug_abbrev  0x0000156a      0x164 obj\LCDTerminalFont.o
 .debug_abbrev  0x000016ce       0x23 D:/Electro/Microchip/MPLAB C32/bin/../lib/gcc/pic32mx/3.4.4/../../../../pic32mx/lib\libc.a(malloc.o)
 .debug_abbrev  0x000016f1       0x23 D:/Electro/Microchip/MPLAB C32/bin/../lib/gcc/pic32mx/3.4.4/../../../../pic32mx/lib\libc.a(malloc_free.o)
 .debug_abbrev  0x00001714        0x1 D:/Electro/Microchip/MPLAB C32/bin/../lib/gcc/pic32mx/3.4.4/../../../../pic32mx/lib\libc.a(errno.o)
 .debug_abbrev  0x00001715       0x36 D:/Electro/Microchip/MPLAB C32/bin/../lib/gcc/pic32mx/3.4.4/../../../../pic32mx/lib\libc.a(sbrk.o)
 .debug_abbrev  0x0000174b       0x23 D:/Electro/Microchip/MPLAB C32/bin/../lib/gcc/pic32mx/3.4.4/../../../../pic32mx/lib\libc.a(default-bootstrap-exception-handler.o)
 .debug_abbrev  0x0000176e       0x23 D:/Electro/Microchip/MPLAB C32/bin/../lib/gcc/pic32mx/3.4.4/../../../../pic32mx/lib\libc.a(default-on-reset.o)
 .debug_abbrev  0x00001791       0x23 D:/Electro/Microchip/MPLAB C32/bin/../lib/gcc/pic32mx/3.4.4/../../../../pic32mx/lib\libc.a(default-on-bootstrap.o)
 .debug_abbrev  0x000017b4       0x23 D:/Electro/Microchip/MPLAB C32/bin/../lib/gcc/pic32mx/3.4.4/../../../../pic32mx/lib\libc.a(stubs.o)
 .debug_abbrev  0x000017d7       0x23 D:/Electro/Microchip/MPLAB C32/bin/../lib/gcc/pic32mx/3.4.4/../../../../pic32mx/lib\libmchp_peripheral.a(open_core_timer_lib.o)
 .debug_abbrev  0x000017fa       0x23 D:/Electro/Microchip/MPLAB C32/bin/../lib/gcc/pic32mx/3.4.4/../../../../pic32mx/lib\libmchp_peripheral.a(read_core_timer_lib.o)
 .debug_abbrev  0x0000181d       0x23 D:/Electro/Microchip/MPLAB C32/bin/../lib/gcc/pic32mx/3.4.4/../../../../pic32mx/lib\libmchp_peripheral.a(write_core_timer_lib.o)
 .debug_abbrev  0x00001840       0x23 D:/Electro/Microchip/MPLAB C32/bin/../lib/gcc/pic32mx/3.4.4/../../../../pic32mx/lib\libmchp_peripheral_32MX460F512L.a(pcache.o)
 .debug_abbrev  0x00001863       0x23 D:/Electro/Microchip/MPLAB C32/bin/../lib/gcc/pic32mx/3.4.4/../../../../pic32mx/lib\libmchp_peripheral_32MX460F512L.a(int_disable_interrupts_lib.o)
 .debug_abbrev  0x00001886       0x23 D:/Electro/Microchip/MPLAB C32/bin/../lib/gcc/pic32mx/3.4.4/../../../../pic32mx/lib\libmchp_peripheral_32MX460F512L.a(int_restore_interrupts_lib.o)
 .debug_abbrev  0x000018a9       0x23 D:/Electro/Microchip/MPLAB C32/bin/../lib/gcc/pic32mx/3.4.4/../../../../pic32mx/lib\libmchp_peripheral_32MX460F512L.a(int_enable_mv_int_lib.o)
 .debug_abbrev  0x000018cc       0x23 D:/Electro/Microchip/MPLAB C32/bin/../lib/gcc/pic32mx/3.4.4/../../../../pic32mx/lib\libmchp_peripheral_32MX460F512L.a(spi_open_spi2_lib_legacy.o)
 .debug_abbrev  0x000018ef        0x1 D:/Electro/Microchip/MPLAB C32/bin/../lib/gcc/pic32mx/3.4.4/../../../../pic32mx/lib\libmchp_peripheral_32MX460F512L.a(spi_brg_tbl_lib_legacy.o)
 .debug_abbrev  0x000018f0       0x23 D:/Electro/Microchip/MPLAB C32/bin/../lib/gcc/pic32mx/3.4.4/../../../../pic32mx/lib\libmchp_peripheral_32MX460F512L.a(int_enable_interrupts_lib.o)

.debug_line     0x00000000     0x2dd8
 *(.debug_line)
 .debug_line    0x00000000      0x16e obj\usb_config.o
 .debug_line    0x0000016e      0x389 obj\keyboard_demo.o
 .debug_line    0x000004f7      0x94e obj\usb_host.o
 .debug_line    0x00000e45      0x3d3 obj\usb_host_hid_parser.o
 .debug_line    0x00001218      0x4d7 obj\usb_host_hid.o
 .debug_line    0x000016ef      0x23a obj\LCDTerminal.o
 .debug_line    0x00001929      0x30e obj\MMB.o
 .debug_line    0x00001c37      0x44b obj\Primitive.o
 .debug_line    0x00002082      0x26c obj\DisplayDriver.o
 .debug_line    0x000022ee      0x19c obj\LCDTerminalFont.o
 .debug_line    0x0000248a       0x7f D:/Electro/Microchip/MPLAB C32/bin/../lib/gcc/pic32mx/3.4.4/../../../../pic32mx/lib\libc.a(malloc.o)
 .debug_line    0x00002509       0x84 D:/Electro/Microchip/MPLAB C32/bin/../lib/gcc/pic32mx/3.4.4/../../../../pic32mx/lib\libc.a(malloc_free.o)
 .debug_line    0x0000258d       0x7f D:/Electro/Microchip/MPLAB C32/bin/../lib/gcc/pic32mx/3.4.4/../../../../pic32mx/lib\libc.a(sbrk.o)
 .debug_line    0x0000260c       0x9e D:/Electro/Microchip/MPLAB C32/bin/../lib/gcc/pic32mx/3.4.4/../../../../pic32mx/lib\libc.a(default-bootstrap-exception-handler.o)
 .debug_line    0x000026aa       0x8b D:/Electro/Microchip/MPLAB C32/bin/../lib/gcc/pic32mx/3.4.4/../../../../pic32mx/lib\libc.a(default-on-reset.o)
 .debug_line    0x00002735       0x8f D:/Electro/Microchip/MPLAB C32/bin/../lib/gcc/pic32mx/3.4.4/../../../../pic32mx/lib\libc.a(default-on-bootstrap.o)
 .debug_line    0x000027c4       0x80 D:/Electro/Microchip/MPLAB C32/bin/../lib/gcc/pic32mx/3.4.4/../../../../pic32mx/lib\libc.a(stubs.o)
 .debug_line    0x00002844       0x9e D:/Electro/Microchip/MPLAB C32/bin/../lib/gcc/pic32mx/3.4.4/../../../../pic32mx/lib\libmchp_peripheral.a(open_core_timer_lib.o)
 .debug_line    0x000028e2       0x9e D:/Electro/Microchip/MPLAB C32/bin/../lib/gcc/pic32mx/3.4.4/../../../../pic32mx/lib\libmchp_peripheral.a(read_core_timer_lib.o)
 .debug_line    0x00002980       0x9f D:/Electro/Microchip/MPLAB C32/bin/../lib/gcc/pic32mx/3.4.4/../../../../pic32mx/lib\libmchp_peripheral.a(write_core_timer_lib.o)
 .debug_line    0x00002a1f       0x92 D:/Electro/Microchip/MPLAB C32/bin/../lib/gcc/pic32mx/3.4.4/../../../../pic32mx/lib\libmchp_peripheral_32MX460F512L.a(pcache.o)
 .debug_line    0x00002ab1       0xa3 D:/Electro/Microchip/MPLAB C32/bin/../lib/gcc/pic32mx/3.4.4/../../../../pic32mx/lib\libmchp_peripheral_32MX460F512L.a(int_disable_interrupts_lib.o)
 .debug_line    0x00002b54       0xa3 D:/Electro/Microchip/MPLAB C32/bin/../lib/gcc/pic32mx/3.4.4/../../../../pic32mx/lib\libmchp_peripheral_32MX460F512L.a(int_restore_interrupts_lib.o)
 .debug_line    0x00002bf7       0x9e D:/Electro/Microchip/MPLAB C32/bin/../lib/gcc/pic32mx/3.4.4/../../../../pic32mx/lib\libmchp_peripheral_32MX460F512L.a(int_enable_mv_int_lib.o)
 .debug_line    0x00002c95       0xa1 D:/Electro/Microchip/MPLAB C32/bin/../lib/gcc/pic32mx/3.4.4/../../../../pic32mx/lib\libmchp_peripheral_32MX460F512L.a(spi_open_spi2_lib_legacy.o)
 .debug_line    0x00002d36       0xa2 D:/Electro/Microchip/MPLAB C32/bin/../lib/gcc/pic32mx/3.4.4/../../../../pic32mx/lib\libmchp_peripheral_32MX460F512L.a(int_enable_interrupts_lib.o)

.debug_frame    0x00000000     0x1184
 *(.debug_frame)
 .debug_frame   0x00000000      0x160 obj\keyboard_demo.o
 .debug_frame   0x00000160      0x3a8 obj\usb_host.o
 .debug_frame   0x00000508       0x98 obj\usb_host_hid_parser.o
 .debug_frame   0x000005a0      0x1f8 obj\usb_host_hid.o
 .debug_frame   0x00000798      0x180 obj\LCDTerminal.o
 .debug_frame   0x00000918      0x18c obj\MMB.o
 .debug_frame   0x00000aa4      0x1dc obj\Primitive.o
 .debug_frame   0x00000c80       0xd0 obj\DisplayDriver.o
 .debug_frame   0x00000d50       0x44 D:/Electro/Microchip/MPLAB C32/bin/../lib/gcc/pic32mx/3.4.4/../../../../pic32mx/lib\libc.a(malloc.o)
 .debug_frame   0x00000d94       0x40 D:/Electro/Microchip/MPLAB C32/bin/../lib/gcc/pic32mx/3.4.4/../../../../pic32mx/lib\libc.a(malloc_free.o)
 .debug_frame   0x00000dd4       0xa0 D:/Electro/Microchip/MPLAB C32/bin/../lib/gcc/pic32mx/3.4.4/../../../../pic32mx/lib\libc.a(sbrk.o)
 .debug_frame   0x00000e74       0x20 D:/Electro/Microchip/MPLAB C32/bin/../lib/gcc/pic32mx/3.4.4/../../../../pic32mx/lib\libc.a(default-bootstrap-exception-handler.o)
 .debug_frame   0x00000e94       0x20 D:/Electro/Microchip/MPLAB C32/bin/../lib/gcc/pic32mx/3.4.4/../../../../pic32mx/lib\libc.a(default-on-reset.o)
 .debug_frame   0x00000eb4       0x20 D:/Electro/Microchip/MPLAB C32/bin/../lib/gcc/pic32mx/3.4.4/../../../../pic32mx/lib\libc.a(default-on-bootstrap.o)
 .debug_frame   0x00000ed4      0x178 D:/Electro/Microchip/MPLAB C32/bin/../lib/gcc/pic32mx/3.4.4/../../../../pic32mx/lib\libc.a(stubs.o)
 .debug_frame   0x0000104c       0x20 D:/Electro/Microchip/MPLAB C32/bin/../lib/gcc/pic32mx/3.4.4/../../../../pic32mx/lib\libmchp_peripheral.a(open_core_timer_lib.o)
 .debug_frame   0x0000106c       0x20 D:/Electro/Microchip/MPLAB C32/bin/../lib/gcc/pic32mx/3.4.4/../../../../pic32mx/lib\libmchp_peripheral.a(read_core_timer_lib.o)
 .debug_frame   0x0000108c       0x20 D:/Electro/Microchip/MPLAB C32/bin/../lib/gcc/pic32mx/3.4.4/../../../../pic32mx/lib\libmchp_peripheral.a(write_core_timer_lib.o)
 .debug_frame   0x000010ac       0x30 D:/Electro/Microchip/MPLAB C32/bin/../lib/gcc/pic32mx/3.4.4/../../../../pic32mx/lib\libmchp_peripheral_32MX460F512L.a(pcache.o)
 .debug_frame   0x000010dc       0x20 D:/Electro/Microchip/MPLAB C32/bin/../lib/gcc/pic32mx/3.4.4/../../../../pic32mx/lib\libmchp_peripheral_32MX460F512L.a(int_disable_interrupts_lib.o)
 .debug_frame   0x000010fc       0x20 D:/Electro/Microchip/MPLAB C32/bin/../lib/gcc/pic32mx/3.4.4/../../../../pic32mx/lib\libmchp_peripheral_32MX460F512L.a(int_restore_interrupts_lib.o)
 .debug_frame   0x0000111c       0x28 D:/Electro/Microchip/MPLAB C32/bin/../lib/gcc/pic32mx/3.4.4/../../../../pic32mx/lib\libmchp_peripheral_32MX460F512L.a(int_enable_mv_int_lib.o)
 .debug_frame   0x00001144       0x20 D:/Electro/Microchip/MPLAB C32/bin/../lib/gcc/pic32mx/3.4.4/../../../../pic32mx/lib\libmchp_peripheral_32MX460F512L.a(spi_open_spi2_lib_legacy.o)
 .debug_frame   0x00001164       0x20 D:/Electro/Microchip/MPLAB C32/bin/../lib/gcc/pic32mx/3.4.4/../../../../pic32mx/lib\libmchp_peripheral_32MX460F512L.a(int_enable_interrupts_lib.o)

.debug_str      0x00000000     0x399c
 *(.debug_str)
 .debug_str     0x00000000      0x594 obj\usb_config.o
                                0x638 (size before relaxing)
 .debug_str     0x00000594      0x9b6 obj\keyboard_demo.o
                               0x102e (size before relaxing)
 .debug_str     0x00000f4a      0xca8 obj\usb_host.o
                               0x140d (size before relaxing)
 .debug_str     0x00001bf2      0x46a obj\usb_host_hid_parser.o
                                0xd11 (size before relaxing)
 .debug_str     0x0000205c      0x3f8 obj\usb_host_hid.o
                               0x122d (size before relaxing)
 .debug_str     0x00002454      0x16b obj\LCDTerminal.o
                                0x4a3 (size before relaxing)
 .debug_str     0x000025bf      0x420 obj\MMB.o
                                0x757 (size before relaxing)
 .debug_str     0x000029df      0x2c3 obj\Primitive.o
                                0x65c (size before relaxing)
 .debug_str     0x00002ca2      0x191 obj\DisplayDriver.o
                                0x569 (size before relaxing)
 .debug_str     0x00002e33       0x4a obj\LCDTerminalFont.o
                                0x3ad (size before relaxing)
 .debug_str     0x00002e7d       0x69 D:/Electro/Microchip/MPLAB C32/bin/../lib/gcc/pic32mx/3.4.4/../../../../pic32mx/lib\libc.a(malloc.o)
                                 0xb3 (size before relaxing)
 .debug_str     0x00002ee6       0x78 D:/Electro/Microchip/MPLAB C32/bin/../lib/gcc/pic32mx/3.4.4/../../../../pic32mx/lib\libc.a(malloc_free.o)
                                 0xc2 (size before relaxing)
 .debug_str     0x00002f5e       0x93 D:/Electro/Microchip/MPLAB C32/bin/../lib/gcc/pic32mx/3.4.4/../../../../pic32mx/lib\libc.a(sbrk.o)
                                 0xe2 (size before relaxing)
 .debug_str     0x00002ff1       0x9e D:/Electro/Microchip/MPLAB C32/bin/../lib/gcc/pic32mx/3.4.4/../../../../pic32mx/lib\libc.a(default-bootstrap-exception-handler.o)
                                 0xe8 (size before relaxing)
 .debug_str     0x0000308f       0x78 D:/Electro/Microchip/MPLAB C32/bin/../lib/gcc/pic32mx/3.4.4/../../../../pic32mx/lib\libc.a(default-on-reset.o)
                                 0xc2 (size before relaxing)
 .debug_str     0x00003107       0x80 D:/Electro/Microchip/MPLAB C32/bin/../lib/gcc/pic32mx/3.4.4/../../../../pic32mx/lib\libc.a(default-on-bootstrap.o)
                                 0xca (size before relaxing)
 .debug_str     0x00003187      0x2d3 D:/Electro/Microchip/MPLAB C32/bin/../lib/gcc/pic32mx/3.4.4/../../../../pic32mx/lib\libc.a(stubs.o)
                                0x31d (size before relaxing)
 .debug_str     0x0000345a       0x8f D:/Electro/Microchip/MPLAB C32/bin/../lib/gcc/pic32mx/3.4.4/../../../../pic32mx/lib\libmchp_peripheral.a(open_core_timer_lib.o)
                                 0xd9 (size before relaxing)
 .debug_str     0x000034e9       0x8f D:/Electro/Microchip/MPLAB C32/bin/../lib/gcc/pic32mx/3.4.4/../../../../pic32mx/lib\libmchp_peripheral.a(read_core_timer_lib.o)
                                 0xd9 (size before relaxing)
 .debug_str     0x00003578       0x91 D:/Electro/Microchip/MPLAB C32/bin/../lib/gcc/pic32mx/3.4.4/../../../../pic32mx/lib\libmchp_peripheral.a(write_core_timer_lib.o)
                                 0xdb (size before relaxing)
 .debug_str     0x00003609       0x96 D:/Electro/Microchip/MPLAB C32/bin/../lib/gcc/pic32mx/3.4.4/../../../../pic32mx/lib\libmchp_peripheral_32MX460F512L.a(pcache.o)
                                 0xe0 (size before relaxing)
 .debug_str     0x0000369f       0x9b D:/Electro/Microchip/MPLAB C32/bin/../lib/gcc/pic32mx/3.4.4/../../../../pic32mx/lib\libmchp_peripheral_32MX460F512L.a(int_disable_interrupts_lib.o)
                                 0xe5 (size before relaxing)
 .debug_str     0x0000373a       0x9b D:/Electro/Microchip/MPLAB C32/bin/../lib/gcc/pic32mx/3.4.4/../../../../pic32mx/lib\libmchp_peripheral_32MX460F512L.a(int_restore_interrupts_lib.o)
                                 0xe5 (size before relaxing)
 .debug_str     0x000037d5       0xa1 D:/Electro/Microchip/MPLAB C32/bin/../lib/gcc/pic32mx/3.4.4/../../../../pic32mx/lib\libmchp_peripheral_32MX460F512L.a(int_enable_mv_int_lib.o)
                                 0xeb (size before relaxing)
 .debug_str     0x00003876       0x8d D:/Electro/Microchip/MPLAB C32/bin/../lib/gcc/pic32mx/3.4.4/../../../../pic32mx/lib\libmchp_peripheral_32MX460F512L.a(spi_open_spi2_lib_legacy.o)
                                 0xd7 (size before relaxing)
 .debug_str     0x00003903       0x99 D:/Electro/Microchip/MPLAB C32/bin/../lib/gcc/pic32mx/3.4.4/../../../../pic32mx/lib\libmchp_peripheral_32MX460F512L.a(int_enable_interrupts_lib.o)
                                 0xe3 (size before relaxing)

.debug_loc
 *(.debug_loc)

.debug_macinfo
 *(.debug_macinfo)

.debug_weaknames
 *(.debug_weaknames)

.debug_funcnames
 *(.debug_funcnames)

.debug_typenames
 *(.debug_typenames)

.debug_varnames
 *(.debug_varnames)

/DISCARD/
 *(.note.GNU-stack)
OUTPUT(bin\USB Host - HID - Keyboard - C32.elf elf32-tradlittlemips)

.mdebug.abi32   0x9d00eb48        0x0

.rel.dyn        0x9d00eb48        0x0
