Archive member included because of file (symbol)

D:/Electro/Microchip/MPLAB C32/bin/../lib/gcc/pic32mx/3.4.4/../../../../pic32mx/lib/size\libc.a(general-exception.o)
                              D:/Electro/Microchip/MPLAB C32/bin/../lib/gcc/pic32mx/3.4.4/../../../../pic32mx/lib/size/crt0.o (_general_exception_context)
D:/Electro/Microchip/MPLAB C32/bin/../lib/gcc/pic32mx/3.4.4/../../../../pic32mx/lib/size\libc.a(sprintf.o)
                              Objects\MainDemo.o (sprintf)
D:/Electro/Microchip/MPLAB C32/bin/../lib/gcc/pic32mx/3.4.4/../../../../pic32mx/lib/size\libc.a(__vsnprintf.o)
                              D:/Electro/Microchip/MPLAB C32/bin/../lib/gcc/pic32mx/3.4.4/../../../../pic32mx/lib/size\libc.a(sprintf.o) (__vsnprintf)
D:/Electro/Microchip/MPLAB C32/bin/../lib/gcc/pic32mx/3.4.4/../../../../pic32mx/lib/size\libc.a(isprintf.o)
                              Objects\MainDemo.o (_isprintf)
D:/Electro/Microchip/MPLAB C32/bin/../lib/gcc/pic32mx/3.4.4/../../../../pic32mx/lib/size\libc.a(__ivsnprintf.o)
                              D:/Electro/Microchip/MPLAB C32/bin/../lib/gcc/pic32mx/3.4.4/../../../../pic32mx/lib/size\libc.a(isprintf.o) (__ivsnprintf)
D:/Electro/Microchip/MPLAB C32/bin/../lib/gcc/pic32mx/3.4.4/../../../../pic32mx/lib/size\libc.a(default-bootstrap-exception-handler.o)
                              D:/Electro/Microchip/MPLAB C32/bin/../lib/gcc/pic32mx/3.4.4/../../../../pic32mx/lib/size/crt0.o (_bootstrap_exception_handler)
D:/Electro/Microchip/MPLAB C32/bin/../lib/gcc/pic32mx/3.4.4/../../../../pic32mx/lib/size\libc.a(default-on-reset.o)
                              D:/Electro/Microchip/MPLAB C32/bin/../lib/gcc/pic32mx/3.4.4/../../../../pic32mx/lib/size/crt0.o (_on_reset)
D:/Electro/Microchip/MPLAB C32/bin/../lib/gcc/pic32mx/3.4.4/../../../../pic32mx/lib/size\libc.a(default-on-bootstrap.o)
                              D:/Electro/Microchip/MPLAB C32/bin/../lib/gcc/pic32mx/3.4.4/../../../../pic32mx/lib/size/crt0.o (_on_bootstrap)
D:/Electro/Microchip/MPLAB C32/bin/../lib/gcc/pic32mx/3.4.4/../../../../pic32mx/lib/size\libc.a(default-nmi-handler.o)
                              D:/Electro/Microchip/MPLAB C32/bin/../lib/gcc/pic32mx/3.4.4/../../../../pic32mx/lib/size/crt0.o (_nmi_handler)
D:/Electro/Microchip/MPLAB C32/bin/../lib/gcc/pic32mx/3.4.4/../../../../pic32mx/lib/size\libc.a(_doprnt.o)
                              D:/Electro/Microchip/MPLAB C32/bin/../lib/gcc/pic32mx/3.4.4/../../../../pic32mx/lib/size\libc.a(__vsnprintf.o) (vfprintf)
D:/Electro/Microchip/MPLAB C32/bin/../lib/gcc/pic32mx/3.4.4/../../../../pic32mx/lib/size\libc.a(_iobstring.o)
                              D:/Electro/Microchip/MPLAB C32/bin/../lib/gcc/pic32mx/3.4.4/../../../../pic32mx/lib/size\libc.a(__vsnprintf.o) (_io_strfuncs)
D:/Electro/Microchip/MPLAB C32/bin/../lib/gcc/pic32mx/3.4.4/../../../../pic32mx/lib/size\libc.a(fputc.o)
                              D:/Electro/Microchip/MPLAB C32/bin/../lib/gcc/pic32mx/3.4.4/../../../../pic32mx/lib/size\libc.a(_doprnt.o) (fputc)
D:/Electro/Microchip/MPLAB C32/bin/../lib/gcc/pic32mx/3.4.4/../../../../pic32mx/lib/size\libc.a(_idoprnt.o)
                              D:/Electro/Microchip/MPLAB C32/bin/../lib/gcc/pic32mx/3.4.4/../../../../pic32mx/lib/size\libc.a(__ivsnprintf.o) (_ivfprintf)
D:/Electro/Microchip/MPLAB C32/bin/../lib/gcc/pic32mx/3.4.4/../../../../pic32mx/lib/size\libc.a(strlen.o)
                              D:/Electro/Microchip/MPLAB C32/bin/../lib/gcc/pic32mx/3.4.4/../../../../pic32mx/lib/size\libc.a(_doprnt.o) (strlen)
D:/Electro/Microchip/MPLAB C32/bin/../lib/gcc/pic32mx/3.4.4/../../../../pic32mx/lib/size\libc.a(_iobdata.o)
                              D:/Electro/Microchip/MPLAB C32/bin/../lib/gcc/pic32mx/3.4.4/../../../../pic32mx/lib/size\libc.a(fputc.o) (_libc_data)
D:/Electro/Microchip/MPLAB C32/bin/../lib/gcc/pic32mx/3.4.4/../../../../pic32mx/lib/size\libc.a(_iobfuncs.o)
                              D:/Electro/Microchip/MPLAB C32/bin/../lib/gcc/pic32mx/3.4.4/../../../../pic32mx/lib/size\libc.a(_iobdata.o) (_filbuf_simple)
D:/Electro/Microchip/MPLAB C32/bin/../lib/gcc/pic32mx/3.4.4/../../../../pic32mx/lib/size\libc.a(_mon_getc.o)
                              D:/Electro/Microchip/MPLAB C32/bin/../lib/gcc/pic32mx/3.4.4/../../../../pic32mx/lib/size\libc.a(_iobfuncs.o) (_mon_getc)
D:/Electro/Microchip/MPLAB C32/bin/../lib/gcc/pic32mx/3.4.4/../../../../pic32mx/lib/size\libc.a(_mon_write.o)
                              D:/Electro/Microchip/MPLAB C32/bin/../lib/gcc/pic32mx/3.4.4/../../../../pic32mx/lib/size\libc.a(_iobfuncs.o) (_mon_write)
D:/Electro/Microchip/MPLAB C32/bin/../lib/gcc/pic32mx/3.4.4/../../../../pic32mx/lib/size\libc.a(errno.o)
                              D:/Electro/Microchip/MPLAB C32/bin/../lib/gcc/pic32mx/3.4.4/../../../../pic32mx/lib/size\libc.a(_iobfuncs.o) (errno)
D:/Electro/Microchip/MPLAB C32/bin/../lib/gcc/pic32mx/3.4.4/../../../../pic32mx/lib/size\libc.a(_mon_putc.o)
                              D:/Electro/Microchip/MPLAB C32/bin/../lib/gcc/pic32mx/3.4.4/../../../../pic32mx/lib/size\libc.a(_mon_write.o) (_mon_putc)
D:/Electro/Microchip/MPLAB C32/bin/../lib/gcc/pic32mx/3.4.4/../../../../pic32mx/lib/size\libm.a(mod32.o)
                              D:/Electro/Microchip/MPLAB C32/bin/../lib/gcc/pic32mx/3.4.4/../../../../pic32mx/lib/size\libc.a(_doprnt.o) (modf)
D:/Electro/Microchip/MPLAB C32/bin/../lib/gcc/pic32mx/3.4.4/../../../../pic32mx/lib/size\libm.a(floor32.o)
                              Objects\MainDemo.o (floor)
D:/Electro/Microchip/MPLAB C32/bin/../lib/gcc/pic32mx/3.4.4/../../../../pic32mx/lib/size\libm.a(dp32.o)
                              Objects\MainDemo.o (dpsub)
D:/Electro/Microchip/MPLAB C32/bin/../lib/gcc/pic32mx/3.4.4/../../../../pic32mx/lib/size\libm.a(fp32.o)
                              Objects\MainDemo.o (fpmul)
D:/Electro/Microchip/MPLAB C32/bin/../lib/gcc/pic32mx/3.4.4/../../../../pic32mx/lib/size\libmchp_peripheral.a(open_core_timer_lib.o)
                              Objects\DisplayDriver.o (OpenCoreTimer)
D:/Electro/Microchip/MPLAB C32/bin/../lib/gcc/pic32mx/3.4.4/../../../../pic32mx/lib/size\libmchp_peripheral.a(read_core_timer_lib.o)
                              Objects\MMB.o (ReadCoreTimer)
D:/Electro/Microchip/MPLAB C32/bin/../lib/gcc/pic32mx/3.4.4/../../../../pic32mx/lib/size\libmchp_peripheral.a(write_core_timer_lib.o)
                              Objects\MMB.o (WriteCoreTimer)
D:/Electro/Microchip/MPLAB C32/bin/../lib/gcc/pic32mx/3.4.4/../../../../pic32mx/lib/size\libmchp_peripheral_32MX460F512L.a(pcache.o)
                              Objects\MMB.o (CheKseg0CacheOn)
D:/Electro/Microchip/MPLAB C32/bin/../lib/gcc/pic32mx/3.4.4/../../../../pic32mx/lib/size\libmchp_peripheral_32MX460F512L.a(int_disable_interrupts_lib.o)
                              Objects\DisplayDriver.o (INTDisableInterrupts)
D:/Electro/Microchip/MPLAB C32/bin/../lib/gcc/pic32mx/3.4.4/../../../../pic32mx/lib/size\libmchp_peripheral_32MX460F512L.a(int_restore_interrupts_lib.o)
                              Objects\DisplayDriver.o (INTRestoreInterrupts)
D:/Electro/Microchip/MPLAB C32/bin/../lib/gcc/pic32mx/3.4.4/../../../../pic32mx/lib/size\libmchp_peripheral_32MX460F512L.a(int_enable_mv_int_lib.o)
                              Objects\MMB.o (INTEnableSystemMultiVectoredInt)
D:/Electro/Microchip/MPLAB C32/bin/../lib/gcc/pic32mx/3.4.4/../../../../pic32mx/lib/size\libmchp_peripheral_32MX460F512L.a(spi_open_spi2_lib_legacy.o)
                              Objects\MMB.o (OpenSPI2)
D:/Electro/Microchip/MPLAB C32/bin/../lib/gcc/pic32mx/3.4.4/../../../../pic32mx/lib/size\libmchp_peripheral_32MX460F512L.a(spi_brg_tbl_lib_legacy.o)
                              D:/Electro/Microchip/MPLAB C32/bin/../lib/gcc/pic32mx/3.4.4/../../../../pic32mx/lib/size\libmchp_peripheral_32MX460F512L.a(spi_open_spi2_lib_legacy.o) (_SpiBrgConvTbl)
D:/Electro/Microchip/MPLAB C32/bin/../lib/gcc/pic32mx/3.4.4/../../../../pic32mx/lib/size\libmchp_peripheral_32MX460F512L.a(int_enable_interrupts_lib.o)
                              D:/Electro/Microchip/MPLAB C32/bin/../lib/gcc/pic32mx/3.4.4/../../../../pic32mx/lib/size\libmchp_peripheral_32MX460F512L.a(int_enable_mv_int_lib.o) (INTEnableInterrupts)
D:/Electro/Microchip/MPLAB C32/bin/../lib/gcc/pic32mx/3.4.4/size\libgcc.a(_udivdi3.o)
                              D:/Electro/Microchip/MPLAB C32/bin/../lib/gcc/pic32mx/3.4.4/../../../../pic32mx/lib/size\libc.a(_doprnt.o) (__udivdi3)
D:/Electro/Microchip/MPLAB C32/bin/../lib/gcc/pic32mx/3.4.4/size\libgcc.a(_umoddi3.o)
                              D:/Electro/Microchip/MPLAB C32/bin/../lib/gcc/pic32mx/3.4.4/../../../../pic32mx/lib/size\libc.a(_doprnt.o) (__umoddi3)

Allocating common symbols
Common symbol       size              file

_cursorY            0x2               Objects\Primitive.o
_fontOrientation    0x1               Objects\Primitive.o
_fontFirstChar      0x2               Objects\Primitive.o
_clipRgn            0x2               Objects\DisplayDriver.o
_fontHeight         0x2               Objects\Primitive.o
_cursorX            0x2               Objects\Primitive.o
_fontLastChar       0x2               Objects\Primitive.o
_font               0x4               Objects\Primitive.o
_lineType           0x2               Objects\Primitive.o
_clipRight          0x2               Objects\DisplayDriver.o
_clipBottom         0x2               Objects\DisplayDriver.o
_clipTop            0x2               Objects\DisplayDriver.o
_color              0x2               Objects\DisplayDriver.o
_clipLeft           0x2               Objects\DisplayDriver.o
_lineThickness      0x1               Objects\Primitive.o

Microchip PIC32 Memory-Usage Report

kseg0 Program-Memory Usage
section                    address  length [bytes]      (dec)  Description
-------                 ----------  -------------------------  -----------
.text                   0x9d000000         0x8bbc       35772  Application's executable code 
.rodata                 0x9d008bc0         0x18dc        6364  Read-only constant data 
.eh_frame               0x9d00a49c           0x50          80  Stack unwind info 
.data                   0x9d00a4ec           0xd4         212  Data-initialization template 
.sdata                  0x9d00a5c0            0x4           4  Small data-initialization template 
      Total kseg0_program_mem used  :      0xa5c0       42432  8.1% of 0x80000

kseg0 Boot-Memory Usage
section                    address  length [bytes]      (dec)  Description
-------                 ----------  -------------------------  -----------
.startup                0x9fc00490          0x1e0         480  C startup code 
         Total kseg0_boot_mem used  :       0x1e0         480  19.9% of 0x970

Exception-Memory Usage 
section                    address  length [bytes]      (dec)  Description
-------                 ----------  -------------------------  -----------
.app_excpt              0x9fc01180           0x10          16  General-Exception handler 
          Total exception_mem used  :        0x10          16  0.4% of 0x1000

kseg1 Boot-Memory Usage
section                    address  length [bytes]      (dec)  Description
-------                 ----------  -------------------------  -----------
.reset                  0xbfc00000           0x10          16  Reset handler 
.bev_excpt              0xbfc00380           0x10          16  BEV-Exception handler 
         Total kseg1_boot_mem used  :        0x20          32  2.7% of 0x490
        --------------------------------------------------------------------------
         Total Program Memory used  :      0xa7d0       42960  8.1% of 0x81e00
        --------------------------------------------------------------------------


kseg1 Data-Memory Usage
section                    address  length [bytes]      (dec)  Description
-------                 ----------  -------------------------  -----------
.data                   0xa0000000           0xd4         212  Initialized data 
.sdata                  0xa00000d4            0x4           4  Small initialized data 
.sbss                   0xa00000d8           0x24          36  Small uninitialized data 
.bss                    0xa00000fc           0xa8         168  Uninitialized data 
.heap                   0xa00001a4         0x1388        5000  Dynamic Memory heap 
.stack                  0xa000152c          0x800        2048  Minimum space reserved for stack 
         Total kseg1_data_mem used  :      0x1d2c        7468  22.8% of 0x8000
        --------------------------------------------------------------------------
            Total Data Memory used  :      0x1d2c        7468  22.8% of 0x8000
        --------------------------------------------------------------------------

Memory Configuration

Name             Origin             Length             Attributes
kseg0_program_mem 0x9d000000         0x00080000         xr
kseg0_boot_mem   0x9fc00490         0x00000970
exception_mem    0x9fc01000         0x00001000
kseg1_boot_mem   0xbfc00000         0x00000490
debug_exec_mem   0xbfc02000         0x00000ff0
config3          0xbfc02ff0         0x00000004
config2          0xbfc02ff4         0x00000004
config1          0xbfc02ff8         0x00000004
config0          0xbfc02ffc         0x00000004
kseg1_data_mem   0xa0000000         0x00008000         w !x
sfrs             0xbf800000         0x00100000
configsfrs       0xbfc02ff0         0x00000010
*default*        0x00000000         0xffffffff

Linker script and memory map

LOAD D:/Electro/Microchip/MPLAB C32/bin/../lib/gcc/pic32mx/3.4.4/../../../../pic32mx/lib/size/crt0.o
LOAD Objects\MainDemo.o
LOAD Objects\Primitive.o
LOAD Objects\DisplayDriver.o
LOAD Objects\MMB.o
LOAD Objects\GOLFontDefault.o
                0x00000001                __MPLAB_BUILD = 0x1
                0x00001388                _min_heap_size = 0x1388
                0x00000800                _min_stack_size = 0x800
LOAD D:/Electro/Microchip/MPLAB C32/bin/../lib/gcc/pic32mx/3.4.4/size\libgcc.a
START GROUP
LOAD D:/Electro/Microchip/MPLAB C32/bin/../lib/gcc/pic32mx/3.4.4/../../../../pic32mx/lib/size\libdebug.a
LOAD D:/Electro/Microchip/MPLAB C32/bin/../lib/gcc/pic32mx/3.4.4/../../../../pic32mx/lib/size\libc.a
LOAD D:/Electro/Microchip/MPLAB C32/bin/../lib/gcc/pic32mx/3.4.4/../../../../pic32mx/lib/size\libm.a
LOAD D:/Electro/Microchip/MPLAB C32/bin/../lib/gcc/pic32mx/3.4.4/../../../../pic32mx/lib/size\libe.a
LOAD D:/Electro/Microchip/MPLAB C32/bin/../lib/gcc/pic32mx/3.4.4/../../../../pic32mx/lib/size\libdsp.a
LOAD D:/Electro/Microchip/MPLAB C32/bin/../lib/gcc/pic32mx/3.4.4/../../../../pic32mx/lib/size\libmchp_peripheral.a
LOAD D:/Electro/Microchip/MPLAB C32/bin/../lib/gcc/pic32mx/3.4.4/../../../../pic32mx/lib/size\libmchp_peripheral_32MX460F512L.a
END GROUP
LOAD D:/Electro/Microchip/MPLAB C32/bin/../lib/gcc/pic32mx/3.4.4/size\libgcc.a
                0x00000400                PROVIDE (_min_stack_size, 0x400)
                0x00000000                PROVIDE (_min_heap_size, 0x0)
LOAD D:/Electro/Microchip/MPLAB C32/bin/../lib/gcc/pic32mx/3.4.4/../../../../pic32mx/lib/./proc/32MX460F512L\processor.o
                0x00000001                PROVIDE (_vector_spacing, 0x1)
                0x9fc01000                _ebase_address = 0x9fc01000
                0xbfc00000                _RESET_ADDR = 0xbfc00000
                0xbfc00380                _BEV_EXCPT_ADDR = 0xbfc00380
                0xbfc00480                _DBG_EXCPT_ADDR = 0xbfc00480
                0xbfc02000                _DBG_CODE_ADDR = 0xbfc02000
                0x9fc01180                _GEN_EXCPT_ADDR = (_ebase_address + 0x180)

.config_BFC02FF0
 *(.config_BFC02FF0)

.config_BFC02FF4
                0xbfc02ff4        0x4
 *(.config_BFC02FF4)
 .config_BFC02FF4
                0xbfc02ff4        0x4 Objects\MainDemo.o

.config_BFC02FF8
                0xbfc02ff8        0x4
 *(.config_BFC02FF8)
 .config_BFC02FF8
                0xbfc02ff8        0x4 Objects\MainDemo.o

.config_BFC02FFC
                0xbfc02ffc        0x4
 *(.config_BFC02FFC)
 .config_BFC02FFC
                0xbfc02ffc        0x4 Objects\MainDemo.o

.reset          0xbfc00000       0x10
 *(.reset)
 .reset         0xbfc00000       0x10 D:/Electro/Microchip/MPLAB C32/bin/../lib/gcc/pic32mx/3.4.4/../../../../pic32mx/lib/size/crt0.o
                0xbfc00000                _reset

.bev_excpt      0xbfc00380       0x10
 *(.bev_handler)
 .bev_handler   0xbfc00380       0x10 D:/Electro/Microchip/MPLAB C32/bin/../lib/gcc/pic32mx/3.4.4/../../../../pic32mx/lib/size/crt0.o

.dbg_excpt      0xbfc00480        0x0
                0xbfc00480                . = (. + DEFINED (_DEBUGGER)?0x8:0x0)

.dbg_code       0xbfc02000        0x0
                0xbfc02000                . = (. + DEFINED (_DEBUGGER)?0xff0:0x0)

.app_excpt      0x9fc01180       0x10
 *(.gen_handler)
 .gen_handler   0x9fc01180       0x10 D:/Electro/Microchip/MPLAB C32/bin/../lib/gcc/pic32mx/3.4.4/../../../../pic32mx/lib/size/crt0.o

.vector_0       0x9fc01200        0x0
 *(.vector_0)
                0x00000001                ASSERT (((_vector_spacing == 0x0) || (SIZEOF (.vector_0) <= (_vector_spacing << 0x5))), function at exception vector 0 too large)

.vector_1       0x9fc01220        0x0
 *(.vector_1)
                0x00000001                ASSERT (((_vector_spacing == 0x0) || (SIZEOF (.vector_1) <= (_vector_spacing << 0x5))), function at exception vector 1 too large)

.vector_2       0x9fc01240        0x0
 *(.vector_2)
                0x00000001                ASSERT (((_vector_spacing == 0x0) || (SIZEOF (.vector_2) <= (_vector_spacing << 0x5))), function at exception vector 2 too large)

.vector_3       0x9fc01260        0x0
 *(.vector_3)
                0x00000001                ASSERT (((_vector_spacing == 0x0) || (SIZEOF (.vector_3) <= (_vector_spacing << 0x5))), function at exception vector 3 too large)

.vector_4       0x9fc01280        0x0
 *(.vector_4)
                0x00000001                ASSERT (((_vector_spacing == 0x0) || (SIZEOF (.vector_4) <= (_vector_spacing << 0x5))), function at exception vector 4 too large)

.vector_5       0x9fc012a0        0x0
 *(.vector_5)
                0x00000001                ASSERT (((_vector_spacing == 0x0) || (SIZEOF (.vector_5) <= (_vector_spacing << 0x5))), function at exception vector 5 too large)

.vector_6       0x9fc012c0        0x0
 *(.vector_6)
                0x00000001                ASSERT (((_vector_spacing == 0x0) || (SIZEOF (.vector_6) <= (_vector_spacing << 0x5))), function at exception vector 6 too large)

.vector_7       0x9fc012e0        0x0
 *(.vector_7)
                0x00000001                ASSERT (((_vector_spacing == 0x0) || (SIZEOF (.vector_7) <= (_vector_spacing << 0x5))), function at exception vector 7 too large)

.vector_8       0x9fc01300        0x0
 *(.vector_8)
                0x00000001                ASSERT (((_vector_spacing == 0x0) || (SIZEOF (.vector_8) <= (_vector_spacing << 0x5))), function at exception vector 8 too large)

.vector_9       0x9fc01320        0x0
 *(.vector_9)
                0x00000001                ASSERT (((_vector_spacing == 0x0) || (SIZEOF (.vector_9) <= (_vector_spacing << 0x5))), function at exception vector 9 too large)

.vector_10      0x9fc01340        0x0
 *(.vector_10)
                0x00000001                ASSERT (((_vector_spacing == 0x0) || (SIZEOF (.vector_10) <= (_vector_spacing << 0x5))), function at exception vector 10 too large)

.vector_11      0x9fc01360        0x0
 *(.vector_11)
                0x00000001                ASSERT (((_vector_spacing == 0x0) || (SIZEOF (.vector_11) <= (_vector_spacing << 0x5))), function at exception vector 11 too large)

.vector_12      0x9fc01380        0x0
 *(.vector_12)
                0x00000001                ASSERT (((_vector_spacing == 0x0) || (SIZEOF (.vector_12) <= (_vector_spacing << 0x5))), function at exception vector 12 too large)

.vector_13      0x9fc013a0        0x0
 *(.vector_13)
                0x00000001                ASSERT (((_vector_spacing == 0x0) || (SIZEOF (.vector_13) <= (_vector_spacing << 0x5))), function at exception vector 13 too large)

.vector_14      0x9fc013c0        0x0
 *(.vector_14)
                0x00000001                ASSERT (((_vector_spacing == 0x0) || (SIZEOF (.vector_14) <= (_vector_spacing << 0x5))), function at exception vector 14 too large)

.vector_15      0x9fc013e0        0x0
 *(.vector_15)
                0x00000001                ASSERT (((_vector_spacing == 0x0) || (SIZEOF (.vector_15) <= (_vector_spacing << 0x5))), function at exception vector 15 too large)

.vector_16      0x9fc01400        0x0
 *(.vector_16)
                0x00000001                ASSERT (((_vector_spacing == 0x0) || (SIZEOF (.vector_16) <= (_vector_spacing << 0x5))), function at exception vector 16 too large)

.vector_17      0x9fc01420        0x0
 *(.vector_17)
                0x00000001                ASSERT (((_vector_spacing == 0x0) || (SIZEOF (.vector_17) <= (_vector_spacing << 0x5))), function at exception vector 17 too large)

.vector_18      0x9fc01440        0x0
 *(.vector_18)
                0x00000001                ASSERT (((_vector_spacing == 0x0) || (SIZEOF (.vector_18) <= (_vector_spacing << 0x5))), function at exception vector 18 too large)

.vector_19      0x9fc01460        0x0
 *(.vector_19)
                0x00000001                ASSERT (((_vector_spacing == 0x0) || (SIZEOF (.vector_19) <= (_vector_spacing << 0x5))), function at exception vector 19 too large)

.vector_20      0x9fc01480        0x0
 *(.vector_20)
                0x00000001                ASSERT (((_vector_spacing == 0x0) || (SIZEOF (.vector_20) <= (_vector_spacing << 0x5))), function at exception vector 20 too large)

.vector_21      0x9fc014a0        0x0
 *(.vector_21)
                0x00000001                ASSERT (((_vector_spacing == 0x0) || (SIZEOF (.vector_21) <= (_vector_spacing << 0x5))), function at exception vector 21 too large)

.vector_22      0x9fc014c0        0x0
 *(.vector_22)
                0x00000001                ASSERT (((_vector_spacing == 0x0) || (SIZEOF (.vector_22) <= (_vector_spacing << 0x5))), function at exception vector 22 too large)

.vector_23      0x9fc014e0        0x0
 *(.vector_23)
                0x00000001                ASSERT (((_vector_spacing == 0x0) || (SIZEOF (.vector_23) <= (_vector_spacing << 0x5))), function at exception vector 23 too large)

.vector_24      0x9fc01500        0x0
 *(.vector_24)
                0x00000001                ASSERT (((_vector_spacing == 0x0) || (SIZEOF (.vector_24) <= (_vector_spacing << 0x5))), function at exception vector 24 too large)

.vector_25      0x9fc01520        0x0
 *(.vector_25)
                0x00000001                ASSERT (((_vector_spacing == 0x0) || (SIZEOF (.vector_25) <= (_vector_spacing << 0x5))), function at exception vector 25 too large)

.vector_26      0x9fc01540        0x0
 *(.vector_26)
                0x00000001                ASSERT (((_vector_spacing == 0x0) || (SIZEOF (.vector_26) <= (_vector_spacing << 0x5))), function at exception vector 26 too large)

.vector_27      0x9fc01560        0x0
 *(.vector_27)
                0x00000001                ASSERT (((_vector_spacing == 0x0) || (SIZEOF (.vector_27) <= (_vector_spacing << 0x5))), function at exception vector 27 too large)

.vector_28      0x9fc01580        0x0
 *(.vector_28)
                0x00000001                ASSERT (((_vector_spacing == 0x0) || (SIZEOF (.vector_28) <= (_vector_spacing << 0x5))), function at exception vector 28 too large)

.vector_29      0x9fc015a0        0x0
 *(.vector_29)
                0x00000001                ASSERT (((_vector_spacing == 0x0) || (SIZEOF (.vector_29) <= (_vector_spacing << 0x5))), function at exception vector 29 too large)

.vector_30      0x9fc015c0        0x0
 *(.vector_30)
                0x00000001                ASSERT (((_vector_spacing == 0x0) || (SIZEOF (.vector_30) <= (_vector_spacing << 0x5))), function at exception vector 30 too large)

.vector_31      0x9fc015e0        0x0
 *(.vector_31)
                0x00000001                ASSERT (((_vector_spacing == 0x0) || (SIZEOF (.vector_31) <= (_vector_spacing << 0x5))), function at exception vector 31 too large)

.vector_32      0x9fc01600        0x0
 *(.vector_32)
                0x00000001                ASSERT (((_vector_spacing == 0x0) || (SIZEOF (.vector_32) <= (_vector_spacing << 0x5))), function at exception vector 32 too large)

.vector_33      0x9fc01620        0x0
 *(.vector_33)
                0x00000001                ASSERT (((_vector_spacing == 0x0) || (SIZEOF (.vector_33) <= (_vector_spacing << 0x5))), function at exception vector 33 too large)

.vector_34      0x9fc01640        0x0
 *(.vector_34)
                0x00000001                ASSERT (((_vector_spacing == 0x0) || (SIZEOF (.vector_34) <= (_vector_spacing << 0x5))), function at exception vector 34 too large)

.vector_35      0x9fc01660        0x0
 *(.vector_35)
                0x00000001                ASSERT (((_vector_spacing == 0x0) || (SIZEOF (.vector_35) <= (_vector_spacing << 0x5))), function at exception vector 35 too large)

.vector_36      0x9fc01680        0x0
 *(.vector_36)
                0x00000001                ASSERT (((_vector_spacing == 0x0) || (SIZEOF (.vector_36) <= (_vector_spacing << 0x5))), function at exception vector 36 too large)

.vector_37      0x9fc016a0        0x0
 *(.vector_37)
                0x00000001                ASSERT (((_vector_spacing == 0x0) || (SIZEOF (.vector_37) <= (_vector_spacing << 0x5))), function at exception vector 37 too large)

.vector_38      0x9fc016c0        0x0
 *(.vector_38)
                0x00000001                ASSERT (((_vector_spacing == 0x0) || (SIZEOF (.vector_38) <= (_vector_spacing << 0x5))), function at exception vector 38 too large)

.vector_39      0x9fc016e0        0x0
 *(.vector_39)
                0x00000001                ASSERT (((_vector_spacing == 0x0) || (SIZEOF (.vector_39) <= (_vector_spacing << 0x5))), function at exception vector 39 too large)

.vector_40      0x9fc01700        0x0
 *(.vector_40)
                0x00000001                ASSERT (((_vector_spacing == 0x0) || (SIZEOF (.vector_40) <= (_vector_spacing << 0x5))), function at exception vector 40 too large)

.vector_41      0x9fc01720        0x0
 *(.vector_41)
                0x00000001                ASSERT (((_vector_spacing == 0x0) || (SIZEOF (.vector_41) <= (_vector_spacing << 0x5))), function at exception vector 41 too large)

.vector_42      0x9fc01740        0x0
 *(.vector_42)
                0x00000001                ASSERT (((_vector_spacing == 0x0) || (SIZEOF (.vector_42) <= (_vector_spacing << 0x5))), function at exception vector 42 too large)

.vector_43      0x9fc01760        0x0
 *(.vector_43)
                0x00000001                ASSERT (((_vector_spacing == 0x0) || (SIZEOF (.vector_43) <= (_vector_spacing << 0x5))), function at exception vector 43 too large)

.vector_44      0x9fc01780        0x0
 *(.vector_44)
                0x00000001                ASSERT (((_vector_spacing == 0x0) || (SIZEOF (.vector_44) <= (_vector_spacing << 0x5))), function at exception vector 44 too large)

.vector_45      0x9fc017a0        0x0
 *(.vector_45)
                0x00000001                ASSERT (((_vector_spacing == 0x0) || (SIZEOF (.vector_45) <= (_vector_spacing << 0x5))), function at exception vector 45 too large)

.vector_46      0x9fc017c0        0x0
 *(.vector_46)
                0x00000001                ASSERT (((_vector_spacing == 0x0) || (SIZEOF (.vector_46) <= (_vector_spacing << 0x5))), function at exception vector 46 too large)

.vector_47      0x9fc017e0        0x0
 *(.vector_47)
                0x00000001                ASSERT (((_vector_spacing == 0x0) || (SIZEOF (.vector_47) <= (_vector_spacing << 0x5))), function at exception vector 47 too large)

.vector_48      0x9fc01800        0x0
 *(.vector_48)
                0x00000001                ASSERT (((_vector_spacing == 0x0) || (SIZEOF (.vector_48) <= (_vector_spacing << 0x5))), function at exception vector 48 too large)

.vector_49      0x9fc01820        0x0
 *(.vector_49)
                0x00000001                ASSERT (((_vector_spacing == 0x0) || (SIZEOF (.vector_49) <= (_vector_spacing << 0x5))), function at exception vector 49 too large)

.vector_50      0x9fc01840        0x0
 *(.vector_50)
                0x00000001                ASSERT (((_vector_spacing == 0x0) || (SIZEOF (.vector_50) <= (_vector_spacing << 0x5))), function at exception vector 50 too large)

.vector_51      0x9fc01860        0x0
 *(.vector_51)
                0x00000001                ASSERT (((_vector_spacing == 0x0) || (SIZEOF (.vector_51) <= (_vector_spacing << 0x5))), function at exception vector 51 too large)

.vector_52      0x9fc01880        0x0
 *(.vector_52)
                0x00000001                ASSERT (((_vector_spacing == 0x0) || (SIZEOF (.vector_52) <= (_vector_spacing << 0x5))), function at exception vector 52 too large)

.vector_53      0x9fc018a0        0x0
 *(.vector_53)
                0x00000001                ASSERT (((_vector_spacing == 0x0) || (SIZEOF (.vector_53) <= (_vector_spacing << 0x5))), function at exception vector 53 too large)

.vector_54      0x9fc018c0        0x0
 *(.vector_54)
                0x00000001                ASSERT (((_vector_spacing == 0x0) || (SIZEOF (.vector_54) <= (_vector_spacing << 0x5))), function at exception vector 54 too large)

.vector_55      0x9fc018e0        0x0
 *(.vector_55)
                0x00000001                ASSERT (((_vector_spacing == 0x0) || (SIZEOF (.vector_55) <= (_vector_spacing << 0x5))), function at exception vector 55 too large)

.vector_56      0x9fc01900        0x0
 *(.vector_56)
                0x00000001                ASSERT (((_vector_spacing == 0x0) || (SIZEOF (.vector_56) <= (_vector_spacing << 0x5))), function at exception vector 56 too large)

.vector_57      0x9fc01920        0x0
 *(.vector_57)
                0x00000001                ASSERT (((_vector_spacing == 0x0) || (SIZEOF (.vector_57) <= (_vector_spacing << 0x5))), function at exception vector 57 too large)

.vector_58      0x9fc01940        0x0
 *(.vector_58)
                0x00000001                ASSERT (((_vector_spacing == 0x0) || (SIZEOF (.vector_58) <= (_vector_spacing << 0x5))), function at exception vector 58 too large)

.vector_59      0x9fc01960        0x0
 *(.vector_59)
                0x00000001                ASSERT (((_vector_spacing == 0x0) || (SIZEOF (.vector_59) <= (_vector_spacing << 0x5))), function at exception vector 59 too large)

.vector_60      0x9fc01980        0x0
 *(.vector_60)
                0x00000001                ASSERT (((_vector_spacing == 0x0) || (SIZEOF (.vector_60) <= (_vector_spacing << 0x5))), function at exception vector 60 too large)

.vector_61      0x9fc019a0        0x0
 *(.vector_61)
                0x00000001                ASSERT (((_vector_spacing == 0x0) || (SIZEOF (.vector_61) <= (_vector_spacing << 0x5))), function at exception vector 61 too large)

.vector_62      0x9fc019c0        0x0
 *(.vector_62)
                0x00000001                ASSERT (((_vector_spacing == 0x0) || (SIZEOF (.vector_62) <= (_vector_spacing << 0x5))), function at exception vector 62 too large)

.vector_63      0x9fc019e0        0x0
 *(.vector_63)
                0x00000001                ASSERT (((_vector_spacing == 0x0) || (SIZEOF (.vector_63) <= (_vector_spacing << 0x5))), function at exception vector 63 too large)

.startup        0x9fc00490      0x1e0
 *(.startup)
 .startup       0x9fc00490      0x1e0 D:/Electro/Microchip/MPLAB C32/bin/../lib/gcc/pic32mx/3.4.4/../../../../pic32mx/lib/size/crt0.o

.text           0x9d000000     0x8bbc
                0x9d000000                _text_begin = .
 *(.text .stub .text.* .gnu.linkonce.t.*)
 .text          0x9d000000       0x18 D:/Electro/Microchip/MPLAB C32/bin/../lib/gcc/pic32mx/3.4.4/../../../../pic32mx/lib/size/crt0.o
 .text          0x9d000018      0x874 Objects\MainDemo.o
                0x9d00007c                flt
                0x9d000328                main
                0x9d000018                fix
                0x9d00020c                StopWatch
                0x9d0000a8                mandelbrot
 .text          0x9d00088c     0x14f8 Objects\Primitive.o
                0x9d0012ac                Bevel
                0x9d001910                DrawPoly
                0x9d001a5c                OutTextXY
                0x9d0016dc                FillBevel
                0x9d0019fc                OutText
                0x9d0019c8                SetFont
                0x9d001d64                GetImageHeight
                0x9d001d44                GetImageWidth
                0x9d000f2c                Line
                0x9d0008cc                Arc
                0x9d001d24                GetTextHeight
                0x9d001c94                GetTextWidth
                0x9d00088c                InitGraph
                0x9d001a84                OutChar
 .text          0x9d001d84     0x1944 Objects\DisplayDriver.o
                0x9d001d84                DelayMs
                0x9d001e30                SetReg
                0x9d00341c                PutImage16BPP
                0x9d002a64                PutImage
                0x9d001ebc                GetReg
                0x9d00284c                ClearDevice
                0x9d002b20                PutImage1BPP
                0x9d001f64                ResetDevice
                0x9d0025c0                Bar
                0x9d002370                PutPixel
                0x9d002e30                PutImage4BPP
                0x9d00313c                PutImage8BPP
 .text          0x9d0036c8      0xbb4 Objects\MMB.o
                0x9d003c30                MMBGetKey
                0x9d0036d8                MMBInit
                0x9d003e68                MMBAccRead
                0x9d003ffc                MMBFadeIn
                0x9d003944                MMBReadT
                0x9d003ce0                MMBAccInit
                0x9d004100                MMBFadeOut
                0x9d0039d4                MMBReadStopwatch
                0x9d003a4c                MMBUARTInit
                0x9d004200                MMBCenterString
                0x9d0039b8                MMBStartStopwatch
                0x9d003bc8                MMBReadKey
                0x9d0036d0                _general_exception_handler
                0x9d0036c8                exit
 .text.general_exception
                0x9d00427c       0xd0 D:/Electro/Microchip/MPLAB C32/bin/../lib/gcc/pic32mx/3.4.4/../../../../pic32mx/lib/size\libc.a(general-exception.o)
                0x9d00427c                _general_exception_context
 .text.sprintf  0x9d00434c       0x34 D:/Electro/Microchip/MPLAB C32/bin/../lib/gcc/pic32mx/3.4.4/../../../../pic32mx/lib/size\libc.a(sprintf.o)
                0x9d00434c                _isprintf
                0x9d00434c                sprintf
 .text.__vsnprintf
                0x9d004380       0x60 D:/Electro/Microchip/MPLAB C32/bin/../lib/gcc/pic32mx/3.4.4/../../../../pic32mx/lib/size\libc.a(__vsnprintf.o)
                0x9d004380                __ivsnprintf
                0x9d004380                __vsnprintf
 .text._bootstrap_exception_handler
                0x9d0043e0        0x8 D:/Electro/Microchip/MPLAB C32/bin/../lib/gcc/pic32mx/3.4.4/../../../../pic32mx/lib/size\libc.a(default-bootstrap-exception-handler.o)
                0x9d0043e0                _bootstrap_exception_handler
 .text._on_reset
                0x9d0043e8        0x8 D:/Electro/Microchip/MPLAB C32/bin/../lib/gcc/pic32mx/3.4.4/../../../../pic32mx/lib/size\libc.a(default-on-reset.o)
                0x9d0043e8                _on_reset
 .text._on_bootstrap
                0x9d0043f0        0x8 D:/Electro/Microchip/MPLAB C32/bin/../lib/gcc/pic32mx/3.4.4/../../../../pic32mx/lib/size\libc.a(default-on-bootstrap.o)
                0x9d0043f0                _on_bootstrap
 .text          0x9d0043f8       0x18 D:/Electro/Microchip/MPLAB C32/bin/../lib/gcc/pic32mx/3.4.4/../../../../pic32mx/lib/size\libc.a(default-nmi-handler.o)
                0x9d0043f8                _nmi_handler
 .text.__sputn  0x9d004410       0x70 D:/Electro/Microchip/MPLAB C32/bin/../lib/gcc/pic32mx/3.4.4/../../../../pic32mx/lib/size\libc.a(_doprnt.o)
 .text.repl     0x9d004480       0x7c D:/Electro/Microchip/MPLAB C32/bin/../lib/gcc/pic32mx/3.4.4/../../../../pic32mx/lib/size\libc.a(_doprnt.o)
 .text._outcnvrt
                0x9d0044fc       0xe4 D:/Electro/Microchip/MPLAB C32/bin/../lib/gcc/pic32mx/3.4.4/../../../../pic32mx/lib/size\libc.a(_doprnt.o)
 .text.rounded  0x9d0045e0      0x140 D:/Electro/Microchip/MPLAB C32/bin/../lib/gcc/pic32mx/3.4.4/../../../../pic32mx/lib/size\libc.a(_doprnt.o)
 .text.vfprintf
                0x9d004720     0x14ac D:/Electro/Microchip/MPLAB C32/bin/../lib/gcc/pic32mx/3.4.4/../../../../pic32mx/lib/size\libc.a(_doprnt.o)
                0x9d004720                _ivfprintf
                0x9d004720                vfprintf
 .text._filbuf_string
                0x9d005bcc        0x8 D:/Electro/Microchip/MPLAB C32/bin/../lib/gcc/pic32mx/3.4.4/../../../../pic32mx/lib/size\libc.a(_iobstring.o)
 .text._flsbuf_string
                0x9d005bd4        0x8 D:/Electro/Microchip/MPLAB C32/bin/../lib/gcc/pic32mx/3.4.4/../../../../pic32mx/lib/size\libc.a(_iobstring.o)
 .text._fflush_string
                0x9d005bdc        0x8 D:/Electro/Microchip/MPLAB C32/bin/../lib/gcc/pic32mx/3.4.4/../../../../pic32mx/lib/size\libc.a(_iobstring.o)
 .text._fwrite_string
                0x9d005be4        0x8 D:/Electro/Microchip/MPLAB C32/bin/../lib/gcc/pic32mx/3.4.4/../../../../pic32mx/lib/size\libc.a(_iobstring.o)
 .text._fsync_string
                0x9d005bec        0x8 D:/Electro/Microchip/MPLAB C32/bin/../lib/gcc/pic32mx/3.4.4/../../../../pic32mx/lib/size\libc.a(_iobstring.o)
 .text.fputc    0x9d005bf4       0xac D:/Electro/Microchip/MPLAB C32/bin/../lib/gcc/pic32mx/3.4.4/../../../../pic32mx/lib/size\libc.a(fputc.o)
                0x9d005bf4                fputc
 .text.putc     0x9d005ca0        0x8 D:/Electro/Microchip/MPLAB C32/bin/../lib/gcc/pic32mx/3.4.4/../../../../pic32mx/lib/size\libc.a(fputc.o)
                0x9d005ca0                putc
 .text.putchar  0x9d005ca8       0x14 D:/Electro/Microchip/MPLAB C32/bin/../lib/gcc/pic32mx/3.4.4/../../../../pic32mx/lib/size\libc.a(fputc.o)
                0x9d005ca8                putchar
 .text          0x9d005cbc      0x168 D:/Electro/Microchip/MPLAB C32/bin/../lib/gcc/pic32mx/3.4.4/../../../../pic32mx/lib/size\libc.a(strlen.o)
                0x9d005cbc                strlen
 .text._filbuf_simple
                0x9d005e24       0x28 D:/Electro/Microchip/MPLAB C32/bin/../lib/gcc/pic32mx/3.4.4/../../../../pic32mx/lib/size\libc.a(_iobfuncs.o)
                0x9d005e24                _filbuf_simple
 .text._fflush_simple
                0x9d005e4c       0x68 D:/Electro/Microchip/MPLAB C32/bin/../lib/gcc/pic32mx/3.4.4/../../../../pic32mx/lib/size\libc.a(_iobfuncs.o)
                0x9d005e4c                _fflush_simple
 .text._flsbuf_simple
                0x9d005eb4       0xe8 D:/Electro/Microchip/MPLAB C32/bin/../lib/gcc/pic32mx/3.4.4/../../../../pic32mx/lib/size\libc.a(_iobfuncs.o)
                0x9d005eb4                _flsbuf_simple
 .text._fwrite_simple
                0x9d005f9c       0x84 D:/Electro/Microchip/MPLAB C32/bin/../lib/gcc/pic32mx/3.4.4/../../../../pic32mx/lib/size\libc.a(_iobfuncs.o)
                0x9d005f9c                _fwrite_simple
 .text._fsync_simple
                0x9d006020       0x34 D:/Electro/Microchip/MPLAB C32/bin/../lib/gcc/pic32mx/3.4.4/../../../../pic32mx/lib/size\libc.a(_iobfuncs.o)
                0x9d006020                _fsync_simple
 .text._mon_getc
                0x9d006054        0x8 D:/Electro/Microchip/MPLAB C32/bin/../lib/gcc/pic32mx/3.4.4/../../../../pic32mx/lib/size\libc.a(_mon_getc.o)
                0x9d006054                _mon_getc
 .text._mon_write
                0x9d00605c       0x4c D:/Electro/Microchip/MPLAB C32/bin/../lib/gcc/pic32mx/3.4.4/../../../../pic32mx/lib/size\libc.a(_mon_write.o)
                0x9d00605c                _mon_write
 .text._mon_putc
                0x9d0060a8       0x28 D:/Electro/Microchip/MPLAB C32/bin/../lib/gcc/pic32mx/3.4.4/../../../../pic32mx/lib/size\libc.a(_mon_putc.o)
                0x9d0060a8                _mon_putc
 .text          0x9d0060d0      0x5c8 D:/Electro/Microchip/MPLAB C32/bin/../lib/gcc/pic32mx/3.4.4/../../../../pic32mx/lib/size\libm.a(mod32.o)
                0x9d006414                __mchp_ldexp
                0x9d0060d0                dpfmod
                0x9d00657c                modf
                0x9d0060d0                fmod
                0x9d006414                dpldexp
                0x9d00657c                dpmodf
                0x9d006370                dpfrexp
                0x9d006370                frexp
 .text          0x9d006698      0x108 D:/Electro/Microchip/MPLAB C32/bin/../lib/gcc/pic32mx/3.4.4/../../../../pic32mx/lib/size\libm.a(floor32.o)
                0x9d006698                dpfloor
                0x9d006698                floor
 .text          0x9d0067a0     0x1128 D:/Electro/Microchip/MPLAB C32/bin/../lib/gcc/pic32mx/3.4.4/../../../../pic32mx/lib/size\libm.a(dp32.o)
                0x9d007850                fabs
                0x9d007714                __eqdf2
                0x9d007714                __gtdf2
                0x9d0067a0                dpsub
                0x9d0073a8                __floatsidf
                0x9d007714                __ltdf2
                0x9d00741c                ultodp
                0x9d006bcc                dpmul
                0x9d007510                dptofp
                0x9d007690                __fixunsdfsi
                0x9d007714                dpcmp
                0x9d00746c                __extendsfdf2
                0x9d0067a8                __adddf3
                0x9d007690                dptoul
                0x9d006ef4                dpdiv
                0x9d0073a8                litodp
                0x9d007608                __fixdfsi
                0x9d007714                __ledf2
                0x9d00746c                fptodp
                0x9d007838                __negdf2
                0x9d0067a8                dpadd
                0x9d006ef4                __divdf3
                0x9d006bcc                __muldf3
                0x9d007510                __truncdfsf2
                0x9d007714                __nedf2
                0x9d007608                dptoli
                0x9d00786c                nan
                0x9d007850                dpfabs
                0x9d007714                __gedf2
                0x9d00786c                dpnan
                0x9d0067a0                __subdf3
 .text          0x9d0078c8      0x8ec D:/Electro/Microchip/MPLAB C32/bin/../lib/gcc/pic32mx/3.4.4/../../../../pic32mx/lib/size\libm.a(fp32.o)
                0x9d007cf4                __divsf3
                0x9d007f20                sitofp
                0x9d007fc8                __fixsfsi
                0x9d007cf4                fpdiv
                0x9d0078c8                __subsf3
                0x9d007fc8                fptoli
                0x9d0080b4                __lesf2
                0x9d008148                fabsf
                0x9d0080b4                __nesf2
                0x9d007f7c                uitofp
                0x9d0080b4                __gtsf2
                0x9d008040                fptoui
                0x9d008148                fpfabs
                0x9d007f20                __floatsisf
                0x9d007fc8                fptosi
                0x9d008168                fpnan
                0x9d0080b4                __eqsf2
                0x9d0078d0                fpadd
                0x9d008158                __negsf2
                0x9d0080b4                __ltsf2
                0x9d0078c8                fpsub
                0x9d0080b4                fpcmp
                0x9d007b3c                __mulsf3
                0x9d0080b4                __gesf2
                0x9d008168                nanf
                0x9d007f20                litofp
                0x9d007b3c                fpmul
                0x9d008040                __fixunssfsi
                0x9d0078d0                __addsf3
                0x9d008040                fptoul
                0x9d007f7c                ultofp
 .text.OpenCoreTimer
                0x9d0081b4        0xc D:/Electro/Microchip/MPLAB C32/bin/../lib/gcc/pic32mx/3.4.4/../../../../pic32mx/lib/size\libmchp_peripheral.a(open_core_timer_lib.o)
                0x9d0081b4                OpenCoreTimer
 .text.ReadCoreTimer
                0x9d0081c0        0x8 D:/Electro/Microchip/MPLAB C32/bin/../lib/gcc/pic32mx/3.4.4/../../../../pic32mx/lib/size\libmchp_peripheral.a(read_core_timer_lib.o)
                0x9d0081c0                ReadCoreTimer
 .text.WriteCoreTimer
                0x9d0081c8        0x8 D:/Electro/Microchip/MPLAB C32/bin/../lib/gcc/pic32mx/3.4.4/../../../../pic32mx/lib/size\libmchp_peripheral.a(write_core_timer_lib.o)
                0x9d0081c8                WriteCoreTimer
 .text.CheKseg0CacheOff
                0x9d0081d0       0x18 D:/Electro/Microchip/MPLAB C32/bin/../lib/gcc/pic32mx/3.4.4/../../../../pic32mx/lib/size\libmchp_peripheral_32MX460F512L.a(pcache.o)
                0x9d0081d0                CheKseg0CacheOff
 .text.CheKseg0CacheOn
                0x9d0081e8       0x18 D:/Electro/Microchip/MPLAB C32/bin/../lib/gcc/pic32mx/3.4.4/../../../../pic32mx/lib/size\libmchp_peripheral_32MX460F512L.a(pcache.o)
                0x9d0081e8                CheKseg0CacheOn
 .text.INTDisableInterrupts
                0x9d008200        0x8 D:/Electro/Microchip/MPLAB C32/bin/../lib/gcc/pic32mx/3.4.4/../../../../pic32mx/lib/size\libmchp_peripheral_32MX460F512L.a(int_disable_interrupts_lib.o)
                0x9d008200                INTDisableInterrupts
 .text.INTRestoreInterrupts
                0x9d008208       0x1c D:/Electro/Microchip/MPLAB C32/bin/../lib/gcc/pic32mx/3.4.4/../../../../pic32mx/lib/size\libmchp_peripheral_32MX460F512L.a(int_restore_interrupts_lib.o)
                0x9d008208                INTRestoreInterrupts
 .text.INTEnableSystemMultiVectoredInt
                0x9d008224       0x34 D:/Electro/Microchip/MPLAB C32/bin/../lib/gcc/pic32mx/3.4.4/../../../../pic32mx/lib/size\libmchp_peripheral_32MX460F512L.a(int_enable_mv_int_lib.o)
                0x9d008224                INTEnableSystemMultiVectoredInt
 .text.OpenSPI2
                0x9d008258       0x64 D:/Electro/Microchip/MPLAB C32/bin/../lib/gcc/pic32mx/3.4.4/../../../../pic32mx/lib/size\libmchp_peripheral_32MX460F512L.a(spi_open_spi2_lib_legacy.o)
                0x9d008258                OpenSPI2
 .text.INTEnableInterrupts
                0x9d0082bc        0x8 D:/Electro/Microchip/MPLAB C32/bin/../lib/gcc/pic32mx/3.4.4/../../../../pic32mx/lib/size\libmchp_peripheral_32MX460F512L.a(int_enable_interrupts_lib.o)
                0x9d0082bc                INTEnableInterrupts
 .text          0x9d0082c4      0x44c D:/Electro/Microchip/MPLAB C32/bin/../lib/gcc/pic32mx/3.4.4/size\libgcc.a(_udivdi3.o)
                0x9d0082c4                __udivdi3
 .text          0x9d008710      0x4ac D:/Electro/Microchip/MPLAB C32/bin/../lib/gcc/pic32mx/3.4.4/size\libgcc.a(_umoddi3.o)
                0x9d008710                __umoddi3
 *(.text.*personality*)
 *(.gnu.warning)
 *(.mips16.fn.*)
 *(.mips16.call.*)
                0x9d008bbc                _text_end = .

.rodata         0x9d008bc0     0x18dc
 *(.rodata .rodata.* .gnu.linkonce.r.*)
 .rodata.cst8   0x9d008bc0       0x50 Objects\MainDemo.o
                                 0x60 (size before relaxing)
 .rodata.cst4   0x9d008c10        0x8 Objects\MainDemo.o
 .rodata        0x9d008c18       0x38 Objects\MainDemo.o
                0x9d008c2c                logo2
                0x9d008c18                logo1
                0x9d008c34                logo3
 .rodata.str1.4
                0x9d008c50       0x26 Objects\MainDemo.o
                                 0x28 (size before relaxing)
 *fill*         0x9d008c76        0x2 00
 .rodata.cst8   0x9d008c78       0x18 Objects\MMB.o
                                 0x28 (size before relaxing)
 .rodata        0x9d008c90     0x1588 Objects\GOLFontDefault.o
                0x9d008c98                L11903
                0x9d008c90                GOLFontDefault
 .rodata        0x9d00a218      0x1a0 D:/Electro/Microchip/MPLAB C32/bin/../lib/gcc/pic32mx/3.4.4/../../../../pic32mx/lib/size\libc.a(_doprnt.o)
 .rodata.cst8   0x9d00a3b8       0x20 D:/Electro/Microchip/MPLAB C32/bin/../lib/gcc/pic32mx/3.4.4/../../../../pic32mx/lib/size\libc.a(_doprnt.o)
                                 0x30 (size before relaxing)
 .rodata.str1.4
                0x9d00a3d8       0x19 D:/Electro/Microchip/MPLAB C32/bin/../lib/gcc/pic32mx/3.4.4/../../../../pic32mx/lib/size\libc.a(_doprnt.o)
                                 0x1c (size before relaxing)
 *fill*         0x9d00a3f1        0x3 00
 .rodata        0x9d00a3f4       0x14 D:/Electro/Microchip/MPLAB C32/bin/../lib/gcc/pic32mx/3.4.4/../../../../pic32mx/lib/size\libc.a(_iobstring.o)
                0x9d00a3f4                _io_strfuncs
 .rodata        0x9d00a408       0x14 D:/Electro/Microchip/MPLAB C32/bin/../lib/gcc/pic32mx/3.4.4/../../../../pic32mx/lib/size\libc.a(_iobdata.o)
                0x9d00a408                _io_funcs
 .rodata        0x9d00a41c       0x80 D:/Electro/Microchip/MPLAB C32/bin/../lib/gcc/pic32mx/3.4.4/../../../../pic32mx/lib/size\libmchp_peripheral_32MX460F512L.a(spi_brg_tbl_lib_legacy.o)
                0x9d00a41c                _SpiBrgConvTbl
 *(.rodata1)
                0x9d00a49c                . = ALIGN (0x4)

.sdata2         0x9d00a49c        0x0
 *(.sdata2 .sdata2.* .gnu.linkonce.s2.*)
                0x9d00a49c                . = ALIGN (0x4)

.sbss2          0x9d00a49c        0x0
 *(.sbss2 .sbss2.* .gnu.linkonce.sb2.*)
                0x9d00a49c                . = ALIGN (0x4)

.eh_frame_hdr
 *(.eh_frame_hdr)

.eh_frame       0x9d00a49c       0x50
 *(.eh_frame)
 .eh_frame      0x9d00a49c       0x20 D:/Electro/Microchip/MPLAB C32/bin/../lib/gcc/pic32mx/3.4.4/size\libgcc.a(_udivdi3.o)
 .eh_frame      0x9d00a4bc       0x30 D:/Electro/Microchip/MPLAB C32/bin/../lib/gcc/pic32mx/3.4.4/size\libgcc.a(_umoddi3.o)

.dbg_data       0xa0000000        0x0
                0xa0000000                . = (. + DEFINED (_DEBUGGER)?0x200:0x0)

.data           0xa0000000       0xd4 load address 0x9d00a4ec
                0xa0000000                _data_begin = .
 *(.data .data.* .gnu.linkonce.d.*)
 .data          0xa0000000       0xd4 D:/Electro/Microchip/MPLAB C32/bin/../lib/gcc/pic32mx/3.4.4/../../../../pic32mx/lib/size\libc.a(_iobdata.o)
 *(.gnu.linkonce.d.*personality*)
 *(.data1)
                0x9d00a4ec                _data_image_begin = LOADADDR (.data)

.eh_frame
 *(.eh_frame)
                0xa00080d0                _gp = (ALIGN (0x10) + 0x7ff0)

.got
 *(.got.plt)
 *(.got)

.sdata          0xa00000d4        0x4 load address 0x9d00a5c0
                0xa00000d4                _sdata_begin = .
 *(.sdata .sdata.* .gnu.linkonce.s.*)
 .sdata         0xa00000d4        0x4 D:/Electro/Microchip/MPLAB C32/bin/../lib/gcc/pic32mx/3.4.4/../../../../pic32mx/lib/size\libc.a(_iobdata.o)
                0xa00000d4                _libc_data
                0xa00000d8                _sdata_end = .

.lit8
 *(.lit8)

.lit4
 *(.lit4)
                0xa00000d8                . = ALIGN (0x4)
                0xa00000d8                _data_end = .
                0xa00000d8                _bss_begin = .

.sbss           0xa00000d8       0x24
                0xa00000d8                _sbss_begin = .
 *(.dynsbss)
 *(.sbss .sbss.* .gnu.linkonce.sb.*)
 .sbss          0xa00000d8        0x4 D:/Electro/Microchip/MPLAB C32/bin/../lib/gcc/pic32mx/3.4.4/../../../../pic32mx/lib/size\libc.a(errno.o)
                0xa00000d8                errno
 *(.scommon)
 .scommon       0xa00000dc       0x13 Objects\Primitive.o
                0xa00000dc                _cursorY
                0xa00000de                _fontOrientation
                0xa00000e0                _fontFirstChar
                0xa00000e2                _fontHeight
                0xa00000e4                _cursorX
                0xa00000e6                _fontLastChar
                0xa00000e8                _font
                0xa00000ec                _lineType
                0xa00000ee                _lineThickness
 *fill*         0xa00000ef        0x1 00
 .scommon       0xa00000f0        0xc Objects\DisplayDriver.o
                0xa00000f0                _clipRgn
                0xa00000f2                _clipRight
                0xa00000f4                _clipBottom
                0xa00000f6                _clipTop
                0xa00000f8                _color
                0xa00000fa                _clipLeft
                0xa00000fc                _sbss_end = .

.bss            0xa00000fc       0xa8
 *(.dynbss)
 *(.bss .bss.* .gnu.linkonce.b.*)
 .bss           0xa00000fc       0x88 D:/Electro/Microchip/MPLAB C32/bin/../lib/gcc/pic32mx/3.4.4/../../../../pic32mx/lib/size\libc.a(_iobdata.o)
 .bss           0xa0000184       0x20 D:/Electro/Microchip/MPLAB C32/bin/../lib/gcc/pic32mx/3.4.4/../../../../pic32mx/lib/size\libc.a(_iobfuncs.o)
 *(COMMON)
                0xa00001a4                . = ALIGN (0x4)
                0xa00001a4                . = ALIGN (0x4)
                0xa00001a4                _end = .
                0xa00001a4                _bss_end = .

.heap           0xa00001a4     0x1388
                0xa00001a4                _heap = .
                0xa000152c                . = (. + _min_heap_size)
 *fill*         0xa00001a4     0x1388 00

.stack          0xa000152c      0x800
                0xa000152c                _splim = .
                0xa000152c                _SPLIM = .
                0xa0001d2c                . = (. + _min_stack_size)
 *fill*         0xa000152c      0x800 00

.ramfunc        0xa0002000        0x0 load address 0x9d00a5c4
                0xa0002000                _ramfunc_begin = .
 *(.ramfunc .ramfunc.*)
                0xa0002000                . = ALIGN (0x4)
                0xa0002000                _ramfunc_end = .
                0x9d00a5c4                _ramfunc_image_begin = LOADADDR (.ramfunc)
                0x00000000                _ramfunc_length = SIZEOF (.ramfunc)
                0x00002000                _bmxdkpba_address = (_ramfunc_begin - 0xa0000000)
                0x00008000                _bmxdudba_address = 0x8000
                0x00008000                _bmxdupba_address = 0x8000
                0xa0008000                _stack = (_ramfunc_length > 0x0)?(_ramfunc_begin - 0x4):0xa0008000
                0x00000001                ASSERT (((_min_stack_size + _min_heap_size) <= (_stack - _heap)), Not enough space to allocate both stack and heap.  Reduce heap and/or stack size.)

.pdr            0x00000000      0xb60
 *(.pdr)
 .pdr           0x00000000       0xa0 D:/Electro/Microchip/MPLAB C32/bin/../lib/gcc/pic32mx/3.4.4/../../../../pic32mx/lib/size/crt0.o
 .pdr           0x000000a0       0xa0 Objects\MainDemo.o
 .pdr           0x00000140      0x1c0 Objects\Primitive.o
 .pdr           0x00000300      0x180 Objects\DisplayDriver.o
 .pdr           0x00000480      0x1c0 Objects\MMB.o
 .pdr           0x00000640       0x20 D:/Electro/Microchip/MPLAB C32/bin/../lib/gcc/pic32mx/3.4.4/../../../../pic32mx/lib/size\libc.a(general-exception.o)
 .pdr           0x00000660       0x20 D:/Electro/Microchip/MPLAB C32/bin/../lib/gcc/pic32mx/3.4.4/../../../../pic32mx/lib/size\libc.a(sprintf.o)
 .pdr           0x00000680       0x20 D:/Electro/Microchip/MPLAB C32/bin/../lib/gcc/pic32mx/3.4.4/../../../../pic32mx/lib/size\libc.a(__vsnprintf.o)
 .pdr           0x000006a0       0x20 D:/Electro/Microchip/MPLAB C32/bin/../lib/gcc/pic32mx/3.4.4/../../../../pic32mx/lib/size\libc.a(default-bootstrap-exception-handler.o)
 .pdr           0x000006c0       0x20 D:/Electro/Microchip/MPLAB C32/bin/../lib/gcc/pic32mx/3.4.4/../../../../pic32mx/lib/size\libc.a(default-on-reset.o)
 .pdr           0x000006e0       0x20 D:/Electro/Microchip/MPLAB C32/bin/../lib/gcc/pic32mx/3.4.4/../../../../pic32mx/lib/size\libc.a(default-on-bootstrap.o)
 .pdr           0x00000700       0x20 D:/Electro/Microchip/MPLAB C32/bin/../lib/gcc/pic32mx/3.4.4/../../../../pic32mx/lib/size\libc.a(default-nmi-handler.o)
 .pdr           0x00000720       0xa0 D:/Electro/Microchip/MPLAB C32/bin/../lib/gcc/pic32mx/3.4.4/../../../../pic32mx/lib/size\libc.a(_doprnt.o)
 .pdr           0x000007c0       0xa0 D:/Electro/Microchip/MPLAB C32/bin/../lib/gcc/pic32mx/3.4.4/../../../../pic32mx/lib/size\libc.a(_iobstring.o)
 .pdr           0x00000860       0x60 D:/Electro/Microchip/MPLAB C32/bin/../lib/gcc/pic32mx/3.4.4/../../../../pic32mx/lib/size\libc.a(fputc.o)
 .pdr           0x000008c0       0x20 D:/Electro/Microchip/MPLAB C32/bin/../lib/gcc/pic32mx/3.4.4/../../../../pic32mx/lib/size\libc.a(strlen.o)
 .pdr           0x000008e0       0xa0 D:/Electro/Microchip/MPLAB C32/bin/../lib/gcc/pic32mx/3.4.4/../../../../pic32mx/lib/size\libc.a(_iobfuncs.o)
 .pdr           0x00000980       0x20 D:/Electro/Microchip/MPLAB C32/bin/../lib/gcc/pic32mx/3.4.4/../../../../pic32mx/lib/size\libc.a(_mon_getc.o)
 .pdr           0x000009a0       0x20 D:/Electro/Microchip/MPLAB C32/bin/../lib/gcc/pic32mx/3.4.4/../../../../pic32mx/lib/size\libc.a(_mon_write.o)
 .pdr           0x000009c0       0x20 D:/Electro/Microchip/MPLAB C32/bin/../lib/gcc/pic32mx/3.4.4/../../../../pic32mx/lib/size\libc.a(_mon_putc.o)
 .pdr           0x000009e0       0x20 D:/Electro/Microchip/MPLAB C32/bin/../lib/gcc/pic32mx/3.4.4/../../../../pic32mx/lib/size\libmchp_peripheral.a(open_core_timer_lib.o)
 .pdr           0x00000a00       0x20 D:/Electro/Microchip/MPLAB C32/bin/../lib/gcc/pic32mx/3.4.4/../../../../pic32mx/lib/size\libmchp_peripheral.a(read_core_timer_lib.o)
 .pdr           0x00000a20       0x20 D:/Electro/Microchip/MPLAB C32/bin/../lib/gcc/pic32mx/3.4.4/../../../../pic32mx/lib/size\libmchp_peripheral.a(write_core_timer_lib.o)
 .pdr           0x00000a40       0x40 D:/Electro/Microchip/MPLAB C32/bin/../lib/gcc/pic32mx/3.4.4/../../../../pic32mx/lib/size\libmchp_peripheral_32MX460F512L.a(pcache.o)
 .pdr           0x00000a80       0x20 D:/Electro/Microchip/MPLAB C32/bin/../lib/gcc/pic32mx/3.4.4/../../../../pic32mx/lib/size\libmchp_peripheral_32MX460F512L.a(int_disable_interrupts_lib.o)
 .pdr           0x00000aa0       0x20 D:/Electro/Microchip/MPLAB C32/bin/../lib/gcc/pic32mx/3.4.4/../../../../pic32mx/lib/size\libmchp_peripheral_32MX460F512L.a(int_restore_interrupts_lib.o)
 .pdr           0x00000ac0       0x20 D:/Electro/Microchip/MPLAB C32/bin/../lib/gcc/pic32mx/3.4.4/../../../../pic32mx/lib/size\libmchp_peripheral_32MX460F512L.a(int_enable_mv_int_lib.o)
 .pdr           0x00000ae0       0x20 D:/Electro/Microchip/MPLAB C32/bin/../lib/gcc/pic32mx/3.4.4/../../../../pic32mx/lib/size\libmchp_peripheral_32MX460F512L.a(spi_open_spi2_lib_legacy.o)
 .pdr           0x00000b00       0x20 D:/Electro/Microchip/MPLAB C32/bin/../lib/gcc/pic32mx/3.4.4/../../../../pic32mx/lib/size\libmchp_peripheral_32MX460F512L.a(int_enable_interrupts_lib.o)
 .pdr           0x00000b20       0x20 D:/Electro/Microchip/MPLAB C32/bin/../lib/gcc/pic32mx/3.4.4/size\libgcc.a(_udivdi3.o)
 .pdr           0x00000b40       0x20 D:/Electro/Microchip/MPLAB C32/bin/../lib/gcc/pic32mx/3.4.4/size\libgcc.a(_umoddi3.o)

.reginfo        0x00000000       0x18
 *(.reginfo)
 .reginfo       0x00000000       0x18 D:/Electro/Microchip/MPLAB C32/bin/../lib/gcc/pic32mx/3.4.4/../../../../pic32mx/lib/size/crt0.o

.stab
 *(.stab)

.stabstr
 *(.stabstr)

.stab.excl
 *(.stab.excl)

.stab.exclstr
 *(.stab.exclstr)

.stab.index
 *(.stab.index)

.stab.indexstr
 *(.stab.indexstr)

.comment        0x00000000      0xc9a
 *(.comment)
 .comment       0x00000000       0x50 Objects\MainDemo.o
 .comment       0x00000050       0x50 Objects\Primitive.o
 .comment       0x000000a0       0x50 Objects\DisplayDriver.o
 .comment       0x000000f0       0x50 Objects\MMB.o
 .comment       0x00000140       0x50 Objects\GOLFontDefault.o
 .comment       0x00000190       0xa2 D:/Electro/Microchip/MPLAB C32/bin/../lib/gcc/pic32mx/3.4.4/../../../../pic32mx/lib/size\libc.a(sprintf.o)
 .comment       0x00000232       0xa6 D:/Electro/Microchip/MPLAB C32/bin/../lib/gcc/pic32mx/3.4.4/../../../../pic32mx/lib/size\libc.a(__vsnprintf.o)
 .comment       0x000002d8       0x50 D:/Electro/Microchip/MPLAB C32/bin/../lib/gcc/pic32mx/3.4.4/../../../../pic32mx/lib/size\libc.a(default-bootstrap-exception-handler.o)
 .comment       0x00000328       0x50 D:/Electro/Microchip/MPLAB C32/bin/../lib/gcc/pic32mx/3.4.4/../../../../pic32mx/lib/size\libc.a(default-on-reset.o)
 .comment       0x00000378       0x50 D:/Electro/Microchip/MPLAB C32/bin/../lib/gcc/pic32mx/3.4.4/../../../../pic32mx/lib/size\libc.a(default-on-bootstrap.o)
 .comment       0x000003c8       0xa2 D:/Electro/Microchip/MPLAB C32/bin/../lib/gcc/pic32mx/3.4.4/../../../../pic32mx/lib/size\libc.a(_doprnt.o)
 .comment       0x0000046a       0xa5 D:/Electro/Microchip/MPLAB C32/bin/../lib/gcc/pic32mx/3.4.4/../../../../pic32mx/lib/size\libc.a(_iobstring.o)
 .comment       0x0000050f       0xa0 D:/Electro/Microchip/MPLAB C32/bin/../lib/gcc/pic32mx/3.4.4/../../../../pic32mx/lib/size\libc.a(fputc.o)
 .comment       0x000005af       0x56 D:/Electro/Microchip/MPLAB C32/bin/../lib/gcc/pic32mx/3.4.4/../../../../pic32mx/lib/size\libc.a(strlen.o)
 .comment       0x00000605       0xa3 D:/Electro/Microchip/MPLAB C32/bin/../lib/gcc/pic32mx/3.4.4/../../../../pic32mx/lib/size\libc.a(_iobdata.o)
 .comment       0x000006a8       0xa4 D:/Electro/Microchip/MPLAB C32/bin/../lib/gcc/pic32mx/3.4.4/../../../../pic32mx/lib/size\libc.a(_iobfuncs.o)
 .comment       0x0000074c       0x50 D:/Electro/Microchip/MPLAB C32/bin/../lib/gcc/pic32mx/3.4.4/../../../../pic32mx/lib/size\libc.a(_mon_getc.o)
 .comment       0x0000079c       0x50 D:/Electro/Microchip/MPLAB C32/bin/../lib/gcc/pic32mx/3.4.4/../../../../pic32mx/lib/size\libc.a(_mon_write.o)
 .comment       0x000007ec       0x9e D:/Electro/Microchip/MPLAB C32/bin/../lib/gcc/pic32mx/3.4.4/../../../../pic32mx/lib/size\libc.a(errno.o)
 .comment       0x0000088a       0x50 D:/Electro/Microchip/MPLAB C32/bin/../lib/gcc/pic32mx/3.4.4/../../../../pic32mx/lib/size\libc.a(_mon_putc.o)
 .comment       0x000008da       0x50 D:/Electro/Microchip/MPLAB C32/bin/../lib/gcc/pic32mx/3.4.4/../../../../pic32mx/lib/size\libmchp_peripheral.a(open_core_timer_lib.o)
 .comment       0x0000092a       0x50 D:/Electro/Microchip/MPLAB C32/bin/../lib/gcc/pic32mx/3.4.4/../../../../pic32mx/lib/size\libmchp_peripheral.a(read_core_timer_lib.o)
 .comment       0x0000097a       0x50 D:/Electro/Microchip/MPLAB C32/bin/../lib/gcc/pic32mx/3.4.4/../../../../pic32mx/lib/size\libmchp_peripheral.a(write_core_timer_lib.o)
 .comment       0x000009ca       0x50 D:/Electro/Microchip/MPLAB C32/bin/../lib/gcc/pic32mx/3.4.4/../../../../pic32mx/lib/size\libmchp_peripheral_32MX460F512L.a(pcache.o)
 .comment       0x00000a1a       0x50 D:/Electro/Microchip/MPLAB C32/bin/../lib/gcc/pic32mx/3.4.4/../../../../pic32mx/lib/size\libmchp_peripheral_32MX460F512L.a(int_disable_interrupts_lib.o)
 .comment       0x00000a6a       0x50 D:/Electro/Microchip/MPLAB C32/bin/../lib/gcc/pic32mx/3.4.4/../../../../pic32mx/lib/size\libmchp_peripheral_32MX460F512L.a(int_restore_interrupts_lib.o)
 .comment       0x00000aba       0x50 D:/Electro/Microchip/MPLAB C32/bin/../lib/gcc/pic32mx/3.4.4/../../../../pic32mx/lib/size\libmchp_peripheral_32MX460F512L.a(int_enable_mv_int_lib.o)
 .comment       0x00000b0a       0x50 D:/Electro/Microchip/MPLAB C32/bin/../lib/gcc/pic32mx/3.4.4/../../../../pic32mx/lib/size\libmchp_peripheral_32MX460F512L.a(spi_open_spi2_lib_legacy.o)
 .comment       0x00000b5a       0x50 D:/Electro/Microchip/MPLAB C32/bin/../lib/gcc/pic32mx/3.4.4/../../../../pic32mx/lib/size\libmchp_peripheral_32MX460F512L.a(spi_brg_tbl_lib_legacy.o)
 .comment       0x00000baa       0x50 D:/Electro/Microchip/MPLAB C32/bin/../lib/gcc/pic32mx/3.4.4/../../../../pic32mx/lib/size\libmchp_peripheral_32MX460F512L.a(int_enable_interrupts_lib.o)
 .comment       0x00000bfa       0x50 D:/Electro/Microchip/MPLAB C32/bin/../lib/gcc/pic32mx/3.4.4/size\libgcc.a(_udivdi3.o)
 .comment       0x00000c4a       0x50 D:/Electro/Microchip/MPLAB C32/bin/../lib/gcc/pic32mx/3.4.4/size\libgcc.a(_umoddi3.o)

.debug
 *(.debug)

.line
 *(.line)

.debug_srcinfo
 *(.debug_srcinfo)

.debug_sfnames
 *(.debug_sfnames)

.debug_aranges  0x00000000      0x440
 *(.debug_aranges)
 .debug_aranges
                0x00000000       0x20 Objects\MainDemo.o
 .debug_aranges
                0x00000020       0x20 Objects\Primitive.o
 .debug_aranges
                0x00000040       0x20 Objects\DisplayDriver.o
 .debug_aranges
                0x00000060       0x20 Objects\MMB.o
 .debug_aranges
                0x00000080       0x28 D:/Electro/Microchip/MPLAB C32/bin/../lib/gcc/pic32mx/3.4.4/../../../../pic32mx/lib/size\libc.a(sprintf.o)
 .debug_aranges
                0x000000a8       0x28 D:/Electro/Microchip/MPLAB C32/bin/../lib/gcc/pic32mx/3.4.4/../../../../pic32mx/lib/size\libc.a(__vsnprintf.o)
 .debug_aranges
                0x000000d0       0x28 D:/Electro/Microchip/MPLAB C32/bin/../lib/gcc/pic32mx/3.4.4/../../../../pic32mx/lib/size\libc.a(default-bootstrap-exception-handler.o)
 .debug_aranges
                0x000000f8       0x28 D:/Electro/Microchip/MPLAB C32/bin/../lib/gcc/pic32mx/3.4.4/../../../../pic32mx/lib/size\libc.a(default-on-reset.o)
 .debug_aranges
                0x00000120       0x28 D:/Electro/Microchip/MPLAB C32/bin/../lib/gcc/pic32mx/3.4.4/../../../../pic32mx/lib/size\libc.a(default-on-bootstrap.o)
 .debug_aranges
                0x00000148       0x48 D:/Electro/Microchip/MPLAB C32/bin/../lib/gcc/pic32mx/3.4.4/../../../../pic32mx/lib/size\libc.a(_doprnt.o)
 .debug_aranges
                0x00000190       0x48 D:/Electro/Microchip/MPLAB C32/bin/../lib/gcc/pic32mx/3.4.4/../../../../pic32mx/lib/size\libc.a(_iobstring.o)
 .debug_aranges
                0x000001d8       0x38 D:/Electro/Microchip/MPLAB C32/bin/../lib/gcc/pic32mx/3.4.4/../../../../pic32mx/lib/size\libc.a(fputc.o)
 .debug_aranges
                0x00000210       0x48 D:/Electro/Microchip/MPLAB C32/bin/../lib/gcc/pic32mx/3.4.4/../../../../pic32mx/lib/size\libc.a(_iobfuncs.o)
 .debug_aranges
                0x00000258       0x28 D:/Electro/Microchip/MPLAB C32/bin/../lib/gcc/pic32mx/3.4.4/../../../../pic32mx/lib/size\libc.a(_mon_getc.o)
 .debug_aranges
                0x00000280       0x28 D:/Electro/Microchip/MPLAB C32/bin/../lib/gcc/pic32mx/3.4.4/../../../../pic32mx/lib/size\libc.a(_mon_write.o)
 .debug_aranges
                0x000002a8       0x28 D:/Electro/Microchip/MPLAB C32/bin/../lib/gcc/pic32mx/3.4.4/../../../../pic32mx/lib/size\libc.a(_mon_putc.o)
 .debug_aranges
                0x000002d0       0x28 D:/Electro/Microchip/MPLAB C32/bin/../lib/gcc/pic32mx/3.4.4/../../../../pic32mx/lib/size\libmchp_peripheral.a(open_core_timer_lib.o)
 .debug_aranges
                0x000002f8       0x28 D:/Electro/Microchip/MPLAB C32/bin/../lib/gcc/pic32mx/3.4.4/../../../../pic32mx/lib/size\libmchp_peripheral.a(read_core_timer_lib.o)
 .debug_aranges
                0x00000320       0x28 D:/Electro/Microchip/MPLAB C32/bin/../lib/gcc/pic32mx/3.4.4/../../../../pic32mx/lib/size\libmchp_peripheral.a(write_core_timer_lib.o)
 .debug_aranges
                0x00000348       0x30 D:/Electro/Microchip/MPLAB C32/bin/../lib/gcc/pic32mx/3.4.4/../../../../pic32mx/lib/size\libmchp_peripheral_32MX460F512L.a(pcache.o)
 .debug_aranges
                0x00000378       0x28 D:/Electro/Microchip/MPLAB C32/bin/../lib/gcc/pic32mx/3.4.4/../../../../pic32mx/lib/size\libmchp_peripheral_32MX460F512L.a(int_disable_interrupts_lib.o)
 .debug_aranges
                0x000003a0       0x28 D:/Electro/Microchip/MPLAB C32/bin/../lib/gcc/pic32mx/3.4.4/../../../../pic32mx/lib/size\libmchp_peripheral_32MX460F512L.a(int_restore_interrupts_lib.o)
 .debug_aranges
                0x000003c8       0x28 D:/Electro/Microchip/MPLAB C32/bin/../lib/gcc/pic32mx/3.4.4/../../../../pic32mx/lib/size\libmchp_peripheral_32MX460F512L.a(int_enable_mv_int_lib.o)
 .debug_aranges
                0x000003f0       0x28 D:/Electro/Microchip/MPLAB C32/bin/../lib/gcc/pic32mx/3.4.4/../../../../pic32mx/lib/size\libmchp_peripheral_32MX460F512L.a(spi_open_spi2_lib_legacy.o)
 .debug_aranges
                0x00000418       0x28 D:/Electro/Microchip/MPLAB C32/bin/../lib/gcc/pic32mx/3.4.4/../../../../pic32mx/lib/size\libmchp_peripheral_32MX460F512L.a(int_enable_interrupts_lib.o)

.debug_pubnames
                0x00000000      0x751
 *(.debug_pubnames)
 .debug_pubnames
                0x00000000       0x66 Objects\MainDemo.o
 .debug_pubnames
                0x00000066      0x15f Objects\Primitive.o
 .debug_pubnames
                0x000001c5      0x10d Objects\DisplayDriver.o
 .debug_pubnames
                0x000002d2       0xfa Objects\MMB.o
 .debug_pubnames
                0x000003cc       0x30 Objects\GOLFontDefault.o
 .debug_pubnames
                0x000003fc       0x1e D:/Electro/Microchip/MPLAB C32/bin/../lib/gcc/pic32mx/3.4.4/../../../../pic32mx/lib/size\libc.a(sprintf.o)
 .debug_pubnames
                0x0000041a       0x22 D:/Electro/Microchip/MPLAB C32/bin/../lib/gcc/pic32mx/3.4.4/../../../../pic32mx/lib/size\libc.a(__vsnprintf.o)
 .debug_pubnames
                0x0000043c       0x33 D:/Electro/Microchip/MPLAB C32/bin/../lib/gcc/pic32mx/3.4.4/../../../../pic32mx/lib/size\libc.a(default-bootstrap-exception-handler.o)
 .debug_pubnames
                0x0000046f       0x20 D:/Electro/Microchip/MPLAB C32/bin/../lib/gcc/pic32mx/3.4.4/../../../../pic32mx/lib/size\libc.a(default-on-reset.o)
 .debug_pubnames
                0x0000048f       0x24 D:/Electro/Microchip/MPLAB C32/bin/../lib/gcc/pic32mx/3.4.4/../../../../pic32mx/lib/size\libc.a(default-on-bootstrap.o)
 .debug_pubnames
                0x000004b3       0x1f D:/Electro/Microchip/MPLAB C32/bin/../lib/gcc/pic32mx/3.4.4/../../../../pic32mx/lib/size\libc.a(_doprnt.o)
 .debug_pubnames
                0x000004d2       0x31 D:/Electro/Microchip/MPLAB C32/bin/../lib/gcc/pic32mx/3.4.4/../../../../pic32mx/lib/size\libc.a(fputc.o)
 .debug_pubnames
                0x00000503       0x70 D:/Electro/Microchip/MPLAB C32/bin/../lib/gcc/pic32mx/3.4.4/../../../../pic32mx/lib/size\libc.a(_iobfuncs.o)
 .debug_pubnames
                0x00000573       0x20 D:/Electro/Microchip/MPLAB C32/bin/../lib/gcc/pic32mx/3.4.4/../../../../pic32mx/lib/size\libc.a(_mon_getc.o)
 .debug_pubnames
                0x00000593       0x21 D:/Electro/Microchip/MPLAB C32/bin/../lib/gcc/pic32mx/3.4.4/../../../../pic32mx/lib/size\libc.a(_mon_write.o)
 .debug_pubnames
                0x000005b4       0x20 D:/Electro/Microchip/MPLAB C32/bin/../lib/gcc/pic32mx/3.4.4/../../../../pic32mx/lib/size\libc.a(_mon_putc.o)
 .debug_pubnames
                0x000005d4       0x24 D:/Electro/Microchip/MPLAB C32/bin/../lib/gcc/pic32mx/3.4.4/../../../../pic32mx/lib/size\libmchp_peripheral.a(open_core_timer_lib.o)
 .debug_pubnames
                0x000005f8       0x24 D:/Electro/Microchip/MPLAB C32/bin/../lib/gcc/pic32mx/3.4.4/../../../../pic32mx/lib/size\libmchp_peripheral.a(read_core_timer_lib.o)
 .debug_pubnames
                0x0000061c       0x25 D:/Electro/Microchip/MPLAB C32/bin/../lib/gcc/pic32mx/3.4.4/../../../../pic32mx/lib/size\libmchp_peripheral.a(write_core_timer_lib.o)
 .debug_pubnames
                0x00000641       0x3b D:/Electro/Microchip/MPLAB C32/bin/../lib/gcc/pic32mx/3.4.4/../../../../pic32mx/lib/size\libmchp_peripheral_32MX460F512L.a(pcache.o)
 .debug_pubnames
                0x0000067c       0x2b D:/Electro/Microchip/MPLAB C32/bin/../lib/gcc/pic32mx/3.4.4/../../../../pic32mx/lib/size\libmchp_peripheral_32MX460F512L.a(int_disable_interrupts_lib.o)
 .debug_pubnames
                0x000006a7       0x2b D:/Electro/Microchip/MPLAB C32/bin/../lib/gcc/pic32mx/3.4.4/../../../../pic32mx/lib/size\libmchp_peripheral_32MX460F512L.a(int_restore_interrupts_lib.o)
 .debug_pubnames
                0x000006d2       0x36 D:/Electro/Microchip/MPLAB C32/bin/../lib/gcc/pic32mx/3.4.4/../../../../pic32mx/lib/size\libmchp_peripheral_32MX460F512L.a(int_enable_mv_int_lib.o)
 .debug_pubnames
                0x00000708       0x1f D:/Electro/Microchip/MPLAB C32/bin/../lib/gcc/pic32mx/3.4.4/../../../../pic32mx/lib/size\libmchp_peripheral_32MX460F512L.a(spi_open_spi2_lib_legacy.o)
 .debug_pubnames
                0x00000727       0x2a D:/Electro/Microchip/MPLAB C32/bin/../lib/gcc/pic32mx/3.4.4/../../../../pic32mx/lib/size\libmchp_peripheral_32MX460F512L.a(int_enable_interrupts_lib.o)

.debug_info     0x00000000     0x3d44
 *(.debug_info .gnu.linkonce.wi.*)
 .debug_info    0x00000000      0x91f Objects\MainDemo.o
 .debug_info    0x0000091f     0x1189 Objects\Primitive.o
 .debug_info    0x00001aa8      0xbfa Objects\DisplayDriver.o
 .debug_info    0x000026a2      0xcf0 Objects\MMB.o
 .debug_info    0x00003392      0x4ba Objects\GOLFontDefault.o
 .debug_info    0x0000384c       0x30 D:/Electro/Microchip/MPLAB C32/bin/../lib/gcc/pic32mx/3.4.4/../../../../pic32mx/lib/size\libc.a(sprintf.o)
 .debug_info    0x0000387c       0x30 D:/Electro/Microchip/MPLAB C32/bin/../lib/gcc/pic32mx/3.4.4/../../../../pic32mx/lib/size\libc.a(__vsnprintf.o)
 .debug_info    0x000038ac       0x30 D:/Electro/Microchip/MPLAB C32/bin/../lib/gcc/pic32mx/3.4.4/../../../../pic32mx/lib/size\libc.a(default-bootstrap-exception-handler.o)
 .debug_info    0x000038dc       0x30 D:/Electro/Microchip/MPLAB C32/bin/../lib/gcc/pic32mx/3.4.4/../../../../pic32mx/lib/size\libc.a(default-on-reset.o)
 .debug_info    0x0000390c       0x30 D:/Electro/Microchip/MPLAB C32/bin/../lib/gcc/pic32mx/3.4.4/../../../../pic32mx/lib/size\libc.a(default-on-bootstrap.o)
 .debug_info    0x0000393c       0x77 D:/Electro/Microchip/MPLAB C32/bin/../lib/gcc/pic32mx/3.4.4/../../../../pic32mx/lib/size\libc.a(_doprnt.o)
 .debug_info    0x000039b3       0x73 D:/Electro/Microchip/MPLAB C32/bin/../lib/gcc/pic32mx/3.4.4/../../../../pic32mx/lib/size\libc.a(_iobstring.o)
 .debug_info    0x00003a26       0x54 D:/Electro/Microchip/MPLAB C32/bin/../lib/gcc/pic32mx/3.4.4/../../../../pic32mx/lib/size\libc.a(fputc.o)
 .debug_info    0x00003a7a       0x78 D:/Electro/Microchip/MPLAB C32/bin/../lib/gcc/pic32mx/3.4.4/../../../../pic32mx/lib/size\libc.a(_iobfuncs.o)
 .debug_info    0x00003af2       0x30 D:/Electro/Microchip/MPLAB C32/bin/../lib/gcc/pic32mx/3.4.4/../../../../pic32mx/lib/size\libc.a(_mon_getc.o)
 .debug_info    0x00003b22       0x30 D:/Electro/Microchip/MPLAB C32/bin/../lib/gcc/pic32mx/3.4.4/../../../../pic32mx/lib/size\libc.a(_mon_write.o)
 .debug_info    0x00003b52       0x30 D:/Electro/Microchip/MPLAB C32/bin/../lib/gcc/pic32mx/3.4.4/../../../../pic32mx/lib/size\libc.a(_mon_putc.o)
 .debug_info    0x00003b82       0x30 D:/Electro/Microchip/MPLAB C32/bin/../lib/gcc/pic32mx/3.4.4/../../../../pic32mx/lib/size\libmchp_peripheral.a(open_core_timer_lib.o)
 .debug_info    0x00003bb2       0x30 D:/Electro/Microchip/MPLAB C32/bin/../lib/gcc/pic32mx/3.4.4/../../../../pic32mx/lib/size\libmchp_peripheral.a(read_core_timer_lib.o)
 .debug_info    0x00003be2       0x30 D:/Electro/Microchip/MPLAB C32/bin/../lib/gcc/pic32mx/3.4.4/../../../../pic32mx/lib/size\libmchp_peripheral.a(write_core_timer_lib.o)
 .debug_info    0x00003c12       0x42 D:/Electro/Microchip/MPLAB C32/bin/../lib/gcc/pic32mx/3.4.4/../../../../pic32mx/lib/size\libmchp_peripheral_32MX460F512L.a(pcache.o)
 .debug_info    0x00003c54       0x30 D:/Electro/Microchip/MPLAB C32/bin/../lib/gcc/pic32mx/3.4.4/../../../../pic32mx/lib/size\libmchp_peripheral_32MX460F512L.a(int_disable_interrupts_lib.o)
 .debug_info    0x00003c84       0x30 D:/Electro/Microchip/MPLAB C32/bin/../lib/gcc/pic32mx/3.4.4/../../../../pic32mx/lib/size\libmchp_peripheral_32MX460F512L.a(int_restore_interrupts_lib.o)
 .debug_info    0x00003cb4       0x30 D:/Electro/Microchip/MPLAB C32/bin/../lib/gcc/pic32mx/3.4.4/../../../../pic32mx/lib/size\libmchp_peripheral_32MX460F512L.a(int_enable_mv_int_lib.o)
 .debug_info    0x00003ce4       0x30 D:/Electro/Microchip/MPLAB C32/bin/../lib/gcc/pic32mx/3.4.4/../../../../pic32mx/lib/size\libmchp_peripheral_32MX460F512L.a(spi_open_spi2_lib_legacy.o)
 .debug_info    0x00003d14       0x30 D:/Electro/Microchip/MPLAB C32/bin/../lib/gcc/pic32mx/3.4.4/../../../../pic32mx/lib/size\libmchp_peripheral_32MX460F512L.a(int_enable_interrupts_lib.o)

.debug_abbrev   0x00000000      0xe93
 *(.debug_abbrev)
 .debug_abbrev  0x00000000      0x27e Objects\MainDemo.o
 .debug_abbrev  0x0000027e      0x296 Objects\Primitive.o
 .debug_abbrev  0x00000514      0x244 Objects\DisplayDriver.o
 .debug_abbrev  0x00000758      0x2d5 Objects\MMB.o
 .debug_abbrev  0x00000a2d      0x164 Objects\GOLFontDefault.o
 .debug_abbrev  0x00000b91       0x23 D:/Electro/Microchip/MPLAB C32/bin/../lib/gcc/pic32mx/3.4.4/../../../../pic32mx/lib/size\libc.a(sprintf.o)
 .debug_abbrev  0x00000bb4       0x23 D:/Electro/Microchip/MPLAB C32/bin/../lib/gcc/pic32mx/3.4.4/../../../../pic32mx/lib/size\libc.a(__vsnprintf.o)
 .debug_abbrev  0x00000bd7       0x23 D:/Electro/Microchip/MPLAB C32/bin/../lib/gcc/pic32mx/3.4.4/../../../../pic32mx/lib/size\libc.a(default-bootstrap-exception-handler.o)
 .debug_abbrev  0x00000bfa       0x23 D:/Electro/Microchip/MPLAB C32/bin/../lib/gcc/pic32mx/3.4.4/../../../../pic32mx/lib/size\libc.a(default-on-reset.o)
 .debug_abbrev  0x00000c1d       0x23 D:/Electro/Microchip/MPLAB C32/bin/../lib/gcc/pic32mx/3.4.4/../../../../pic32mx/lib/size\libc.a(default-on-bootstrap.o)
 .debug_abbrev  0x00000c40       0x45 D:/Electro/Microchip/MPLAB C32/bin/../lib/gcc/pic32mx/3.4.4/../../../../pic32mx/lib/size\libc.a(_doprnt.o)
 .debug_abbrev  0x00000c85       0x21 D:/Electro/Microchip/MPLAB C32/bin/../lib/gcc/pic32mx/3.4.4/../../../../pic32mx/lib/size\libc.a(_iobstring.o)
 .debug_abbrev  0x00000ca6       0x23 D:/Electro/Microchip/MPLAB C32/bin/../lib/gcc/pic32mx/3.4.4/../../../../pic32mx/lib/size\libc.a(fputc.o)
 .debug_abbrev  0x00000cc9        0x1 D:/Electro/Microchip/MPLAB C32/bin/../lib/gcc/pic32mx/3.4.4/../../../../pic32mx/lib/size\libc.a(_iobdata.o)
 .debug_abbrev  0x00000cca       0x23 D:/Electro/Microchip/MPLAB C32/bin/../lib/gcc/pic32mx/3.4.4/../../../../pic32mx/lib/size\libc.a(_iobfuncs.o)
 .debug_abbrev  0x00000ced       0x23 D:/Electro/Microchip/MPLAB C32/bin/../lib/gcc/pic32mx/3.4.4/../../../../pic32mx/lib/size\libc.a(_mon_getc.o)
 .debug_abbrev  0x00000d10       0x23 D:/Electro/Microchip/MPLAB C32/bin/../lib/gcc/pic32mx/3.4.4/../../../../pic32mx/lib/size\libc.a(_mon_write.o)
 .debug_abbrev  0x00000d33        0x1 D:/Electro/Microchip/MPLAB C32/bin/../lib/gcc/pic32mx/3.4.4/../../../../pic32mx/lib/size\libc.a(errno.o)
 .debug_abbrev  0x00000d34       0x23 D:/Electro/Microchip/MPLAB C32/bin/../lib/gcc/pic32mx/3.4.4/../../../../pic32mx/lib/size\libc.a(_mon_putc.o)
 .debug_abbrev  0x00000d57       0x23 D:/Electro/Microchip/MPLAB C32/bin/../lib/gcc/pic32mx/3.4.4/../../../../pic32mx/lib/size\libmchp_peripheral.a(open_core_timer_lib.o)
 .debug_abbrev  0x00000d7a       0x23 D:/Electro/Microchip/MPLAB C32/bin/../lib/gcc/pic32mx/3.4.4/../../../../pic32mx/lib/size\libmchp_peripheral.a(read_core_timer_lib.o)
 .debug_abbrev  0x00000d9d       0x23 D:/Electro/Microchip/MPLAB C32/bin/../lib/gcc/pic32mx/3.4.4/../../../../pic32mx/lib/size\libmchp_peripheral.a(write_core_timer_lib.o)
 .debug_abbrev  0x00000dc0       0x23 D:/Electro/Microchip/MPLAB C32/bin/../lib/gcc/pic32mx/3.4.4/../../../../pic32mx/lib/size\libmchp_peripheral_32MX460F512L.a(pcache.o)
 .debug_abbrev  0x00000de3       0x23 D:/Electro/Microchip/MPLAB C32/bin/../lib/gcc/pic32mx/3.4.4/../../../../pic32mx/lib/size\libmchp_peripheral_32MX460F512L.a(int_disable_interrupts_lib.o)
 .debug_abbrev  0x00000e06       0x23 D:/Electro/Microchip/MPLAB C32/bin/../lib/gcc/pic32mx/3.4.4/../../../../pic32mx/lib/size\libmchp_peripheral_32MX460F512L.a(int_restore_interrupts_lib.o)
 .debug_abbrev  0x00000e29       0x23 D:/Electro/Microchip/MPLAB C32/bin/../lib/gcc/pic32mx/3.4.4/../../../../pic32mx/lib/size\libmchp_peripheral_32MX460F512L.a(int_enable_mv_int_lib.o)
 .debug_abbrev  0x00000e4c       0x23 D:/Electro/Microchip/MPLAB C32/bin/../lib/gcc/pic32mx/3.4.4/../../../../pic32mx/lib/size\libmchp_peripheral_32MX460F512L.a(spi_open_spi2_lib_legacy.o)
 .debug_abbrev  0x00000e6f        0x1 D:/Electro/Microchip/MPLAB C32/bin/../lib/gcc/pic32mx/3.4.4/../../../../pic32mx/lib/size\libmchp_peripheral_32MX460F512L.a(spi_brg_tbl_lib_legacy.o)
 .debug_abbrev  0x00000e70       0x23 D:/Electro/Microchip/MPLAB C32/bin/../lib/gcc/pic32mx/3.4.4/../../../../pic32mx/lib/size\libmchp_peripheral_32MX460F512L.a(int_enable_interrupts_lib.o)

.debug_line     0x00000000     0x1acb
 *(.debug_line)
 .debug_line    0x00000000      0x2b8 Objects\MainDemo.o
 .debug_line    0x000002b8      0x423 Objects\Primitive.o
 .debug_line    0x000006db      0x358 Objects\DisplayDriver.o
 .debug_line    0x00000a33      0x308 Objects\MMB.o
 .debug_line    0x00000d3b      0x1a4 Objects\GOLFontDefault.o
 .debug_line    0x00000edf       0x82 D:/Electro/Microchip/MPLAB C32/bin/../lib/gcc/pic32mx/3.4.4/../../../../pic32mx/lib/size\libc.a(sprintf.o)
 .debug_line    0x00000f61       0x86 D:/Electro/Microchip/MPLAB C32/bin/../lib/gcc/pic32mx/3.4.4/../../../../pic32mx/lib/size\libc.a(__vsnprintf.o)
 .debug_line    0x00000fe7       0x9e D:/Electro/Microchip/MPLAB C32/bin/../lib/gcc/pic32mx/3.4.4/../../../../pic32mx/lib/size\libc.a(default-bootstrap-exception-handler.o)
 .debug_line    0x00001085       0x8b D:/Electro/Microchip/MPLAB C32/bin/../lib/gcc/pic32mx/3.4.4/../../../../pic32mx/lib/size\libc.a(default-on-reset.o)
 .debug_line    0x00001110       0x8f D:/Electro/Microchip/MPLAB C32/bin/../lib/gcc/pic32mx/3.4.4/../../../../pic32mx/lib/size\libc.a(default-on-bootstrap.o)
 .debug_line    0x0000119f       0x82 D:/Electro/Microchip/MPLAB C32/bin/../lib/gcc/pic32mx/3.4.4/../../../../pic32mx/lib/size\libc.a(_doprnt.o)
 .debug_line    0x00001221       0x85 D:/Electro/Microchip/MPLAB C32/bin/../lib/gcc/pic32mx/3.4.4/../../../../pic32mx/lib/size\libc.a(_iobstring.o)
 .debug_line    0x000012a6       0x80 D:/Electro/Microchip/MPLAB C32/bin/../lib/gcc/pic32mx/3.4.4/../../../../pic32mx/lib/size\libc.a(fputc.o)
 .debug_line    0x00001326       0x84 D:/Electro/Microchip/MPLAB C32/bin/../lib/gcc/pic32mx/3.4.4/../../../../pic32mx/lib/size\libc.a(_iobfuncs.o)
 .debug_line    0x000013aa       0x84 D:/Electro/Microchip/MPLAB C32/bin/../lib/gcc/pic32mx/3.4.4/../../../../pic32mx/lib/size\libc.a(_mon_getc.o)
 .debug_line    0x0000142e       0x85 D:/Electro/Microchip/MPLAB C32/bin/../lib/gcc/pic32mx/3.4.4/../../../../pic32mx/lib/size\libc.a(_mon_write.o)
 .debug_line    0x000014b3       0x84 D:/Electro/Microchip/MPLAB C32/bin/../lib/gcc/pic32mx/3.4.4/../../../../pic32mx/lib/size\libc.a(_mon_putc.o)
 .debug_line    0x00001537       0x9e D:/Electro/Microchip/MPLAB C32/bin/../lib/gcc/pic32mx/3.4.4/../../../../pic32mx/lib/size\libmchp_peripheral.a(open_core_timer_lib.o)
 .debug_line    0x000015d5       0x9e D:/Electro/Microchip/MPLAB C32/bin/../lib/gcc/pic32mx/3.4.4/../../../../pic32mx/lib/size\libmchp_peripheral.a(read_core_timer_lib.o)
 .debug_line    0x00001673       0x9f D:/Electro/Microchip/MPLAB C32/bin/../lib/gcc/pic32mx/3.4.4/../../../../pic32mx/lib/size\libmchp_peripheral.a(write_core_timer_lib.o)
 .debug_line    0x00001712       0x92 D:/Electro/Microchip/MPLAB C32/bin/../lib/gcc/pic32mx/3.4.4/../../../../pic32mx/lib/size\libmchp_peripheral_32MX460F512L.a(pcache.o)
 .debug_line    0x000017a4       0xa3 D:/Electro/Microchip/MPLAB C32/bin/../lib/gcc/pic32mx/3.4.4/../../../../pic32mx/lib/size\libmchp_peripheral_32MX460F512L.a(int_disable_interrupts_lib.o)
 .debug_line    0x00001847       0xa3 D:/Electro/Microchip/MPLAB C32/bin/../lib/gcc/pic32mx/3.4.4/../../../../pic32mx/lib/size\libmchp_peripheral_32MX460F512L.a(int_restore_interrupts_lib.o)
 .debug_line    0x000018ea       0x9e D:/Electro/Microchip/MPLAB C32/bin/../lib/gcc/pic32mx/3.4.4/../../../../pic32mx/lib/size\libmchp_peripheral_32MX460F512L.a(int_enable_mv_int_lib.o)
 .debug_line    0x00001988       0xa1 D:/Electro/Microchip/MPLAB C32/bin/../lib/gcc/pic32mx/3.4.4/../../../../pic32mx/lib/size\libmchp_peripheral_32MX460F512L.a(spi_open_spi2_lib_legacy.o)
 .debug_line    0x00001a29       0xa2 D:/Electro/Microchip/MPLAB C32/bin/../lib/gcc/pic32mx/3.4.4/../../../../pic32mx/lib/size\libmchp_peripheral_32MX460F512L.a(int_enable_interrupts_lib.o)

.debug_frame    0x00000000      0xa38
 *(.debug_frame)
 .debug_frame   0x00000000       0xc8 Objects\MainDemo.o
 .debug_frame   0x000000c8      0x1dc Objects\Primitive.o
 .debug_frame   0x000002a4      0x188 Objects\DisplayDriver.o
 .debug_frame   0x0000042c      0x18c Objects\MMB.o
 .debug_frame   0x000005b8       0x28 D:/Electro/Microchip/MPLAB C32/bin/../lib/gcc/pic32mx/3.4.4/../../../../pic32mx/lib/size\libc.a(sprintf.o)
 .debug_frame   0x000005e0       0x28 D:/Electro/Microchip/MPLAB C32/bin/../lib/gcc/pic32mx/3.4.4/../../../../pic32mx/lib/size\libc.a(__vsnprintf.o)
 .debug_frame   0x00000608       0x20 D:/Electro/Microchip/MPLAB C32/bin/../lib/gcc/pic32mx/3.4.4/../../../../pic32mx/lib/size\libc.a(default-bootstrap-exception-handler.o)
 .debug_frame   0x00000628       0x20 D:/Electro/Microchip/MPLAB C32/bin/../lib/gcc/pic32mx/3.4.4/../../../../pic32mx/lib/size\libc.a(default-on-reset.o)
 .debug_frame   0x00000648       0x20 D:/Electro/Microchip/MPLAB C32/bin/../lib/gcc/pic32mx/3.4.4/../../../../pic32mx/lib/size\libc.a(default-on-bootstrap.o)
 .debug_frame   0x00000668       0xe8 D:/Electro/Microchip/MPLAB C32/bin/../lib/gcc/pic32mx/3.4.4/../../../../pic32mx/lib/size\libc.a(_doprnt.o)
 .debug_frame   0x00000750       0x60 D:/Electro/Microchip/MPLAB C32/bin/../lib/gcc/pic32mx/3.4.4/../../../../pic32mx/lib/size\libc.a(_iobstring.o)
 .debug_frame   0x000007b0       0x50 D:/Electro/Microchip/MPLAB C32/bin/../lib/gcc/pic32mx/3.4.4/../../../../pic32mx/lib/size\libc.a(fputc.o)
 .debug_frame   0x00000800       0x90 D:/Electro/Microchip/MPLAB C32/bin/../lib/gcc/pic32mx/3.4.4/../../../../pic32mx/lib/size\libc.a(_iobfuncs.o)
 .debug_frame   0x00000890       0x20 D:/Electro/Microchip/MPLAB C32/bin/../lib/gcc/pic32mx/3.4.4/../../../../pic32mx/lib/size\libc.a(_mon_getc.o)
 .debug_frame   0x000008b0       0x30 D:/Electro/Microchip/MPLAB C32/bin/../lib/gcc/pic32mx/3.4.4/../../../../pic32mx/lib/size\libc.a(_mon_write.o)
 .debug_frame   0x000008e0       0x20 D:/Electro/Microchip/MPLAB C32/bin/../lib/gcc/pic32mx/3.4.4/../../../../pic32mx/lib/size\libc.a(_mon_putc.o)
 .debug_frame   0x00000900       0x20 D:/Electro/Microchip/MPLAB C32/bin/../lib/gcc/pic32mx/3.4.4/../../../../pic32mx/lib/size\libmchp_peripheral.a(open_core_timer_lib.o)
 .debug_frame   0x00000920       0x20 D:/Electro/Microchip/MPLAB C32/bin/../lib/gcc/pic32mx/3.4.4/../../../../pic32mx/lib/size\libmchp_peripheral.a(read_core_timer_lib.o)
 .debug_frame   0x00000940       0x20 D:/Electro/Microchip/MPLAB C32/bin/../lib/gcc/pic32mx/3.4.4/../../../../pic32mx/lib/size\libmchp_peripheral.a(write_core_timer_lib.o)
 .debug_frame   0x00000960       0x30 D:/Electro/Microchip/MPLAB C32/bin/../lib/gcc/pic32mx/3.4.4/../../../../pic32mx/lib/size\libmchp_peripheral_32MX460F512L.a(pcache.o)
 .debug_frame   0x00000990       0x20 D:/Electro/Microchip/MPLAB C32/bin/../lib/gcc/pic32mx/3.4.4/../../../../pic32mx/lib/size\libmchp_peripheral_32MX460F512L.a(int_disable_interrupts_lib.o)
 .debug_frame   0x000009b0       0x20 D:/Electro/Microchip/MPLAB C32/bin/../lib/gcc/pic32mx/3.4.4/../../../../pic32mx/lib/size\libmchp_peripheral_32MX460F512L.a(int_restore_interrupts_lib.o)
 .debug_frame   0x000009d0       0x28 D:/Electro/Microchip/MPLAB C32/bin/../lib/gcc/pic32mx/3.4.4/../../../../pic32mx/lib/size\libmchp_peripheral_32MX460F512L.a(int_enable_mv_int_lib.o)
 .debug_frame   0x000009f8       0x20 D:/Electro/Microchip/MPLAB C32/bin/../lib/gcc/pic32mx/3.4.4/../../../../pic32mx/lib/size\libmchp_peripheral_32MX460F512L.a(spi_open_spi2_lib_legacy.o)
 .debug_frame   0x00000a18       0x20 D:/Electro/Microchip/MPLAB C32/bin/../lib/gcc/pic32mx/3.4.4/../../../../pic32mx/lib/size\libmchp_peripheral_32MX460F512L.a(int_enable_interrupts_lib.o)

.debug_str      0x00000000     0x185f
 *(.debug_str)
 .debug_str     0x00000000      0x38d Objects\MainDemo.o
                                0x3fb (size before relaxing)
 .debug_str     0x0000038d      0x2c5 Objects\Primitive.o
                                0x620 (size before relaxing)
 .debug_str     0x00000652      0x279 Objects\DisplayDriver.o
                                0x5ce (size before relaxing)
 .debug_str     0x000008cb      0x3d3 Objects\MMB.o
                                0x746 (size before relaxing)
 .debug_str     0x00000c9e       0x59 Objects\GOLFontDefault.o
                                0x3ad (size before relaxing)
 .debug_str     0x00000cf7       0x65 D:/Electro/Microchip/MPLAB C32/bin/../lib/gcc/pic32mx/3.4.4/../../../../pic32mx/lib/size\libc.a(sprintf.o)
                                 0xb7 (size before relaxing)
 .debug_str     0x00000d5c       0x75 D:/Electro/Microchip/MPLAB C32/bin/../lib/gcc/pic32mx/3.4.4/../../../../pic32mx/lib/size\libc.a(__vsnprintf.o)
                                 0xbf (size before relaxing)
 .debug_str     0x00000dd1       0x9e D:/Electro/Microchip/MPLAB C32/bin/../lib/gcc/pic32mx/3.4.4/../../../../pic32mx/lib/size\libc.a(default-bootstrap-exception-handler.o)
                                 0xe8 (size before relaxing)
 .debug_str     0x00000e6f       0x78 D:/Electro/Microchip/MPLAB C32/bin/../lib/gcc/pic32mx/3.4.4/../../../../pic32mx/lib/size\libc.a(default-on-reset.o)
                                 0xc2 (size before relaxing)
 .debug_str     0x00000ee7       0x80 D:/Electro/Microchip/MPLAB C32/bin/../lib/gcc/pic32mx/3.4.4/../../../../pic32mx/lib/size\libc.a(default-on-bootstrap.o)
                                 0xca (size before relaxing)
 .debug_str     0x00000f67       0x8d D:/Electro/Microchip/MPLAB C32/bin/../lib/gcc/pic32mx/3.4.4/../../../../pic32mx/lib/size\libc.a(_doprnt.o)
                                 0xd7 (size before relaxing)
 .debug_str     0x00000ff4       0xb2 D:/Electro/Microchip/MPLAB C32/bin/../lib/gcc/pic32mx/3.4.4/../../../../pic32mx/lib/size\libc.a(_iobstring.o)
                                 0xfc (size before relaxing)
 .debug_str     0x000010a6       0x71 D:/Electro/Microchip/MPLAB C32/bin/../lib/gcc/pic32mx/3.4.4/../../../../pic32mx/lib/size\libc.a(fputc.o)
                                 0xc0 (size before relaxing)
 .debug_str     0x00001117       0xb1 D:/Electro/Microchip/MPLAB C32/bin/../lib/gcc/pic32mx/3.4.4/../../../../pic32mx/lib/size\libc.a(_iobfuncs.o)
                                 0xfb (size before relaxing)
 .debug_str     0x000011c8       0x71 D:/Electro/Microchip/MPLAB C32/bin/../lib/gcc/pic32mx/3.4.4/../../../../pic32mx/lib/size\libc.a(_mon_getc.o)
                                 0xbb (size before relaxing)
 .debug_str     0x00001239       0x73 D:/Electro/Microchip/MPLAB C32/bin/../lib/gcc/pic32mx/3.4.4/../../../../pic32mx/lib/size\libc.a(_mon_write.o)
                                 0xbd (size before relaxing)
 .debug_str     0x000012ac       0x71 D:/Electro/Microchip/MPLAB C32/bin/../lib/gcc/pic32mx/3.4.4/../../../../pic32mx/lib/size\libc.a(_mon_putc.o)
                                 0xbb (size before relaxing)
 .debug_str     0x0000131d       0x8f D:/Electro/Microchip/MPLAB C32/bin/../lib/gcc/pic32mx/3.4.4/../../../../pic32mx/lib/size\libmchp_peripheral.a(open_core_timer_lib.o)
                                 0xd9 (size before relaxing)
 .debug_str     0x000013ac       0x8f D:/Electro/Microchip/MPLAB C32/bin/../lib/gcc/pic32mx/3.4.4/../../../../pic32mx/lib/size\libmchp_peripheral.a(read_core_timer_lib.o)
                                 0xd9 (size before relaxing)
 .debug_str     0x0000143b       0x91 D:/Electro/Microchip/MPLAB C32/bin/../lib/gcc/pic32mx/3.4.4/../../../../pic32mx/lib/size\libmchp_peripheral.a(write_core_timer_lib.o)
                                 0xdb (size before relaxing)
 .debug_str     0x000014cc       0x96 D:/Electro/Microchip/MPLAB C32/bin/../lib/gcc/pic32mx/3.4.4/../../../../pic32mx/lib/size\libmchp_peripheral_32MX460F512L.a(pcache.o)
                                 0xe0 (size before relaxing)
 .debug_str     0x00001562       0x9b D:/Electro/Microchip/MPLAB C32/bin/../lib/gcc/pic32mx/3.4.4/../../../../pic32mx/lib/size\libmchp_peripheral_32MX460F512L.a(int_disable_interrupts_lib.o)
                                 0xe5 (size before relaxing)
 .debug_str     0x000015fd       0x9b D:/Electro/Microchip/MPLAB C32/bin/../lib/gcc/pic32mx/3.4.4/../../../../pic32mx/lib/size\libmchp_peripheral_32MX460F512L.a(int_restore_interrupts_lib.o)
                                 0xe5 (size before relaxing)
 .debug_str     0x00001698       0xa1 D:/Electro/Microchip/MPLAB C32/bin/../lib/gcc/pic32mx/3.4.4/../../../../pic32mx/lib/size\libmchp_peripheral_32MX460F512L.a(int_enable_mv_int_lib.o)
                                 0xeb (size before relaxing)
 .debug_str     0x00001739       0x8d D:/Electro/Microchip/MPLAB C32/bin/../lib/gcc/pic32mx/3.4.4/../../../../pic32mx/lib/size\libmchp_peripheral_32MX460F512L.a(spi_open_spi2_lib_legacy.o)
                                 0xd7 (size before relaxing)
 .debug_str     0x000017c6       0x99 D:/Electro/Microchip/MPLAB C32/bin/../lib/gcc/pic32mx/3.4.4/../../../../pic32mx/lib/size\libmchp_peripheral_32MX460F512L.a(int_enable_interrupts_lib.o)
                                 0xe3 (size before relaxing)

.debug_loc
 *(.debug_loc)

.debug_macinfo
 *(.debug_macinfo)

.debug_weaknames
 *(.debug_weaknames)

.debug_funcnames
 *(.debug_funcnames)

.debug_typenames
 *(.debug_typenames)

.debug_varnames
 *(.debug_varnames)

/DISCARD/
 *(.note.GNU-stack)
OUTPUT(Objects\Mandelbrot LCD FP.elf elf32-tradlittlemips)

.mdebug.abi32   0x9d00a5c4        0x0

.rel.dyn        0x9d00a5c4        0x0
