Archive member included because of file (symbol)

D:/Electro/Microchip/MPLAB C32/bin/../lib/gcc/pic32mx/3.4.4/../../../../pic32mx/lib\libc.a(memset.o)
                              obj\Graphic.o (memset)
D:/Electro/Microchip/MPLAB C32/bin/../lib/gcc/pic32mx/3.4.4/../../../../pic32mx/lib\libc.a(strlen.o)
                              obj\Cubes.o (strlen)
D:/Electro/Microchip/MPLAB C32/bin/../lib/gcc/pic32mx/3.4.4/../../../../pic32mx/lib\libc.a(general-exception.o)
                              D:/Electro/Microchip/MPLAB C32/bin/../lib/gcc/pic32mx/3.4.4/../../../../pic32mx/lib/crt0.o (_general_exception_context)
D:/Electro/Microchip/MPLAB C32/bin/../lib/gcc/pic32mx/3.4.4/../../../../pic32mx/lib\libc.a(rand.o)
                              obj\Cubes.o (srand)
D:/Electro/Microchip/MPLAB C32/bin/../lib/gcc/pic32mx/3.4.4/../../../../pic32mx/lib\libc.a(isprintf.o)
                              obj\Cubes.o (_isprintf)
D:/Electro/Microchip/MPLAB C32/bin/../lib/gcc/pic32mx/3.4.4/../../../../pic32mx/lib\libc.a(__ivsnprintf.o)
                              D:/Electro/Microchip/MPLAB C32/bin/../lib/gcc/pic32mx/3.4.4/../../../../pic32mx/lib\libc.a(isprintf.o) (__ivsnprintf)
D:/Electro/Microchip/MPLAB C32/bin/../lib/gcc/pic32mx/3.4.4/../../../../pic32mx/lib\libc.a(stubs.o)
                              D:/Electro/Microchip/MPLAB C32/bin/../lib/gcc/pic32mx/3.4.4/../../../../pic32mx/lib\libc.a(rand.o) (_libc_private_storage)
D:/Electro/Microchip/MPLAB C32/bin/../lib/gcc/pic32mx/3.4.4/../../../../pic32mx/lib\libc.a(default-bootstrap-exception-handler.o)
                              D:/Electro/Microchip/MPLAB C32/bin/../lib/gcc/pic32mx/3.4.4/../../../../pic32mx/lib/crt0.o (_bootstrap_exception_handler)
D:/Electro/Microchip/MPLAB C32/bin/../lib/gcc/pic32mx/3.4.4/../../../../pic32mx/lib\libc.a(default-on-reset.o)
                              D:/Electro/Microchip/MPLAB C32/bin/../lib/gcc/pic32mx/3.4.4/../../../../pic32mx/lib/crt0.o (_on_reset)
D:/Electro/Microchip/MPLAB C32/bin/../lib/gcc/pic32mx/3.4.4/../../../../pic32mx/lib\libc.a(default-on-bootstrap.o)
                              D:/Electro/Microchip/MPLAB C32/bin/../lib/gcc/pic32mx/3.4.4/../../../../pic32mx/lib/crt0.o (_on_bootstrap)
D:/Electro/Microchip/MPLAB C32/bin/../lib/gcc/pic32mx/3.4.4/../../../../pic32mx/lib\libc.a(default-nmi-handler.o)
                              D:/Electro/Microchip/MPLAB C32/bin/../lib/gcc/pic32mx/3.4.4/../../../../pic32mx/lib/crt0.o (_nmi_handler)
D:/Electro/Microchip/MPLAB C32/bin/../lib/gcc/pic32mx/3.4.4/../../../../pic32mx/lib\libc.a(_iobstring.o)
                              D:/Electro/Microchip/MPLAB C32/bin/../lib/gcc/pic32mx/3.4.4/../../../../pic32mx/lib\libc.a(__ivsnprintf.o) (_io_strfuncs)
D:/Electro/Microchip/MPLAB C32/bin/../lib/gcc/pic32mx/3.4.4/../../../../pic32mx/lib\libc.a(_idoprnt.o)
                              D:/Electro/Microchip/MPLAB C32/bin/../lib/gcc/pic32mx/3.4.4/../../../../pic32mx/lib\libc.a(__ivsnprintf.o) (_ivfprintf)
D:/Electro/Microchip/MPLAB C32/bin/../lib/gcc/pic32mx/3.4.4/../../../../pic32mx/lib\libc.a(fputc.o)
                              D:/Electro/Microchip/MPLAB C32/bin/../lib/gcc/pic32mx/3.4.4/../../../../pic32mx/lib\libc.a(_idoprnt.o) (fputc)
D:/Electro/Microchip/MPLAB C32/bin/../lib/gcc/pic32mx/3.4.4/../../../../pic32mx/lib\libc.a(_iobdata.o)
                              D:/Electro/Microchip/MPLAB C32/bin/../lib/gcc/pic32mx/3.4.4/../../../../pic32mx/lib\libc.a(fputc.o) (_libc_data)
D:/Electro/Microchip/MPLAB C32/bin/../lib/gcc/pic32mx/3.4.4/../../../../pic32mx/lib\libc.a(_iobfuncs.o)
                              D:/Electro/Microchip/MPLAB C32/bin/../lib/gcc/pic32mx/3.4.4/../../../../pic32mx/lib\libc.a(_iobdata.o) (_filbuf_simple)
D:/Electro/Microchip/MPLAB C32/bin/../lib/gcc/pic32mx/3.4.4/../../../../pic32mx/lib\libc.a(_mon_getc.o)
                              D:/Electro/Microchip/MPLAB C32/bin/../lib/gcc/pic32mx/3.4.4/../../../../pic32mx/lib\libc.a(_iobfuncs.o) (_mon_getc)
D:/Electro/Microchip/MPLAB C32/bin/../lib/gcc/pic32mx/3.4.4/../../../../pic32mx/lib\libc.a(_mon_write.o)
                              D:/Electro/Microchip/MPLAB C32/bin/../lib/gcc/pic32mx/3.4.4/../../../../pic32mx/lib\libc.a(_iobfuncs.o) (_mon_write)
D:/Electro/Microchip/MPLAB C32/bin/../lib/gcc/pic32mx/3.4.4/../../../../pic32mx/lib\libc.a(errno.o)
                              D:/Electro/Microchip/MPLAB C32/bin/../lib/gcc/pic32mx/3.4.4/../../../../pic32mx/lib\libc.a(_iobfuncs.o) (errno)
D:/Electro/Microchip/MPLAB C32/bin/../lib/gcc/pic32mx/3.4.4/../../../../pic32mx/lib\libc.a(_mon_putc.o)
                              D:/Electro/Microchip/MPLAB C32/bin/../lib/gcc/pic32mx/3.4.4/../../../../pic32mx/lib\libc.a(_mon_write.o) (_mon_putc)
D:/Electro/Microchip/MPLAB C32/bin/../lib/gcc/pic32mx/3.4.4/../../../../pic32mx/lib\libm.a(arc32.o)
                              obj\Cubes.o (atan)
D:/Electro/Microchip/MPLAB C32/bin/../lib/gcc/pic32mx/3.4.4/../../../../pic32mx/lib\libm.a(func32.o)
[...]
Memory Configuration

Name             Origin             Length             Attributes
kseg0_program_mem 0x9d000000         0x00080000         xr
kseg0_boot_mem   0x9fc00490         0x00000970
exception_mem    0x9fc01000         0x00001000
kseg1_boot_mem   0xbfc00000         0x00000490
debug_exec_mem   0xbfc02000         0x00000ff0
config3          0xbfc02ff0         0x00000004
config2          0xbfc02ff4         0x00000004
config1          0xbfc02ff8         0x00000004
config0          0xbfc02ffc         0x00000004
kseg1_data_mem   0xa0000000         0x00008000         w !x
sfrs             0xbf800000         0x00100000
configsfrs       0xbfc02ff0         0x00000010
*default*        0x00000000         0xffffffff

Linker script and memory map

LOAD D:/Electro/Microchip/MPLAB C32/bin/../lib/gcc/pic32mx/3.4.4/../../../../pic32mx/lib/crt0.o
LOAD obj\Cubes.o
LOAD obj\Graphic.o
LOAD obj\DisplayDriver.o
LOAD obj\Primitive.o
LOAD obj\Geometry2.o
LOAD obj\MMB.o
                0x00000001                __MPLAB_BUILD = 0x1
                0x000007d0                _min_stack_size = 0x7d0
LOAD D:/Electro/Microchip/MPLAB C32/bin/../lib/gcc/pic32mx/3.4.4\libgcc.a
START GROUP
LOAD D:/Electro/Microchip/MPLAB C32/bin/../lib/gcc/pic32mx/3.4.4/../../../../pic32mx/lib\libdebug.a
LOAD D:/Electro/Microchip/MPLAB C32/bin/../lib/gcc/pic32mx/3.4.4/../../../../pic32mx/lib\libc.a
LOAD D:/Electro/Microchip/MPLAB C32/bin/../lib/gcc/pic32mx/3.4.4/../../../../pic32mx/lib\libm.a
LOAD D:/Electro/Microchip/MPLAB C32/bin/../lib/gcc/pic32mx/3.4.4/../../../../pic32mx/lib\libe.a
LOAD D:/Electro/Microchip/MPLAB C32/bin/../lib/gcc/pic32mx/3.4.4/../../../../pic32mx/lib\libdsp.a
LOAD D:/Electro/Microchip/MPLAB C32/bin/../lib/gcc/pic32mx/3.4.4/../../../../pic32mx/lib\libmchp_peripheral.a
LOAD D:/Electro/Microchip/MPLAB C32/bin/../lib/gcc/pic32mx/3.4.4/../../../../pic32mx/lib\libmchp_peripheral_32MX460F512L.a
END GROUP
LOAD D:/Electro/Microchip/MPLAB C32/bin/../lib/gcc/pic32mx/3.4.4\libgcc.a
                0x00000400                PROVIDE (_min_stack_size, 0x400)
                0x00000000                PROVIDE (_min_heap_size, 0x0)
LOAD D:/Electro/Microchip/MPLAB C32/bin/../lib/gcc/pic32mx/3.4.4/../../../../pic32mx/lib/./proc/32MX460F512L\processor.o
                0x00000001                PROVIDE (_vector_spacing, 0x1)
                0x9fc01000                _ebase_address = 0x9fc01000
                0xbfc00000                _RESET_ADDR = 0xbfc00000
                0xbfc00380                _BEV_EXCPT_ADDR = 0xbfc00380
                0xbfc00480                _DBG_EXCPT_ADDR = 0xbfc00480
                0xbfc02000                _DBG_CODE_ADDR = 0xbfc02000
                0x9fc01180                _GEN_EXCPT_ADDR = (_ebase_address + 0x180)

.config_BFC02FF0
 *(.config_BFC02FF0)

.config_BFC02FF4
                0xbfc02ff4        0x4
 *(.config_BFC02FF4)
 .config_BFC02FF4
                0xbfc02ff4        0x4 obj\Cubes.o

.config_BFC02FF8
                0xbfc02ff8        0x4
 *(.config_BFC02FF8)
 .config_BFC02FF8
                0xbfc02ff8        0x4 obj\Cubes.o

.config_BFC02FFC
                0xbfc02ffc        0x4
 *(.config_BFC02FFC)
 .config_BFC02FFC
                0xbfc02ffc        0x4 obj\Cubes.o

.reset          0xbfc00000       0x10
 *(.reset)
 .reset         0xbfc00000       0x10 D:/Electro/Microchip/MPLAB C32/bin/../lib/gcc/pic32mx/3.4.4/../../../../pic32mx/lib/crt0.o
                0xbfc00000                _reset

.bev_excpt      0xbfc00380       0x10
 *(.bev_handler)
 .bev_handler   0xbfc00380       0x10 D:/Electro/Microchip/MPLAB C32/bin/../lib/gcc/pic32mx/3.4.4/../../../../pic32mx/lib/crt0.o

.dbg_excpt      0xbfc00480        0x0
                0xbfc00480                . = (. + DEFINED (_DEBUGGER)?0x8:0x0)

.dbg_code       0xbfc02000        0x0
                0xbfc02000                . = (. + DEFINED (_DEBUGGER)?0xff0:0x0)

.app_excpt      0x9fc01180       0x10
 *(.gen_handler)
 .gen_handler   0x9fc01180       0x10 D:/Electro/Microchip/MPLAB C32/bin/../lib/gcc/pic32mx/3.4.4/../../../../pic32mx/lib/crt0.o

.vector_0       0x9fc01200        0x0
 *(.vector_0)
                0x00000001                ASSERT (((_vector_spacing == 0x0) || (SIZEOF (.vector_0) <= (_vector_spacing << 0x5))), function at exception vector 0 too large)

.vector_1       0x9fc01220        0x0
 *(.vector_1)
                0x00000001                ASSERT (((_vector_spacing == 0x0) || (SIZEOF (.vector_1) <= (_vector_spacing << 0x5))), function at exception vector 1 too large)

.vector_2       0x9fc01240        0x0
 *(.vector_2)
                0x00000001                ASSERT (((_vector_spacing == 0x0) || (SIZEOF (.vector_2) <= (_vector_spacing << 0x5))), function at exception vector 2 too large)

.vector_3       0x9fc01260        0x0
 *(.vector_3)
                0x00000001                ASSERT (((_vector_spacing == 0x0) || (SIZEOF (.vector_3) <= (_vector_spacing << 0x5))), function at exception vector 3 too large)

.vector_4       0x9fc01280        0x0
 *(.vector_4)
                0x00000001                ASSERT (((_vector_spacing == 0x0) || (SIZEOF (.vector_4) <= (_vector_spacing << 0x5))), function at exception vector 4 too large)

.vector_5       0x9fc012a0        0x0
 *(.vector_5)
                0x00000001                ASSERT (((_vector_spacing == 0x0) || (SIZEOF (.vector_5) <= (_vector_spacing << 0x5))), function at exception vector 5 too large)

.vector_6       0x9fc012c0        0x0
 *(.vector_6)
                0x00000001                ASSERT (((_vector_spacing == 0x0) || (SIZEOF (.vector_6) <= (_vector_spacing << 0x5))), function at exception vector 6 too large)

.vector_7       0x9fc012e0        0x0
 *(.vector_7)
                0x00000001                ASSERT (((_vector_spacing == 0x0) || (SIZEOF (.vector_7) <= (_vector_spacing << 0x5))), function at exception vector 7 too large)

.vector_8       0x9fc01300        0x0
 *(.vector_8)
                0x00000001                ASSERT (((_vector_spacing == 0x0) || (SIZEOF (.vector_8) <= (_vector_spacing << 0x5))), function at exception vector 8 too large)

.vector_9       0x9fc01320        0x0
 *(.vector_9)
                0x00000001                ASSERT (((_vector_spacing == 0x0) || (SIZEOF (.vector_9) <= (_vector_spacing << 0x5))), function at exception vector 9 too large)

.vector_10      0x9fc01340        0x0
 *(.vector_10)
                0x00000001                ASSERT (((_vector_spacing == 0x0) || (SIZEOF (.vector_10) <= (_vector_spacing << 0x5))), function at exception vector 10 too large)

.vector_11      0x9fc01360        0x0
 *(.vector_11)
                0x00000001                ASSERT (((_vector_spacing == 0x0) || (SIZEOF (.vector_11) <= (_vector_spacing << 0x5))), function at exception vector 11 too large)

.vector_12      0x9fc01380        0x0
 *(.vector_12)
                0x00000001                ASSERT (((_vector_spacing == 0x0) || (SIZEOF (.vector_12) <= (_vector_spacing << 0x5))), function at exception vector 12 too large)

.vector_13      0x9fc013a0        0x0
 *(.vector_13)
                0x00000001                ASSERT (((_vector_spacing == 0x0) || (SIZEOF (.vector_13) <= (_vector_spacing << 0x5))), function at exception vector 13 too large)

.vector_14      0x9fc013c0        0x0
 *(.vector_14)
                0x00000001                ASSERT (((_vector_spacing == 0x0) || (SIZEOF (.vector_14) <= (_vector_spacing << 0x5))), function at exception vector 14 too large)

.vector_15      0x9fc013e0        0x0
 *(.vector_15)
                0x00000001                ASSERT (((_vector_spacing == 0x0) || (SIZEOF (.vector_15) <= (_vector_spacing << 0x5))), function at exception vector 15 too large)

.vector_16      0x9fc01400        0x0
 *(.vector_16)
                0x00000001                ASSERT (((_vector_spacing == 0x0) || (SIZEOF (.vector_16) <= (_vector_spacing << 0x5))), function at exception vector 16 too large)

.vector_17      0x9fc01420        0x0
 *(.vector_17)
                0x00000001                ASSERT (((_vector_spacing == 0x0) || (SIZEOF (.vector_17) <= (_vector_spacing << 0x5))), function at exception vector 17 too large)

.vector_18      0x9fc01440        0x0
 *(.vector_18)
                0x00000001                ASSERT (((_vector_spacing == 0x0) || (SIZEOF (.vector_18) <= (_vector_spacing << 0x5))), function at exception vector 18 too large)

.vector_19      0x9fc01460        0x0
 *(.vector_19)
                0x00000001                ASSERT (((_vector_spacing == 0x0) || (SIZEOF (.vector_19) <= (_vector_spacing << 0x5))), function at exception vector 19 too large)

.vector_20      0x9fc01480        0x0
 *(.vector_20)
                0x00000001                ASSERT (((_vector_spacing == 0x0) || (SIZEOF (.vector_20) <= (_vector_spacing << 0x5))), function at exception vector 20 too large)

.vector_21      0x9fc014a0        0x0
 *(.vector_21)
                0x00000001                ASSERT (((_vector_spacing == 0x0) || (SIZEOF (.vector_21) <= (_vector_spacing << 0x5))), function at exception vector 21 too large)

.vector_22      0x9fc014c0        0x0
 *(.vector_22)
                0x00000001                ASSERT (((_vector_spacing == 0x0) || (SIZEOF (.vector_22) <= (_vector_spacing << 0x5))), function at exception vector 22 too large)

.vector_23      0x9fc014e0        0x0
 *(.vector_23)
                0x00000001                ASSERT (((_vector_spacing == 0x0) || (SIZEOF (.vector_23) <= (_vector_spacing << 0x5))), function at exception vector 23 too large)

.vector_24      0x9fc01500        0x0
 *(.vector_24)
                0x00000001                ASSERT (((_vector_spacing == 0x0) || (SIZEOF (.vector_24) <= (_vector_spacing << 0x5))), function at exception vector 24 too large)

.vector_25      0x9fc01520        0x0
 *(.vector_25)
                0x00000001                ASSERT (((_vector_spacing == 0x0) || (SIZEOF (.vector_25) <= (_vector_spacing << 0x5))), function at exception vector 25 too large)

.vector_26      0x9fc01540        0x0
 *(.vector_26)
                0x00000001                ASSERT (((_vector_spacing == 0x0) || (SIZEOF (.vector_26) <= (_vector_spacing << 0x5))), function at exception vector 26 too large)

.vector_27      0x9fc01560        0x0
 *(.vector_27)
                0x00000001                ASSERT (((_vector_spacing == 0x0) || (SIZEOF (.vector_27) <= (_vector_spacing << 0x5))), function at exception vector 27 too large)

.vector_28      0x9fc01580        0x0
 *(.vector_28)
                0x00000001                ASSERT (((_vector_spacing == 0x0) || (SIZEOF (.vector_28) <= (_vector_spacing << 0x5))), function at exception vector 28 too large)

.vector_29      0x9fc015a0        0x0
 *(.vector_29)
                0x00000001                ASSERT (((_vector_spacing == 0x0) || (SIZEOF (.vector_29) <= (_vector_spacing << 0x5))), function at exception vector 29 too large)

.vector_30      0x9fc015c0        0x0
 *(.vector_30)
                0x00000001                ASSERT (((_vector_spacing == 0x0) || (SIZEOF (.vector_30) <= (_vector_spacing << 0x5))), function at exception vector 30 too large)

.vector_31      0x9fc015e0        0x0
 *(.vector_31)
                0x00000001                ASSERT (((_vector_spacing == 0x0) || (SIZEOF (.vector_31) <= (_vector_spacing << 0x5))), function at exception vector 31 too large)

.vector_32      0x9fc01600        0x0
 *(.vector_32)
                0x00000001                ASSERT (((_vector_spacing == 0x0) || (SIZEOF (.vector_32) <= (_vector_spacing << 0x5))), function at exception vector 32 too large)

.vector_33      0x9fc01620        0x0
 *(.vector_33)
                0x00000001                ASSERT (((_vector_spacing == 0x0) || (SIZEOF (.vector_33) <= (_vector_spacing << 0x5))), function at exception vector 33 too large)

.vector_34      0x9fc01640        0x0
 *(.vector_34)
                0x00000001                ASSERT (((_vector_spacing == 0x0) || (SIZEOF (.vector_34) <= (_vector_spacing << 0x5))), function at exception vector 34 too large)

.vector_35      0x9fc01660        0x0
 *(.vector_35)
                0x00000001                ASSERT (((_vector_spacing == 0x0) || (SIZEOF (.vector_35) <= (_vector_spacing << 0x5))), function at exception vector 35 too large)

.vector_36      0x9fc01680        0x0
 *(.vector_36)
                0x00000001                ASSERT (((_vector_spacing == 0x0) || (SIZEOF (.vector_36) <= (_vector_spacing << 0x5))), function at exception vector 36 too large)

.vector_37      0x9fc016a0        0x0
 *(.vector_37)
                0x00000001                ASSERT (((_vector_spacing == 0x0) || (SIZEOF (.vector_37) <= (_vector_spacing << 0x5))), function at exception vector 37 too large)

.vector_38      0x9fc016c0        0x0
 *(.vector_38)
                0x00000001                ASSERT (((_vector_spacing == 0x0) || (SIZEOF (.vector_38) <= (_vector_spacing << 0x5))), function at exception vector 38 too large)

.vector_39      0x9fc016e0        0x0
 *(.vector_39)
                0x00000001                ASSERT (((_vector_spacing == 0x0) || (SIZEOF (.vector_39) <= (_vector_spacing << 0x5))), function at exception vector 39 too large)

.vector_40      0x9fc01700        0x0
 *(.vector_40)
                0x00000001                ASSERT (((_vector_spacing == 0x0) || (SIZEOF (.vector_40) <= (_vector_spacing << 0x5))), function at exception vector 40 too large)

.vector_41      0x9fc01720        0x0
 *(.vector_41)
                0x00000001                ASSERT (((_vector_spacing == 0x0) || (SIZEOF (.vector_41) <= (_vector_spacing << 0x5))), function at exception vector 41 too large)

.vector_42      0x9fc01740        0x0
 *(.vector_42)
                0x00000001                ASSERT (((_vector_spacing == 0x0) || (SIZEOF (.vector_42) <= (_vector_spacing << 0x5))), function at exception vector 42 too large)

.vector_43      0x9fc01760        0x0
 *(.vector_43)
                0x00000001                ASSERT (((_vector_spacing == 0x0) || (SIZEOF (.vector_43) <= (_vector_spacing << 0x5))), function at exception vector 43 too large)

.vector_44      0x9fc01780        0x0
 *(.vector_44)
                0x00000001                ASSERT (((_vector_spacing == 0x0) || (SIZEOF (.vector_44) <= (_vector_spacing << 0x5))), function at exception vector 44 too large)

.vector_45      0x9fc017a0        0x0
 *(.vector_45)
                0x00000001                ASSERT (((_vector_spacing == 0x0) || (SIZEOF (.vector_45) <= (_vector_spacing << 0x5))), function at exception vector 45 too large)

.vector_46      0x9fc017c0        0x0
 *(.vector_46)
                0x00000001                ASSERT (((_vector_spacing == 0x0) || (SIZEOF (.vector_46) <= (_vector_spacing << 0x5))), function at exception vector 46 too large)

.vector_47      0x9fc017e0        0x0
 *(.vector_47)
                0x00000001                ASSERT (((_vector_spacing == 0x0) || (SIZEOF (.vector_47) <= (_vector_spacing << 0x5))), function at exception vector 47 too large)

.vector_48      0x9fc01800        0x0
 *(.vector_48)
                0x00000001                ASSERT (((_vector_spacing == 0x0) || (SIZEOF (.vector_48) <= (_vector_spacing << 0x5))), function at exception vector 48 too large)

.vector_49      0x9fc01820        0x0
 *(.vector_49)
                0x00000001                ASSERT (((_vector_spacing == 0x0) || (SIZEOF (.vector_49) <= (_vector_spacing << 0x5))), function at exception vector 49 too large)

.vector_50      0x9fc01840        0x0
 *(.vector_50)
                0x00000001                ASSERT (((_vector_spacing == 0x0) || (SIZEOF (.vector_50) <= (_vector_spacing << 0x5))), function at exception vector 50 too large)

.vector_51      0x9fc01860        0x0
 *(.vector_51)
                0x00000001                ASSERT (((_vector_spacing == 0x0) || (SIZEOF (.vector_51) <= (_vector_spacing << 0x5))), function at exception vector 51 too large)

.vector_52      0x9fc01880        0x0
 *(.vector_52)
                0x00000001                ASSERT (((_vector_spacing == 0x0) || (SIZEOF (.vector_52) <= (_vector_spacing << 0x5))), function at exception vector 52 too large)

.vector_53      0x9fc018a0        0x0
 *(.vector_53)
                0x00000001                ASSERT (((_vector_spacing == 0x0) || (SIZEOF (.vector_53) <= (_vector_spacing << 0x5))), function at exception vector 53 too large)

.vector_54      0x9fc018c0        0x0
 *(.vector_54)
                0x00000001                ASSERT (((_vector_spacing == 0x0) || (SIZEOF (.vector_54) <= (_vector_spacing << 0x5))), function at exception vector 54 too large)

.vector_55      0x9fc018e0        0x0
 *(.vector_55)
                0x00000001                ASSERT (((_vector_spacing == 0x0) || (SIZEOF (.vector_55) <= (_vector_spacing << 0x5))), function at exception vector 55 too large)

.vector_56      0x9fc01900        0x0
 *(.vector_56)
                0x00000001                ASSERT (((_vector_spacing == 0x0) || (SIZEOF (.vector_56) <= (_vector_spacing << 0x5))), function at exception vector 56 too large)

.vector_57      0x9fc01920        0x0
 *(.vector_57)
                0x00000001                ASSERT (((_vector_spacing == 0x0) || (SIZEOF (.vector_57) <= (_vector_spacing << 0x5))), function at exception vector 57 too large)

.vector_58      0x9fc01940        0x0
 *(.vector_58)
                0x00000001                ASSERT (((_vector_spacing == 0x0) || (SIZEOF (.vector_58) <= (_vector_spacing << 0x5))), function at exception vector 58 too large)

.vector_59      0x9fc01960        0x0
 *(.vector_59)
                0x00000001                ASSERT (((_vector_spacing == 0x0) || (SIZEOF (.vector_59) <= (_vector_spacing << 0x5))), function at exception vector 59 too large)

.vector_60      0x9fc01980        0x0
 *(.vector_60)
                0x00000001                ASSERT (((_vector_spacing == 0x0) || (SIZEOF (.vector_60) <= (_vector_spacing << 0x5))), function at exception vector 60 too large)

.vector_61      0x9fc019a0        0x0
 *(.vector_61)
                0x00000001                ASSERT (((_vector_spacing == 0x0) || (SIZEOF (.vector_61) <= (_vector_spacing << 0x5))), function at exception vector 61 too large)

.vector_62      0x9fc019c0        0x0
 *(.vector_62)
                0x00000001                ASSERT (((_vector_spacing == 0x0) || (SIZEOF (.vector_62) <= (_vector_spacing << 0x5))), function at exception vector 62 too large)

.vector_63      0x9fc019e0        0x0
 *(.vector_63)
                0x00000001                ASSERT (((_vector_spacing == 0x0) || (SIZEOF (.vector_63) <= (_vector_spacing << 0x5))), function at exception vector 63 too large)

.startup        0x9fc00490      0x1e0
 *(.startup)
 .startup       0x9fc00490      0x1e0 D:/Electro/Microchip/MPLAB C32/bin/../lib/gcc/pic32mx/3.4.4/../../../../pic32mx/lib/crt0.o

.text           0x9d000000     0x8318
                0x9d000000                _text_begin = .
 *(.text .stub .text.* .gnu.linkonce.t.*)
 .text          0x9d000000       0x18 D:/Electro/Microchip/MPLAB C32/bin/../lib/gcc/pic32mx/3.4.4/../../../../pic32mx/lib/crt0.o
 .text          0x9d000018      0xc94 obj\Cubes.o
                0x9d0001e0                appPoint
                0x9d000620                AccAverage
                0x9d000454                createObject
                0x9d000724                qatan
                0x9d0002c0                cube
                0x9d0008a8                main
                0x9d000288                appPoly
                0x9d000140                drawObject
                0x9d000018                drawPolygons
 .text          0x9d000cac      0x834 obj\Graphic.o
                0x9d000fd8                gPlotV
                0x9d001490                putsV
                0x9d001068                gLine
                0x9d000fa8                gClearScreen
                0x9d000f3c                initVideo
                0x9d001318                putcV
                0x9d000cac                copyV
 .text          0x9d0014e0      0xce8 obj\DisplayDriver.o
                0x9d0014e0                DelayMs
                0x9d00158c                SetReg
                0x9d0021c0                PutImage
                0x9d001618                GetReg
                0x9d001fa8                ClearDevice
                0x9d0016c0                ResetDevice
                0x9d001d1c                Bar
                0x9d001acc                PutPixel
 .text          0x9d0021c8     0x14c8 obj\Primitive.o
                0x9d002be8                Bevel
                0x9d00324c                DrawPoly
                0x9d003398                OutTextXY
                0x9d003018                FillBevel
                0x9d003338                OutText
                0x9d003304                SetFont
                0x9d003688                GetImageHeight
                0x9d003680                GetImageWidth
                0x9d002868                Line
                0x9d002208                Arc
                0x9d003660                GetTextHeight
                0x9d0035d0                GetTextWidth
                0x9d0021c8                InitGraph
                0x9d0033c0                OutChar
 .text          0x9d003690      0x3bc obj\Geometry2.o
                0x9d003754                fcos
                0x9d003800                initWorld
                0x9d003774                matrixProd
                0x9d003690                fsin
 .text          0x9d003a4c      0xbb4 obj\MMB.o
                0x9d003fb4                MMBGetKey
                0x9d003a5c                MMBInit
                0x9d0041ec                MMBAccRead
                0x9d004380                MMBFadeIn
                0x9d003cc8                MMBReadT
                0x9d004064                MMBAccInit
                0x9d004484                MMBFadeOut
                0x9d003d58                MMBReadStopwatch
                0x9d003dd0                MMBUARTInit
                0x9d004584                MMBCenterString
                0x9d003d3c                MMBStartStopwatch
                0x9d003f4c                MMBReadKey
                0x9d003a54                _general_exception_handler
                0x9d003a4c                exit
 .text          0x9d004600       0xa8 D:/Electro/Microchip/MPLAB C32/bin/../lib/gcc/pic32mx/3.4.4/../../../../pic32mx/lib\libc.a(memset.o)
                0x9d004600                memset
 .text          0x9d0046a8      0x168 D:/Electro/Microchip/MPLAB C32/bin/../lib/gcc/pic32mx/3.4.4/../../../../pic32mx/lib\libc.a(strlen.o)
                0x9d0046a8                strlen
 .text.general_exception
                0x9d004810       0xd0 D:/Electro/Microchip/MPLAB C32/bin/../lib/gcc/pic32mx/3.4.4/../../../../pic32mx/lib\libc.a(general-exception.o)
                0x9d004810                _general_exception_context
 .text.rand_r   0x9d0048e0       0x28 D:/Electro/Microchip/MPLAB C32/bin/../lib/gcc/pic32mx/3.4.4/../../../../pic32mx/lib\libc.a(rand.o)
                0x9d0048e0                rand_r
 .text.rand     0x9d004908       0x48 D:/Electro/Microchip/MPLAB C32/bin/../lib/gcc/pic32mx/3.4.4/../../../../pic32mx/lib\libc.a(rand.o)
                0x9d004908                rand
 .text.srand    0x9d004950       0x44 D:/Electro/Microchip/MPLAB C32/bin/../lib/gcc/pic32mx/3.4.4/../../../../pic32mx/lib\libc.a(rand.o)
                0x9d004950                srand
 .text._isprintf
                0x9d004994       0x34 D:/Electro/Microchip/MPLAB C32/bin/../lib/gcc/pic32mx/3.4.4/../../../../pic32mx/lib\libc.a(isprintf.o)
                0x9d004994                _isprintf
 .text.__ivsnprintf
                0x9d0049c8       0x60 D:/Electro/Microchip/MPLAB C32/bin/../lib/gcc/pic32mx/3.4.4/../../../../pic32mx/lib\libc.a(__ivsnprintf.o)
                0x9d0049c8                __ivsnprintf
 .text._weak_pthread_mutex_init
                0x9d004a28        0x8 D:/Electro/Microchip/MPLAB C32/bin/../lib/gcc/pic32mx/3.4.4/../../../../pic32mx/lib\libc.a(stubs.o)
                0x9d004a28                _weak_pthread_mutex_init
                0x9d004a28                pthread_mutex_init
 .text._weak_pthread_mutex_destroy
                0x9d004a30        0x8 D:/Electro/Microchip/MPLAB C32/bin/../lib/gcc/pic32mx/3.4.4/../../../../pic32mx/lib\libc.a(stubs.o)
                0x9d004a30                _weak_pthread_mutex_destroy
                0x9d004a30                pthread_mutex_destroy
 .text._weak_pthread_mutex_lock
                0x9d004a38        0x8 D:/Electro/Microchip/MPLAB C32/bin/../lib/gcc/pic32mx/3.4.4/../../../../pic32mx/lib\libc.a(stubs.o)
                0x9d004a38                _weak_pthread_mutex_lock
                0x9d004a38                pthread_mutex_lock
 .text._weak_pthread_mutex_trylock
                0x9d004a40        0x8 D:/Electro/Microchip/MPLAB C32/bin/../lib/gcc/pic32mx/3.4.4/../../../../pic32mx/lib\libc.a(stubs.o)
                0x9d004a40                _weak_pthread_mutex_trylock
                0x9d004a40                pthread_mutex_trylock
 .text._weak_pthread_mutex_unlock
                0x9d004a48        0x8 D:/Electro/Microchip/MPLAB C32/bin/../lib/gcc/pic32mx/3.4.4/../../../../pic32mx/lib\libc.a(stubs.o)
                0x9d004a48                _weak_pthread_mutex_unlock
                0x9d004a48                pthread_mutex_unlock
 .text._weak_pthread_mutex_setname_np
                0x9d004a50        0x8 D:/Electro/Microchip/MPLAB C32/bin/../lib/gcc/pic32mx/3.4.4/../../../../pic32mx/lib\libc.a(stubs.o)
                0x9d004a50                pthread_mutex_setname_np
                0x9d004a50                _weak_pthread_mutex_setname_np
 .text._weak_pthread_mutexattr_init
                0x9d004a58        0x8 D:/Electro/Microchip/MPLAB C32/bin/../lib/gcc/pic32mx/3.4.4/../../../../pic32mx/lib\libc.a(stubs.o)
                0x9d004a58                _weak_pthread_mutexattr_init
                0x9d004a58                pthread_mutexattr_init
 .text._weak_pthread_mutexattr_destroy
                0x9d004a60        0x8 D:/Electro/Microchip/MPLAB C32/bin/../lib/gcc/pic32mx/3.4.4/../../../../pic32mx/lib\libc.a(stubs.o)
                0x9d004a60                pthread_mutexattr_destroy
                0x9d004a60                _weak_pthread_mutexattr_destroy
 .text._weak_pthread_mutexattr_setname_np
                0x9d004a68        0x8 D:/Electro/Microchip/MPLAB C32/bin/../lib/gcc/pic32mx/3.4.4/../../../../pic32mx/lib\libc.a(stubs.o)
                0x9d004a68                _weak_pthread_mutexattr_setname_np
                0x9d004a68                pthread_mutexattr_setname_np
 .text._weak_pthread_mutexattr_settype_np
                0x9d004a70        0x8 D:/Electro/Microchip/MPLAB C32/bin/../lib/gcc/pic32mx/3.4.4/../../../../pic32mx/lib\libc.a(stubs.o)
                0x9d004a70                _weak_pthread_mutexattr_settype_np
                0x9d004a70                pthread_mutexattr_settype_np
 .text._weak_pthread_sysconf_np
                0x9d004a78        0x8 D:/Electro/Microchip/MPLAB C32/bin/../lib/gcc/pic32mx/3.4.4/../../../../pic32mx/lib\libc.a(stubs.o)
                0x9d004a78                _weak_pthread_sysconf_np
                0x9d004a78                pthread_sysconf_np
 .text._weak_pthread_sigdisable_np
                0x9d004a80        0x8 D:/Electro/Microchip/MPLAB C32/bin/../lib/gcc/pic32mx/3.4.4/../../../../pic32mx/lib\libc.a(stubs.o)
                0x9d004a80                _weak_pthread_sigdisable_np
                0x9d004a80                pthread_sigdisable_np
 .text._weak_pthread_sigrestore_np
                0x9d004a88        0x8 D:/Electro/Microchip/MPLAB C32/bin/../lib/gcc/pic32mx/3.4.4/../../../../pic32mx/lib\libc.a(stubs.o)
                0x9d004a88                pthread_sigrestore_np
                0x9d004a88                _weak_pthread_sigrestore_np
 .text._weak__pthread_cleanup_push
                0x9d004a90        0x8 D:/Electro/Microchip/MPLAB C32/bin/../lib/gcc/pic32mx/3.4.4/../../../../pic32mx/lib\libc.a(stubs.o)
                0x9d004a90                _weak__pthread_cleanup_push
                0x9d004a90                _pthread_cleanup_push
 .text._weak__pthread_cleanup_pop
                0x9d004a98        0x8 D:/Electro/Microchip/MPLAB C32/bin/../lib/gcc/pic32mx/3.4.4/../../../../pic32mx/lib\libc.a(stubs.o)
                0x9d004a98                _pthread_cleanup_pop
                0x9d004a98                _weak__pthread_cleanup_pop
 .text._weak__pthread_cleanup_push_defer
                0x9d004aa0        0x8 D:/Electro/Microchip/MPLAB C32/bin/../lib/gcc/pic32mx/3.4.4/../../../../pic32mx/lib\libc.a(stubs.o)
                0x9d004aa0                _weak__pthread_cleanup_push_defer
                0x9d004aa0                _pthread_cleanup_push_defer
 .text._weak__pthread_cleanup_pop_restore
                0x9d004aa8        0x8 D:/Electro/Microchip/MPLAB C32/bin/../lib/gcc/pic32mx/3.4.4/../../../../pic32mx/lib\libc.a(stubs.o)
                0x9d004aa8                _pthread_cleanup_pop_restore
                0x9d004aa8                _weak__pthread_cleanup_pop_restore
 .text._weak_pthread_once
                0x9d004ab0       0x2c D:/Electro/Microchip/MPLAB C32/bin/../lib/gcc/pic32mx/3.4.4/../../../../pic32mx/lib\libc.a(stubs.o)
                0x9d004ab0                _weak_pthread_once
                0x9d004ab0                pthread_once
                0x9d004ab0                _pthread_once
 .text._weak_pthread_key_create
                0x9d004adc        0x8 D:/Electro/Microchip/MPLAB C32/bin/../lib/gcc/pic32mx/3.4.4/../../../../pic32mx/lib\libc.a(stubs.o)
                0x9d004adc                pthread_key_create
                0x9d004adc                _weak_pthread_key_create
 .text._weak_pthread_setspecific
                0x9d004ae4        0x8 D:/Electro/Microchip/MPLAB C32/bin/../lib/gcc/pic32mx/3.4.4/../../../../pic32mx/lib\libc.a(stubs.o)
                0x9d004ae4                _weak_pthread_setspecific
                0x9d004ae4                pthread_setspecific
 .text._weak_pthread_getspecific
                0x9d004aec        0x8 D:/Electro/Microchip/MPLAB C32/bin/../lib/gcc/pic32mx/3.4.4/../../../../pic32mx/lib\libc.a(stubs.o)
                0x9d004aec                pthread_getspecific
                0x9d004aec                _weak_pthread_getspecific
 .text._weak__libc_private_storage
                0x9d004af4        0x8 D:/Electro/Microchip/MPLAB C32/bin/../lib/gcc/pic32mx/3.4.4/../../../../pic32mx/lib\libc.a(stubs.o)
                0x9d004af4                _libc_private_storage
                0x9d004af4                _weak__libc_private_storage
 .text._bootstrap_exception_handler
                0x9d004afc        0x8 D:/Electro/Microchip/MPLAB C32/bin/../lib/gcc/pic32mx/3.4.4/../../../../pic32mx/lib\libc.a(default-bootstrap-exception-handler.o)
                0x9d004afc                _bootstrap_exception_handler
 .text._on_reset
                0x9d004b04        0x8 D:/Electro/Microchip/MPLAB C32/bin/../lib/gcc/pic32mx/3.4.4/../../../../pic32mx/lib\libc.a(default-on-reset.o)
                0x9d004b04                _on_reset
 .text._on_bootstrap
                0x9d004b0c        0x8 D:/Electro/Microchip/MPLAB C32/bin/../lib/gcc/pic32mx/3.4.4/../../../../pic32mx/lib\libc.a(default-on-bootstrap.o)
                0x9d004b0c                _on_bootstrap
 .text          0x9d004b14       0x18 D:/Electro/Microchip/MPLAB C32/bin/../lib/gcc/pic32mx/3.4.4/../../../../pic32mx/lib\libc.a(default-nmi-handler.o)
                0x9d004b14                _nmi_handler
 .text._filbuf_string
                0x9d004b2c        0x8 D:/Electro/Microchip/MPLAB C32/bin/../lib/gcc/pic32mx/3.4.4/../../../../pic32mx/lib\libc.a(_iobstring.o)
 .text._flsbuf_string
                0x9d004b34        0x8 D:/Electro/Microchip/MPLAB C32/bin/../lib/gcc/pic32mx/3.4.4/../../../../pic32mx/lib\libc.a(_iobstring.o)
 .text._fflush_string
                0x9d004b3c        0x8 D:/Electro/Microchip/MPLAB C32/bin/../lib/gcc/pic32mx/3.4.4/../../../../pic32mx/lib\libc.a(_iobstring.o)
 .text._fwrite_string
                0x9d004b44        0x8 D:/Electro/Microchip/MPLAB C32/bin/../lib/gcc/pic32mx/3.4.4/../../../../pic32mx/lib\libc.a(_iobstring.o)
 .text._fsync_string
                0x9d004b4c        0x8 D:/Electro/Microchip/MPLAB C32/bin/../lib/gcc/pic32mx/3.4.4/../../../../pic32mx/lib\libc.a(_iobstring.o)
 .text.__isputn
                0x9d004b54       0x70 D:/Electro/Microchip/MPLAB C32/bin/../lib/gcc/pic32mx/3.4.4/../../../../pic32mx/lib\libc.a(_idoprnt.o)
 .text.irepl    0x9d004bc4       0x7c D:/Electro/Microchip/MPLAB C32/bin/../lib/gcc/pic32mx/3.4.4/../../../../pic32mx/lib\libc.a(_idoprnt.o)
 .text._ioutcnvrt
                0x9d004c40       0xe4 D:/Electro/Microchip/MPLAB C32/bin/../lib/gcc/pic32mx/3.4.4/../../../../pic32mx/lib\libc.a(_idoprnt.o)
 .text._ivfprintf
                0x9d004d24      0x82c D:/Electro/Microchip/MPLAB C32/bin/../lib/gcc/pic32mx/3.4.4/../../../../pic32mx/lib\libc.a(_idoprnt.o)
                0x9d004d24                _ivfprintf
 .text.fputc    0x9d005550       0xac D:/Electro/Microchip/MPLAB C32/bin/../lib/gcc/pic32mx/3.4.4/../../../../pic32mx/lib\libc.a(fputc.o)
                0x9d005550                fputc
 .text.putc     0x9d0055fc        0x8 D:/Electro/Microchip/MPLAB C32/bin/../lib/gcc/pic32mx/3.4.4/../../../../pic32mx/lib\libc.a(fputc.o)
                0x9d0055fc                putc
 .text.putchar  0x9d005604       0x14 D:/Electro/Microchip/MPLAB C32/bin/../lib/gcc/pic32mx/3.4.4/../../../../pic32mx/lib\libc.a(fputc.o)
                0x9d005604                putchar
 .text._filbuf_simple
                0x9d005618       0x28 D:/Electro/Microchip/MPLAB C32/bin/../lib/gcc/pic32mx/3.4.4/../../../../pic32mx/lib\libc.a(_iobfuncs.o)
                0x9d005618                _filbuf_simple
 .text._fflush_simple
                0x9d005640       0x68 D:/Electro/Microchip/MPLAB C32/bin/../lib/gcc/pic32mx/3.4.4/../../../../pic32mx/lib\libc.a(_iobfuncs.o)
                0x9d005640                _fflush_simple
 .text._flsbuf_simple
                0x9d0056a8       0xe8 D:/Electro/Microchip/MPLAB C32/bin/../lib/gcc/pic32mx/3.4.4/../../../../pic32mx/lib\libc.a(_iobfuncs.o)
                0x9d0056a8                _flsbuf_simple
 .text._fwrite_simple
                0x9d005790       0x84 D:/Electro/Microchip/MPLAB C32/bin/../lib/gcc/pic32mx/3.4.4/../../../../pic32mx/lib\libc.a(_iobfuncs.o)
                0x9d005790                _fwrite_simple
 .text._fsync_simple
                0x9d005814       0x34 D:/Electro/Microchip/MPLAB C32/bin/../lib/gcc/pic32mx/3.4.4/../../../../pic32mx/lib\libc.a(_iobfuncs.o)
                0x9d005814                _fsync_simple
 .text._mon_getc
                0x9d005848        0x8 D:/Electro/Microchip/MPLAB C32/bin/../lib/gcc/pic32mx/3.4.4/../../../../pic32mx/lib\libc.a(_mon_getc.o)
                0x9d005848                _mon_getc
 .text._mon_write
                0x9d005850       0x4c D:/Electro/Microchip/MPLAB C32/bin/../lib/gcc/pic32mx/3.4.4/../../../../pic32mx/lib\libc.a(_mon_write.o)
                0x9d005850                _mon_write
 .text._mon_putc
                0x9d00589c       0x28 D:/Electro/Microchip/MPLAB C32/bin/../lib/gcc/pic32mx/3.4.4/../../../../pic32mx/lib\libc.a(_mon_putc.o)
                0x9d00589c                _mon_putc
 .text          0x9d0058c4      0x384 D:/Electro/Microchip/MPLAB C32/bin/../lib/gcc/pic32mx/3.4.4/../../../../pic32mx/lib\libm.a(arc32.o)
                0x9d005b84                dpatan
                0x9d0058c4                exatan
                0x9d005b84                atan
 .text          0x9d005c48      0x5d4 D:/Electro/Microchip/MPLAB C32/bin/../lib/gcc/pic32mx/3.4.4/../../../../pic32mx/lib\libm.a(func32.o)
                0x9d005e1c                exadd
                0x9d005d50                exmul
                0x9d005c48                sigmax
                0x9d005fb8                exdiv
                0x9d005f08                exsub
 .text          0x9d00621c     0x1128 D:/Electro/Microchip/MPLAB C32/bin/../lib/gcc/pic32mx/3.4.4/../../../../pic32mx/lib\libm.a(dp32.o)
                0x9d0072cc                fabs
                0x9d007190                __eqdf2
                0x9d007190                __gtdf2
                0x9d00621c                dpsub
                0x9d006e24                __floatsidf
                0x9d007190                __ltdf2
                0x9d006e98                ultodp
                0x9d006648                dpmul
                0x9d006f8c                dptofp
                0x9d00710c                __fixunsdfsi
                0x9d007190                dpcmp
                0x9d006ee8                __extendsfdf2
                0x9d006224                __adddf3
                0x9d00710c                dptoul
                0x9d006970                dpdiv
                0x9d006e24                litodp
                0x9d007084                __fixdfsi
                0x9d007190                __ledf2
                0x9d006ee8                fptodp
                0x9d0072b4                __negdf2
                0x9d006224                dpadd
                0x9d006970                __divdf3
                0x9d006648                __muldf3
                0x9d006f8c                __truncdfsf2
                0x9d007190                __nedf2
                0x9d007084                dptoli
                0x9d0072e8                nan
                0x9d0072cc                dpfabs
                0x9d007190                __gedf2
                0x9d0072e8                dpnan
                0x9d00621c                __subdf3
 .text          0x9d007344      0x5bc D:/Electro/Microchip/MPLAB C32/bin/../lib/gcc/pic32mx/3.4.4/../../../../pic32mx/lib\libm.a(sqrt32.o)
                0x9d0075dc                __mchp_sqrt
                0x9d007344                exsqrt
                0x9d0075dc                dpsqrt
 .text.OpenCoreTimer
                0x9d007900        0xc D:/Electro/Microchip/MPLAB C32/bin/../lib/gcc/pic32mx/3.4.4/../../../../pic32mx/lib\libmchp_peripheral.a(open_core_timer_lib.o)
                0x9d007900                OpenCoreTimer
 .text.ReadCoreTimer
                0x9d00790c        0x8 D:/Electro/Microchip/MPLAB C32/bin/../lib/gcc/pic32mx/3.4.4/../../../../pic32mx/lib\libmchp_peripheral.a(read_core_timer_lib.o)
                0x9d00790c                ReadCoreTimer
 .text.WriteCoreTimer
                0x9d007914        0x8 D:/Electro/Microchip/MPLAB C32/bin/../lib/gcc/pic32mx/3.4.4/../../../../pic32mx/lib\libmchp_peripheral.a(write_core_timer_lib.o)
                0x9d007914                WriteCoreTimer
 .text.CheKseg0CacheOff
                0x9d00791c       0x18 D:/Electro/Microchip/MPLAB C32/bin/../lib/gcc/pic32mx/3.4.4/../../../../pic32mx/lib\libmchp_peripheral_32MX460F512L.a(pcache.o)
                0x9d00791c                CheKseg0CacheOff
 .text.CheKseg0CacheOn
                0x9d007934       0x18 D:/Electro/Microchip/MPLAB C32/bin/../lib/gcc/pic32mx/3.4.4/../../../../pic32mx/lib\libmchp_peripheral_32MX460F512L.a(pcache.o)
                0x9d007934                CheKseg0CacheOn
 .text.INTDisableInterrupts
                0x9d00794c        0x8 D:/Electro/Microchip/MPLAB C32/bin/../lib/gcc/pic32mx/3.4.4/../../../../pic32mx/lib\libmchp_peripheral_32MX460F512L.a(int_disable_interrupts_lib.o)
                0x9d00794c                INTDisableInterrupts
 .text.INTRestoreInterrupts
                0x9d007954       0x1c D:/Electro/Microchip/MPLAB C32/bin/../lib/gcc/pic32mx/3.4.4/../../../../pic32mx/lib\libmchp_peripheral_32MX460F512L.a(int_restore_interrupts_lib.o)
                0x9d007954                INTRestoreInterrupts
 .text.INTEnableSystemMultiVectoredInt
                0x9d007970       0x34 D:/Electro/Microchip/MPLAB C32/bin/../lib/gcc/pic32mx/3.4.4/../../../../pic32mx/lib\libmchp_peripheral_32MX460F512L.a(int_enable_mv_int_lib.o)
                0x9d007970                INTEnableSystemMultiVectoredInt
 .text.OpenSPI2
                0x9d0079a4       0x64 D:/Electro/Microchip/MPLAB C32/bin/../lib/gcc/pic32mx/3.4.4/../../../../pic32mx/lib\libmchp_peripheral_32MX460F512L.a(spi_open_spi2_lib_legacy.o)
                0x9d0079a4                OpenSPI2
 .text.INTEnableInterrupts
                0x9d007a08        0x8 D:/Electro/Microchip/MPLAB C32/bin/../lib/gcc/pic32mx/3.4.4/../../../../pic32mx/lib\libmchp_peripheral_32MX460F512L.a(int_enable_interrupts_lib.o)
                0x9d007a08                INTEnableInterrupts
 .text          0x9d007a10      0x47c D:/Electro/Microchip/MPLAB C32/bin/../lib/gcc/pic32mx/3.4.4\libgcc.a(_udivdi3.o)
                0x9d007a10                __udivdi3
 .text          0x9d007e8c      0x48c D:/Electro/Microchip/MPLAB C32/bin/../lib/gcc/pic32mx/3.4.4\libgcc.a(_umoddi3.o)
                0x9d007e8c                __umoddi3
 *(.text.*personality*)
 *(.gnu.warning)
 *(.mips16.fn.*)
 *(.mips16.call.*)
                0x9d008318                _text_end = .

.rodata         0x9d008318      0x624
 *(.rodata .rodata.* .gnu.linkonce.r.*)
 .rodata.cst8   0x9d008318       0x20 obj\Cubes.o
 .rodata.str1.4
                0x9d008338       0x71 obj\Cubes.o
                                 0x74 (size before relaxing)
 *fill*         0x9d0083a9        0x3 00
 .rodata        0x9d0083ac      0x300 obj\Graphic.o
                0x9d0083ac                Font8x8
 .rodata        0x9d0086ac       0xb8 obj\Geometry2.o
                0x9d0086ac                tsin
 *fill*         0x9d008764        0x4 00
 .rodata.cst8   0x9d008768       0x28 obj\MMB.o
 .rodata        0x9d008790       0x14 D:/Electro/Microchip/MPLAB C32/bin/../lib/gcc/pic32mx/3.4.4/../../../../pic32mx/lib\libc.a(_iobstring.o)
                0x9d008790                _io_strfuncs
 .rodata        0x9d0087a4       0xf4 D:/Electro/Microchip/MPLAB C32/bin/../lib/gcc/pic32mx/3.4.4/../../../../pic32mx/lib\libc.a(_idoprnt.o)
 .rodata.str1.4
                0x9d008898       0x10 D:/Electro/Microchip/MPLAB C32/bin/../lib/gcc/pic32mx/3.4.4/../../../../pic32mx/lib\libc.a(_idoprnt.o)
 .rodata        0x9d0088a8       0x14 D:/Electro/Microchip/MPLAB C32/bin/../lib/gcc/pic32mx/3.4.4/../../../../pic32mx/lib\libc.a(_iobdata.o)
                0x9d0088a8                _io_funcs
 .rodata        0x9d0088bc       0x80 D:/Electro/Microchip/MPLAB C32/bin/../lib/gcc/pic32mx/3.4.4/../../../../pic32mx/lib\libmchp_peripheral_32MX460F512L.a(spi_brg_tbl_lib_legacy.o)
                0x9d0088bc                _SpiBrgConvTbl
 *(.rodata1)
                0x9d00893c                . = ALIGN (0x4)

.sdata2         0x9d00893c        0x0
 *(.sdata2 .sdata2.* .gnu.linkonce.s2.*)
                0x9d00893c                . = ALIGN (0x4)

.sbss2          0x9d00893c        0x0
 *(.sbss2 .sbss2.* .gnu.linkonce.sb2.*)
                0x9d00893c                . = ALIGN (0x4)

.eh_frame_hdr
 *(.eh_frame_hdr)

.eh_frame       0x9d00893c       0x50
 *(.eh_frame)
 .eh_frame      0x9d00893c       0x20 D:/Electro/Microchip/MPLAB C32/bin/../lib/gcc/pic32mx/3.4.4\libgcc.a(_udivdi3.o)
 .eh_frame      0x9d00895c       0x30 D:/Electro/Microchip/MPLAB C32/bin/../lib/gcc/pic32mx/3.4.4\libgcc.a(_umoddi3.o)

.dbg_data       0xa0000000        0x0
                0xa0000000                . = (. + DEFINED (_DEBUGGER)?0x200:0x0)

.data           0xa0000000      0x2cc load address 0x9d00898c
                0xa0000000                _data_begin = .
 *(.data .data.* .gnu.linkonce.d.*)
 .data          0xa0000000       0x20 obj\Graphic.o
 .data          0xa0000020       0x30 D:/Electro/Microchip/MPLAB C32/bin/../lib/gcc/pic32mx/3.4.4/../../../../pic32mx/lib\libc.a(rand.o)
 .data          0xa0000050       0xd4 D:/Electro/Microchip/MPLAB C32/bin/../lib/gcc/pic32mx/3.4.4/../../../../pic32mx/lib\libc.a(_iobdata.o)
 .data          0xa0000124      0x1a8 D:/Electro/Microchip/MPLAB C32/bin/../lib/gcc/pic32mx/3.4.4/../../../../pic32mx/lib\libm.a(arc32.o)
 *(.gnu.linkonce.d.*personality*)
 *(.data1)
                0x9d00898c                _data_image_begin = LOADADDR (.data)

.eh_frame
 *(.eh_frame)
                0xa00082c0                _gp = (ALIGN (0x10) + 0x7ff0)

.got
 *(.got.plt)
 *(.got)

.sdata          0xa00002cc       0x14 load address 0x9d008c58
                0xa00002cc                _sdata_begin = .
 *(.sdata .sdata.* .gnu.linkonce.s.*)
 .sdata         0xa00002cc        0x6 obj\Cubes.o
                0xa00002d0                objc
                0xa00002ce                pyc
                0xa00002cc                pc
 *fill*         0xa00002d2        0x2 00
 .sdata         0xa00002d4        0x8 obj\Graphic.o
 .sdata         0xa00002dc        0x4 D:/Electro/Microchip/MPLAB C32/bin/../lib/gcc/pic32mx/3.4.4/../../../../pic32mx/lib\libc.a(_iobdata.o)
                0xa00002dc                _libc_data
                0xa00002e0                _sdata_end = .

.lit8
 *(.lit8)

.lit4
 *(.lit4)
                0xa00002e0                . = ALIGN (0x4)
                0xa00002e0                _data_end = .
                0xa00002e0                _bss_begin = .

.sbss           0xa00002e0       0x6b
                0xa00002e0                _sbss_begin = .
 *(.dynsbss)
 *(.sbss .sbss.* .gnu.linkonce.sb.*)
 .sbss          0xa00002e0        0x4 obj\Cubes.o
 .sbss          0xa00002e4        0x8 obj\Graphic.o
 .sbss          0xa00002ec        0x4 D:/Electro/Microchip/MPLAB C32/bin/../lib/gcc/pic32mx/3.4.4/../../../../pic32mx/lib\libc.a(errno.o)
                0xa00002ec                errno
 *(.scommon)
 .scommon       0xa00002f0       0x34 obj\Cubes.o
                0xa00002f0                b
                0xa00002f4                oz
                0xa00002f8                y0
                0xa00002fc                olist
                0xa0000304                g
                0xa0000308                k
                0xa000030c                oy
                0xa0000310                x0
                0xa0000314                r
                0xa0000318                z0
                0xa000031c                ox
                0xa0000320                a
 .scommon       0xa0000324        0x8 obj\Graphic.o
                0xa0000324                cy
                0xa0000325                cx
                0xa0000326                fFrame
                0xa0000327                gColor
                0xa0000328                TimerX
 .scommon       0xa000032c        0xc obj\DisplayDriver.o
                0xa000032c                _clipRgn
                0xa000032e                _clipRight
                0xa0000330                _clipBottom
                0xa0000332                _clipTop
                0xa0000334                _color
                0xa0000336                _clipLeft
 .scommon       0xa0000338       0x13 obj\Primitive.o
                0xa0000338                _cursorY
                0xa000033a                _fontOrientation
                0xa000033c                _fontFirstChar
                0xa000033e                _fontHeight
                0xa0000340                _cursorX
                0xa0000342                _fontLastChar
                0xa0000344                _font
                0xa0000348                _lineType
                0xa000034a                _lineThickness
                0xa000034b                _sbss_end = .

.bss            0xa000034c     0x6b44
 *(.dynbss)
 *(.bss .bss.* .gnu.linkonce.b.*)
 .bss           0xa000034c     0x6400 obj\Graphic.o
 .bss           0xa000674c        0x4 D:/Electro/Microchip/MPLAB C32/bin/../lib/gcc/pic32mx/3.4.4/../../../../pic32mx/lib\libc.a(stubs.o)
                0xa000674c                __isthreaded
 .bss           0xa0006750       0x88 D:/Electro/Microchip/MPLAB C32/bin/../lib/gcc/pic32mx/3.4.4/../../../../pic32mx/lib\libc.a(_iobdata.o)
 .bss           0xa00067d8       0x20 D:/Electro/Microchip/MPLAB C32/bin/../lib/gcc/pic32mx/3.4.4/../../../../pic32mx/lib\libc.a(_iobfuncs.o)
 *(COMMON)
 COMMON         0xa00067f8      0x658 obj\Cubes.o
                0xa00067f8                plist
                0xa0006a50                pylist
                0xa0006d70                az
                0xa0006db0                ax
                0xa0006df0                s
                0xa0006e10                ay
 COMMON         0xa0006e50       0x40 obj\Geometry2.o
                0xa0006e50                m
                0xa0006e90                . = ALIGN (0x4)
                0xa0006e90                . = ALIGN (0x4)
                0xa0006e90                _end = .
                0xa0006e90                _bss_end = .

.heap           0xa0006e90        0x0
                0xa0006e90                _heap = .
                0xa0006e90                . = (. + _min_heap_size)

.stack          0xa0006e90      0x7d0
                0xa0006e90                _splim = .
                0xa0006e90                _SPLIM = .
                0xa0007660                . = (. + _min_stack_size)
 *fill*         0xa0006e90      0x7d0 00

.ramfunc        0xa0007800        0x0 load address 0x9d008c6c
                0xa0007800                _ramfunc_begin = .
 *(.ramfunc .ramfunc.*)
                0xa0007800                . = ALIGN (0x4)
                0xa0007800                _ramfunc_end = .
                0x9d008c6c                _ramfunc_image_begin = LOADADDR (.ramfunc)
                0x00000000                _ramfunc_length = SIZEOF (.ramfunc)
                0x00007800                _bmxdkpba_address = (_ramfunc_begin - 0xa0000000)
                0x00008000                _bmxdudba_address = 0x8000
                0x00008000                _bmxdupba_address = 0x8000
                0xa0008000                _stack = (_ramfunc_length > 0x0)?(_ramfunc_begin - 0x4):0xa0008000
                0x00000001                ASSERT (((_min_stack_size + _min_heap_size) <= (_stack - _heap)), Not enough space to allocate both stack and heap.  Reduce heap and/or stack size.)

.pdr            0x00000000      0xfe0
 *(.pdr)
 .pdr           0x00000000       0xa0 D:/Electro/Microchip/MPLAB C32/bin/../lib/gcc/pic32mx/3.4.4/../../../../pic32mx/lib/crt0.o
 .pdr           0x000000a0      0x120 obj\Cubes.o
 .pdr           0x000001c0       0xe0 obj\Graphic.o
 .pdr           0x000002a0      0x100 obj\DisplayDriver.o
 .pdr           0x000003a0      0x1c0 obj\Primitive.o
 .pdr           0x00000560       0x80 obj\Geometry2.o
 .pdr           0x000005e0      0x1c0 obj\MMB.o
 .pdr           0x000007a0       0x20 D:/Electro/Microchip/MPLAB C32/bin/../lib/gcc/pic32mx/3.4.4/../../../../pic32mx/lib\libc.a(memset.o)
 .pdr           0x000007c0       0x20 D:/Electro/Microchip/MPLAB C32/bin/../lib/gcc/pic32mx/3.4.4/../../../../pic32mx/lib\libc.a(strlen.o)
 .pdr           0x000007e0       0x20 D:/Electro/Microchip/MPLAB C32/bin/../lib/gcc/pic32mx/3.4.4/../../../../pic32mx/lib\libc.a(general-exception.o)
 .pdr           0x00000800       0x60 D:/Electro/Microchip/MPLAB C32/bin/../lib/gcc/pic32mx/3.4.4/../../../../pic32mx/lib\libc.a(rand.o)
 .pdr           0x00000860       0x20 D:/Electro/Microchip/MPLAB C32/bin/../lib/gcc/pic32mx/3.4.4/../../../../pic32mx/lib\libc.a(isprintf.o)
 .pdr           0x00000880       0x20 D:/Electro/Microchip/MPLAB C32/bin/../lib/gcc/pic32mx/3.4.4/../../../../pic32mx/lib\libc.a(__ivsnprintf.o)
 .pdr           0x000008a0      0x2c0 D:/Electro/Microchip/MPLAB C32/bin/../lib/gcc/pic32mx/3.4.4/../../../../pic32mx/lib\libc.a(stubs.o)
 .pdr           0x00000b60       0x20 D:/Electro/Microchip/MPLAB C32/bin/../lib/gcc/pic32mx/3.4.4/../../../../pic32mx/lib\libc.a(default-bootstrap-exception-handler.o)
 .pdr           0x00000b80       0x20 D:/Electro/Microchip/MPLAB C32/bin/../lib/gcc/pic32mx/3.4.4/../../../../pic32mx/lib\libc.a(default-on-reset.o)
 .pdr           0x00000ba0       0x20 D:/Electro/Microchip/MPLAB C32/bin/../lib/gcc/pic32mx/3.4.4/../../../../pic32mx/lib\libc.a(default-on-bootstrap.o)
 .pdr           0x00000bc0       0x20 D:/Electro/Microchip/MPLAB C32/bin/../lib/gcc/pic32mx/3.4.4/../../../../pic32mx/lib\libc.a(default-nmi-handler.o)
 .pdr           0x00000be0       0xa0 D:/Electro/Microchip/MPLAB C32/bin/../lib/gcc/pic32mx/3.4.4/../../../../pic32mx/lib\libc.a(_iobstring.o)
 .pdr           0x00000c80       0x80 D:/Electro/Microchip/MPLAB C32/bin/../lib/gcc/pic32mx/3.4.4/../../../../pic32mx/lib\libc.a(_idoprnt.o)
 .pdr           0x00000d00       0x60 D:/Electro/Microchip/MPLAB C32/bin/../lib/gcc/pic32mx/3.4.4/../../../../pic32mx/lib\libc.a(fputc.o)
 .pdr           0x00000d60       0xa0 D:/Electro/Microchip/MPLAB C32/bin/../lib/gcc/pic32mx/3.4.4/../../../../pic32mx/lib\libc.a(_iobfuncs.o)
 .pdr           0x00000e00       0x20 D:/Electro/Microchip/MPLAB C32/bin/../lib/gcc/pic32mx/3.4.4/../../../../pic32mx/lib\libc.a(_mon_getc.o)
 .pdr           0x00000e20       0x20 D:/Electro/Microchip/MPLAB C32/bin/../lib/gcc/pic32mx/3.4.4/../../../../pic32mx/lib\libc.a(_mon_write.o)
 .pdr           0x00000e40       0x20 D:/Electro/Microchip/MPLAB C32/bin/../lib/gcc/pic32mx/3.4.4/../../../../pic32mx/lib\libc.a(_mon_putc.o)
 .pdr           0x00000e60       0x20 D:/Electro/Microchip/MPLAB C32/bin/../lib/gcc/pic32mx/3.4.4/../../../../pic32mx/lib\libmchp_peripheral.a(open_core_timer_lib.o)
 .pdr           0x00000e80       0x20 D:/Electro/Microchip/MPLAB C32/bin/../lib/gcc/pic32mx/3.4.4/../../../../pic32mx/lib\libmchp_peripheral.a(read_core_timer_lib.o)
 .pdr           0x00000ea0       0x20 D:/Electro/Microchip/MPLAB C32/bin/../lib/gcc/pic32mx/3.4.4/../../../../pic32mx/lib\libmchp_peripheral.a(write_core_timer_lib.o)
 .pdr           0x00000ec0       0x40 D:/Electro/Microchip/MPLAB C32/bin/../lib/gcc/pic32mx/3.4.4/../../../../pic32mx/lib\libmchp_peripheral_32MX460F512L.a(pcache.o)
 .pdr           0x00000f00       0x20 D:/Electro/Microchip/MPLAB C32/bin/../lib/gcc/pic32mx/3.4.4/../../../../pic32mx/lib\libmchp_peripheral_32MX460F512L.a(int_disable_interrupts_lib.o)
 .pdr           0x00000f20       0x20 D:/Electro/Microchip/MPLAB C32/bin/../lib/gcc/pic32mx/3.4.4/../../../../pic32mx/lib\libmchp_peripheral_32MX460F512L.a(int_restore_interrupts_lib.o)
 .pdr           0x00000f40       0x20 D:/Electro/Microchip/MPLAB C32/bin/../lib/gcc/pic32mx/3.4.4/../../../../pic32mx/lib\libmchp_peripheral_32MX460F512L.a(int_enable_mv_int_lib.o)
 .pdr           0x00000f60       0x20 D:/Electro/Microchip/MPLAB C32/bin/../lib/gcc/pic32mx/3.4.4/../../../../pic32mx/lib\libmchp_peripheral_32MX460F512L.a(spi_open_spi2_lib_legacy.o)
 .pdr           0x00000f80       0x20 D:/Electro/Microchip/MPLAB C32/bin/../lib/gcc/pic32mx/3.4.4/../../../../pic32mx/lib\libmchp_peripheral_32MX460F512L.a(int_enable_interrupts_lib.o)
 .pdr           0x00000fa0       0x20 D:/Electro/Microchip/MPLAB C32/bin/../lib/gcc/pic32mx/3.4.4\libgcc.a(_udivdi3.o)
 .pdr           0x00000fc0       0x20 D:/Electro/Microchip/MPLAB C32/bin/../lib/gcc/pic32mx/3.4.4\libgcc.a(_umoddi3.o)

.reginfo        0x00000000       0x18
 *(.reginfo)
 .reginfo       0x00000000       0x18 D:/Electro/Microchip/MPLAB C32/bin/../lib/gcc/pic32mx/3.4.4/../../../../pic32mx/lib/crt0.o

.stab
 *(.stab)

.stabstr
 *(.stabstr)

.stab.excl
 *(.stab.excl)

.stab.exclstr
 *(.stab.exclstr)

.stab.index
 *(.stab.index)

.stab.indexstr
 *(.stab.indexstr)

.comment        0x00000000      0xe7e
 *(.comment)
 .comment       0x00000000       0x50 obj\Cubes.o
 .comment       0x00000050       0x50 obj\Graphic.o
 .comment       0x000000a0       0x50 obj\DisplayDriver.o
 .comment       0x000000f0       0x50 obj\Primitive.o
 .comment       0x00000140       0x50 obj\Geometry2.o
 .comment       0x00000190       0x50 obj\MMB.o
 .comment       0x000001e0       0x56 D:/Electro/Microchip/MPLAB C32/bin/../lib/gcc/pic32mx/3.4.4/../../../../pic32mx/lib\libc.a(memset.o)
 .comment       0x00000236       0x56 D:/Electro/Microchip/MPLAB C32/bin/../lib/gcc/pic32mx/3.4.4/../../../../pic32mx/lib\libc.a(strlen.o)
 .comment       0x0000028c       0x9d D:/Electro/Microchip/MPLAB C32/bin/../lib/gcc/pic32mx/3.4.4/../../../../pic32mx/lib\libc.a(rand.o)
 .comment       0x00000329       0xa3 D:/Electro/Microchip/MPLAB C32/bin/../lib/gcc/pic32mx/3.4.4/../../../../pic32mx/lib\libc.a(isprintf.o)
 .comment       0x000003cc       0xa7 D:/Electro/Microchip/MPLAB C32/bin/../lib/gcc/pic32mx/3.4.4/../../../../pic32mx/lib\libc.a(__ivsnprintf.o)
 .comment       0x00000473       0x9e D:/Electro/Microchip/MPLAB C32/bin/../lib/gcc/pic32mx/3.4.4/../../../../pic32mx/lib\libc.a(stubs.o)
 .comment       0x00000511       0x50 D:/Electro/Microchip/MPLAB C32/bin/../lib/gcc/pic32mx/3.4.4/../../../../pic32mx/lib\libc.a(default-bootstrap-exception-handler.o)
 .comment       0x00000561       0x50 D:/Electro/Microchip/MPLAB C32/bin/../lib/gcc/pic32mx/3.4.4/../../../../pic32mx/lib\libc.a(default-on-reset.o)
 .comment       0x000005b1       0x50 D:/Electro/Microchip/MPLAB C32/bin/../lib/gcc/pic32mx/3.4.4/../../../../pic32mx/lib\libc.a(default-on-bootstrap.o)
 .comment       0x00000601       0xa5 D:/Electro/Microchip/MPLAB C32/bin/../lib/gcc/pic32mx/3.4.4/../../../../pic32mx/lib\libc.a(_iobstring.o)
 .comment       0x000006a6       0xa3 D:/Electro/Microchip/MPLAB C32/bin/../lib/gcc/pic32mx/3.4.4/../../../../pic32mx/lib\libc.a(_idoprnt.o)
 .comment       0x00000749       0xa0 D:/Electro/Microchip/MPLAB C32/bin/../lib/gcc/pic32mx/3.4.4/../../../../pic32mx/lib\libc.a(fputc.o)
 .comment       0x000007e9       0xa3 D:/Electro/Microchip/MPLAB C32/bin/../lib/gcc/pic32mx/3.4.4/../../../../pic32mx/lib\libc.a(_iobdata.o)
 .comment       0x0000088c       0xa4 D:/Electro/Microchip/MPLAB C32/bin/../lib/gcc/pic32mx/3.4.4/../../../../pic32mx/lib\libc.a(_iobfuncs.o)
 .comment       0x00000930       0x50 D:/Electro/Microchip/MPLAB C32/bin/../lib/gcc/pic32mx/3.4.4/../../../../pic32mx/lib\libc.a(_mon_getc.o)
 .comment       0x00000980       0x50 D:/Electro/Microchip/MPLAB C32/bin/../lib/gcc/pic32mx/3.4.4/../../../../pic32mx/lib\libc.a(_mon_write.o)
 .comment       0x000009d0       0x9e D:/Electro/Microchip/MPLAB C32/bin/../lib/gcc/pic32mx/3.4.4/../../../../pic32mx/lib\libc.a(errno.o)
 .comment       0x00000a6e       0x50 D:/Electro/Microchip/MPLAB C32/bin/../lib/gcc/pic32mx/3.4.4/../../../../pic32mx/lib\libc.a(_mon_putc.o)
 .comment       0x00000abe       0x50 D:/Electro/Microchip/MPLAB C32/bin/../lib/gcc/pic32mx/3.4.4/../../../../pic32mx/lib\libmchp_peripheral.a(open_core_timer_lib.o)
 .comment       0x00000b0e       0x50 D:/Electro/Microchip/MPLAB C32/bin/../lib/gcc/pic32mx/3.4.4/../../../../pic32mx/lib\libmchp_peripheral.a(read_core_timer_lib.o)
 .comment       0x00000b5e       0x50 D:/Electro/Microchip/MPLAB C32/bin/../lib/gcc/pic32mx/3.4.4/../../../../pic32mx/lib\libmchp_peripheral.a(write_core_timer_lib.o)
 .comment       0x00000bae       0x50 D:/Electro/Microchip/MPLAB C32/bin/../lib/gcc/pic32mx/3.4.4/../../../../pic32mx/lib\libmchp_peripheral_32MX460F512L.a(pcache.o)
 .comment       0x00000bfe       0x50 D:/Electro/Microchip/MPLAB C32/bin/../lib/gcc/pic32mx/3.4.4/../../../../pic32mx/lib\libmchp_peripheral_32MX460F512L.a(int_disable_interrupts_lib.o)
 .comment       0x00000c4e       0x50 D:/Electro/Microchip/MPLAB C32/bin/../lib/gcc/pic32mx/3.4.4/../../../../pic32mx/lib\libmchp_peripheral_32MX460F512L.a(int_restore_interrupts_lib.o)
 .comment       0x00000c9e       0x50 D:/Electro/Microchip/MPLAB C32/bin/../lib/gcc/pic32mx/3.4.4/../../../../pic32mx/lib\libmchp_peripheral_32MX460F512L.a(int_enable_mv_int_lib.o)
 .comment       0x00000cee       0x50 D:/Electro/Microchip/MPLAB C32/bin/../lib/gcc/pic32mx/3.4.4/../../../../pic32mx/lib\libmchp_peripheral_32MX460F512L.a(spi_open_spi2_lib_legacy.o)
 .comment       0x00000d3e       0x50 D:/Electro/Microchip/MPLAB C32/bin/../lib/gcc/pic32mx/3.4.4/../../../../pic32mx/lib\libmchp_peripheral_32MX460F512L.a(spi_brg_tbl_lib_legacy.o)
 .comment       0x00000d8e       0x50 D:/Electro/Microchip/MPLAB C32/bin/../lib/gcc/pic32mx/3.4.4/../../../../pic32mx/lib\libmchp_peripheral_32MX460F512L.a(int_enable_interrupts_lib.o)
 .comment       0x00000dde       0x50 D:/Electro/Microchip/MPLAB C32/bin/../lib/gcc/pic32mx/3.4.4\libgcc.a(_udivdi3.o)
 .comment       0x00000e2e       0x50 D:/Electro/Microchip/MPLAB C32/bin/../lib/gcc/pic32mx/3.4.4\libgcc.a(_umoddi3.o)

.debug
 *(.debug)

.line
 *(.line)

.debug_srcinfo
 *(.debug_srcinfo)

.debug_sfnames
 *(.debug_sfnames)

.debug_aranges  0x00000000      0x580
 *(.debug_aranges)
 .debug_aranges
                0x00000000       0x20 obj\Cubes.o
 .debug_aranges
                0x00000020       0x20 obj\Graphic.o
 .debug_aranges
                0x00000040       0x20 obj\DisplayDriver.o
 .debug_aranges
                0x00000060       0x20 obj\Primitive.o
 .debug_aranges
                0x00000080       0x20 obj\Geometry2.o
 .debug_aranges
                0x000000a0       0x20 obj\MMB.o
 .debug_aranges
                0x000000c0       0x38 D:/Electro/Microchip/MPLAB C32/bin/../lib/gcc/pic32mx/3.4.4/../../../../pic32mx/lib\libc.a(rand.o)
 .debug_aranges
                0x000000f8       0x28 D:/Electro/Microchip/MPLAB C32/bin/../lib/gcc/pic32mx/3.4.4/../../../../pic32mx/lib\libc.a(isprintf.o)
 .debug_aranges
                0x00000120       0x28 D:/Electro/Microchip/MPLAB C32/bin/../lib/gcc/pic32mx/3.4.4/../../../../pic32mx/lib\libc.a(__ivsnprintf.o)
 .debug_aranges
                0x00000148       0xd0 D:/Electro/Microchip/MPLAB C32/bin/../lib/gcc/pic32mx/3.4.4/../../../../pic32mx/lib\libc.a(stubs.o)
 .debug_aranges
                0x00000218       0x28 D:/Electro/Microchip/MPLAB C32/bin/../lib/gcc/pic32mx/3.4.4/../../../../pic32mx/lib\libc.a(default-bootstrap-exception-handler.o)
 .debug_aranges
                0x00000240       0x28 D:/Electro/Microchip/MPLAB C32/bin/../lib/gcc/pic32mx/3.4.4/../../../../pic32mx/lib\libc.a(default-on-reset.o)
 .debug_aranges
                0x00000268       0x28 D:/Electro/Microchip/MPLAB C32/bin/../lib/gcc/pic32mx/3.4.4/../../../../pic32mx/lib\libc.a(default-on-bootstrap.o)
 .debug_aranges
                0x00000290       0x48 D:/Electro/Microchip/MPLAB C32/bin/../lib/gcc/pic32mx/3.4.4/../../../../pic32mx/lib\libc.a(_iobstring.o)
 .debug_aranges
                0x000002d8       0x40 D:/Electro/Microchip/MPLAB C32/bin/../lib/gcc/pic32mx/3.4.4/../../../../pic32mx/lib\libc.a(_idoprnt.o)
 .debug_aranges
                0x00000318       0x38 D:/Electro/Microchip/MPLAB C32/bin/../lib/gcc/pic32mx/3.4.4/../../../../pic32mx/lib\libc.a(fputc.o)
 .debug_aranges
                0x00000350       0x48 D:/Electro/Microchip/MPLAB C32/bin/../lib/gcc/pic32mx/3.4.4/../../../../pic32mx/lib\libc.a(_iobfuncs.o)
 .debug_aranges
                0x00000398       0x28 D:/Electro/Microchip/MPLAB C32/bin/../lib/gcc/pic32mx/3.4.4/../../../../pic32mx/lib\libc.a(_mon_getc.o)
 .debug_aranges
                0x000003c0       0x28 D:/Electro/Microchip/MPLAB C32/bin/../lib/gcc/pic32mx/3.4.4/../../../../pic32mx/lib\libc.a(_mon_write.o)
 .debug_aranges
                0x000003e8       0x28 D:/Electro/Microchip/MPLAB C32/bin/../lib/gcc/pic32mx/3.4.4/../../../../pic32mx/lib\libc.a(_mon_putc.o)
 .debug_aranges
                0x00000410       0x28 D:/Electro/Microchip/MPLAB C32/bin/../lib/gcc/pic32mx/3.4.4/../../../../pic32mx/lib\libmchp_peripheral.a(open_core_timer_lib.o)
 .debug_aranges
                0x00000438       0x28 D:/Electro/Microchip/MPLAB C32/bin/../lib/gcc/pic32mx/3.4.4/../../../../pic32mx/lib\libmchp_peripheral.a(read_core_timer_lib.o)
 .debug_aranges
                0x00000460       0x28 D:/Electro/Microchip/MPLAB C32/bin/../lib/gcc/pic32mx/3.4.4/../../../../pic32mx/lib\libmchp_peripheral.a(write_core_timer_lib.o)
 .debug_aranges
                0x00000488       0x30 D:/Electro/Microchip/MPLAB C32/bin/../lib/gcc/pic32mx/3.4.4/../../../../pic32mx/lib\libmchp_peripheral_32MX460F512L.a(pcache.o)
 .debug_aranges
                0x000004b8       0x28 D:/Electro/Microchip/MPLAB C32/bin/../lib/gcc/pic32mx/3.4.4/../../../../pic32mx/lib\libmchp_peripheral_32MX460F512L.a(int_disable_interrupts_lib.o)
 .debug_aranges
                0x000004e0       0x28 D:/Electro/Microchip/MPLAB C32/bin/../lib/gcc/pic32mx/3.4.4/../../../../pic32mx/lib\libmchp_peripheral_32MX460F512L.a(int_restore_interrupts_lib.o)
 .debug_aranges
                0x00000508       0x28 D:/Electro/Microchip/MPLAB C32/bin/../lib/gcc/pic32mx/3.4.4/../../../../pic32mx/lib\libmchp_peripheral_32MX460F512L.a(int_enable_mv_int_lib.o)
 .debug_aranges
                0x00000530       0x28 D:/Electro/Microchip/MPLAB C32/bin/../lib/gcc/pic32mx/3.4.4/../../../../pic32mx/lib\libmchp_peripheral_32MX460F512L.a(spi_open_spi2_lib_legacy.o)
 .debug_aranges
                0x00000558       0x28 D:/Electro/Microchip/MPLAB C32/bin/../lib/gcc/pic32mx/3.4.4/../../../../pic32mx/lib\libmchp_peripheral_32MX460F512L.a(int_enable_interrupts_lib.o)

.debug_pubnames
                0x00000000      0xb95
 *(.debug_pubnames)
 .debug_pubnames
                0x00000000      0x121 obj\Cubes.o
 .debug_pubnames
                0x00000121       0x9f obj\Graphic.o
 .debug_pubnames
                0x000001c0       0xc8 obj\DisplayDriver.o
 .debug_pubnames
                0x00000288      0x15f obj\Primitive.o
 .debug_pubnames
                0x000003e7       0x50 obj\Geometry2.o
 .debug_pubnames
                0x00000437       0xfa obj\MMB.o
 .debug_pubnames
                0x00000531       0x30 D:/Electro/Microchip/MPLAB C32/bin/../lib/gcc/pic32mx/3.4.4/../../../../pic32mx/lib\libc.a(rand.o)
 .debug_pubnames
                0x00000561       0x20 D:/Electro/Microchip/MPLAB C32/bin/../lib/gcc/pic32mx/3.4.4/../../../../pic32mx/lib\libc.a(isprintf.o)
 .debug_pubnames
                0x00000581       0x23 D:/Electro/Microchip/MPLAB C32/bin/../lib/gcc/pic32mx/3.4.4/../../../../pic32mx/lib\libc.a(__ivsnprintf.o)
 .debug_pubnames
                0x000005a4      0x2da D:/Electro/Microchip/MPLAB C32/bin/../lib/gcc/pic32mx/3.4.4/../../../../pic32mx/lib\libc.a(stubs.o)
 .debug_pubnames
                0x0000087e       0x33 D:/Electro/Microchip/MPLAB C32/bin/../lib/gcc/pic32mx/3.4.4/../../../../pic32mx/lib\libc.a(default-bootstrap-exception-handler.o)
 .debug_pubnames
                0x000008b1       0x20 D:/Electro/Microchip/MPLAB C32/bin/../lib/gcc/pic32mx/3.4.4/../../../../pic32mx/lib\libc.a(default-on-reset.o)
 .debug_pubnames
                0x000008d1       0x24 D:/Electro/Microchip/MPLAB C32/bin/../lib/gcc/pic32mx/3.4.4/../../../../pic32mx/lib\libc.a(default-on-bootstrap.o)
 .debug_pubnames
                0x000008f5       0x21 D:/Electro/Microchip/MPLAB C32/bin/../lib/gcc/pic32mx/3.4.4/../../../../pic32mx/lib\libc.a(_idoprnt.o)
 .debug_pubnames
                0x00000916       0x31 D:/Electro/Microchip/MPLAB C32/bin/../lib/gcc/pic32mx/3.4.4/../../../../pic32mx/lib\libc.a(fputc.o)
 .debug_pubnames
                0x00000947       0x70 D:/Electro/Microchip/MPLAB C32/bin/../lib/gcc/pic32mx/3.4.4/../../../../pic32mx/lib\libc.a(_iobfuncs.o)
 .debug_pubnames
                0x000009b7       0x20 D:/Electro/Microchip/MPLAB C32/bin/../lib/gcc/pic32mx/3.4.4/../../../../pic32mx/lib\libc.a(_mon_getc.o)
 .debug_pubnames
                0x000009d7       0x21 D:/Electro/Microchip/MPLAB C32/bin/../lib/gcc/pic32mx/3.4.4/../../../../pic32mx/lib\libc.a(_mon_write.o)
 .debug_pubnames
                0x000009f8       0x20 D:/Electro/Microchip/MPLAB C32/bin/../lib/gcc/pic32mx/3.4.4/../../../../pic32mx/lib\libc.a(_mon_putc.o)
 .debug_pubnames
                0x00000a18       0x24 D:/Electro/Microchip/MPLAB C32/bin/../lib/gcc/pic32mx/3.4.4/../../../../pic32mx/lib\libmchp_peripheral.a(open_core_timer_lib.o)
 .debug_pubnames
                0x00000a3c       0x24 D:/Electro/Microchip/MPLAB C32/bin/../lib/gcc/pic32mx/3.4.4/../../../../pic32mx/lib\libmchp_peripheral.a(read_core_timer_lib.o)
 .debug_pubnames
                0x00000a60       0x25 D:/Electro/Microchip/MPLAB C32/bin/../lib/gcc/pic32mx/3.4.4/../../../../pic32mx/lib\libmchp_peripheral.a(write_core_timer_lib.o)
 .debug_pubnames
                0x00000a85       0x3b D:/Electro/Microchip/MPLAB C32/bin/../lib/gcc/pic32mx/3.4.4/../../../../pic32mx/lib\libmchp_peripheral_32MX460F512L.a(pcache.o)
 .debug_pubnames
                0x00000ac0       0x2b D:/Electro/Microchip/MPLAB C32/bin/../lib/gcc/pic32mx/3.4.4/../../../../pic32mx/lib\libmchp_peripheral_32MX460F512L.a(int_disable_interrupts_lib.o)
 .debug_pubnames
                0x00000aeb       0x2b D:/Electro/Microchip/MPLAB C32/bin/../lib/gcc/pic32mx/3.4.4/../../../../pic32mx/lib\libmchp_peripheral_32MX460F512L.a(int_restore_interrupts_lib.o)
 .debug_pubnames
                0x00000b16       0x36 D:/Electro/Microchip/MPLAB C32/bin/../lib/gcc/pic32mx/3.4.4/../../../../pic32mx/lib\libmchp_peripheral_32MX460F512L.a(int_enable_mv_int_lib.o)
 .debug_pubnames
                0x00000b4c       0x1f D:/Electro/Microchip/MPLAB C32/bin/../lib/gcc/pic32mx/3.4.4/../../../../pic32mx/lib\libmchp_peripheral_32MX460F512L.a(spi_open_spi2_lib_legacy.o)
 .debug_pubnames
                0x00000b6b       0x2a D:/Electro/Microchip/MPLAB C32/bin/../lib/gcc/pic32mx/3.4.4/../../../../pic32mx/lib\libmchp_peripheral_32MX460F512L.a(int_enable_interrupts_lib.o)

.debug_info     0x00000000     0x4225
 *(.debug_info .gnu.linkonce.wi.*)
 .debug_info    0x00000000      0xacf obj\Cubes.o
 .debug_info    0x00000acf      0x80a obj\Graphic.o
 .debug_info    0x000012d9      0x836 obj\DisplayDriver.o
 .debug_info    0x00001b0f     0x1189 obj\Primitive.o
 .debug_info    0x00002c98      0x1b9 obj\Geometry2.o
 .debug_info    0x00002e51      0xcf0 obj\MMB.o
 .debug_info    0x00003b41       0x54 D:/Electro/Microchip/MPLAB C32/bin/../lib/gcc/pic32mx/3.4.4/../../../../pic32mx/lib\libc.a(rand.o)
 .debug_info    0x00003b95       0x30 D:/Electro/Microchip/MPLAB C32/bin/../lib/gcc/pic32mx/3.4.4/../../../../pic32mx/lib\libc.a(isprintf.o)
 .debug_info    0x00003bc5       0x30 D:/Electro/Microchip/MPLAB C32/bin/../lib/gcc/pic32mx/3.4.4/../../../../pic32mx/lib\libc.a(__ivsnprintf.o)
 .debug_info    0x00003bf5      0x1aa D:/Electro/Microchip/MPLAB C32/bin/../lib/gcc/pic32mx/3.4.4/../../../../pic32mx/lib\libc.a(stubs.o)
 .debug_info    0x00003d9f       0x30 D:/Electro/Microchip/MPLAB C32/bin/../lib/gcc/pic32mx/3.4.4/../../../../pic32mx/lib\libc.a(default-bootstrap-exception-handler.o)
 .debug_info    0x00003dcf       0x30 D:/Electro/Microchip/MPLAB C32/bin/../lib/gcc/pic32mx/3.4.4/../../../../pic32mx/lib\libc.a(default-on-reset.o)
 .debug_info    0x00003dff       0x30 D:/Electro/Microchip/MPLAB C32/bin/../lib/gcc/pic32mx/3.4.4/../../../../pic32mx/lib\libc.a(default-on-bootstrap.o)
 .debug_info    0x00003e2f       0x73 D:/Electro/Microchip/MPLAB C32/bin/../lib/gcc/pic32mx/3.4.4/../../../../pic32mx/lib\libc.a(_iobstring.o)
 .debug_info    0x00003ea2       0x65 D:/Electro/Microchip/MPLAB C32/bin/../lib/gcc/pic32mx/3.4.4/../../../../pic32mx/lib\libc.a(_idoprnt.o)
 .debug_info    0x00003f07       0x54 D:/Electro/Microchip/MPLAB C32/bin/../lib/gcc/pic32mx/3.4.4/../../../../pic32mx/lib\libc.a(fputc.o)
 .debug_info    0x00003f5b       0x78 D:/Electro/Microchip/MPLAB C32/bin/../lib/gcc/pic32mx/3.4.4/../../../../pic32mx/lib\libc.a(_iobfuncs.o)
 .debug_info    0x00003fd3       0x30 D:/Electro/Microchip/MPLAB C32/bin/../lib/gcc/pic32mx/3.4.4/../../../../pic32mx/lib\libc.a(_mon_getc.o)
 .debug_info    0x00004003       0x30 D:/Electro/Microchip/MPLAB C32/bin/../lib/gcc/pic32mx/3.4.4/../../../../pic32mx/lib\libc.a(_mon_write.o)
 .debug_info    0x00004033       0x30 D:/Electro/Microchip/MPLAB C32/bin/../lib/gcc/pic32mx/3.4.4/../../../../pic32mx/lib\libc.a(_mon_putc.o)
 .debug_info    0x00004063       0x30 D:/Electro/Microchip/MPLAB C32/bin/../lib/gcc/pic32mx/3.4.4/../../../../pic32mx/lib\libmchp_peripheral.a(open_core_timer_lib.o)
 .debug_info    0x00004093       0x30 D:/Electro/Microchip/MPLAB C32/bin/../lib/gcc/pic32mx/3.4.4/../../../../pic32mx/lib\libmchp_peripheral.a(read_core_timer_lib.o)
 .debug_info    0x000040c3       0x30 D:/Electro/Microchip/MPLAB C32/bin/../lib/gcc/pic32mx/3.4.4/../../../../pic32mx/lib\libmchp_peripheral.a(write_core_timer_lib.o)
 .debug_info    0x000040f3       0x42 D:/Electro/Microchip/MPLAB C32/bin/../lib/gcc/pic32mx/3.4.4/../../../../pic32mx/lib\libmchp_peripheral_32MX460F512L.a(pcache.o)
 .debug_info    0x00004135       0x30 D:/Electro/Microchip/MPLAB C32/bin/../lib/gcc/pic32mx/3.4.4/../../../../pic32mx/lib\libmchp_peripheral_32MX460F512L.a(int_disable_interrupts_lib.o)
 .debug_info    0x00004165       0x30 D:/Electro/Microchip/MPLAB C32/bin/../lib/gcc/pic32mx/3.4.4/../../../../pic32mx/lib\libmchp_peripheral_32MX460F512L.a(int_restore_interrupts_lib.o)
 .debug_info    0x00004195       0x30 D:/Electro/Microchip/MPLAB C32/bin/../lib/gcc/pic32mx/3.4.4/../../../../pic32mx/lib\libmchp_peripheral_32MX460F512L.a(int_enable_mv_int_lib.o)
 .debug_info    0x000041c5       0x30 D:/Electro/Microchip/MPLAB C32/bin/../lib/gcc/pic32mx/3.4.4/../../../../pic32mx/lib\libmchp_peripheral_32MX460F512L.a(spi_open_spi2_lib_legacy.o)
 .debug_info    0x000041f5       0x30 D:/Electro/Microchip/MPLAB C32/bin/../lib/gcc/pic32mx/3.4.4/../../../../pic32mx/lib\libmchp_peripheral_32MX460F512L.a(int_enable_interrupts_lib.o)

.debug_abbrev   0x00000000     0x104e
 *(.debug_abbrev)
 .debug_abbrev  0x00000000      0x24a obj\Cubes.o
 .debug_abbrev  0x0000024a      0x224 obj\Graphic.o
 .debug_abbrev  0x0000046e      0x248 obj\DisplayDriver.o
 .debug_abbrev  0x000006b6      0x296 obj\Primitive.o
 .debug_abbrev  0x0000094c       0xe5 obj\Geometry2.o
 .debug_abbrev  0x00000a31      0x2d5 obj\MMB.o
 .debug_abbrev  0x00000d06       0x23 D:/Electro/Microchip/MPLAB C32/bin/../lib/gcc/pic32mx/3.4.4/../../../../pic32mx/lib\libc.a(rand.o)
 .debug_abbrev  0x00000d29       0x23 D:/Electro/Microchip/MPLAB C32/bin/../lib/gcc/pic32mx/3.4.4/../../../../pic32mx/lib\libc.a(isprintf.o)
 .debug_abbrev  0x00000d4c       0x23 D:/Electro/Microchip/MPLAB C32/bin/../lib/gcc/pic32mx/3.4.4/../../../../pic32mx/lib\libc.a(__ivsnprintf.o)
 .debug_abbrev  0x00000d6f       0x23 D:/Electro/Microchip/MPLAB C32/bin/../lib/gcc/pic32mx/3.4.4/../../../../pic32mx/lib\libc.a(stubs.o)
 .debug_abbrev  0x00000d92       0x23 D:/Electro/Microchip/MPLAB C32/bin/../lib/gcc/pic32mx/3.4.4/../../../../pic32mx/lib\libc.a(default-bootstrap-exception-handler.o)
 .debug_abbrev  0x00000db5       0x23 D:/Electro/Microchip/MPLAB C32/bin/../lib/gcc/pic32mx/3.4.4/../../../../pic32mx/lib\libc.a(default-on-reset.o)
 .debug_abbrev  0x00000dd8       0x23 D:/Electro/Microchip/MPLAB C32/bin/../lib/gcc/pic32mx/3.4.4/../../../../pic32mx/lib\libc.a(default-on-bootstrap.o)
 .debug_abbrev  0x00000dfb       0x21 D:/Electro/Microchip/MPLAB C32/bin/../lib/gcc/pic32mx/3.4.4/../../../../pic32mx/lib\libc.a(_iobstring.o)
 .debug_abbrev  0x00000e1c       0x45 D:/Electro/Microchip/MPLAB C32/bin/../lib/gcc/pic32mx/3.4.4/../../../../pic32mx/lib\libc.a(_idoprnt.o)
 .debug_abbrev  0x00000e61       0x23 D:/Electro/Microchip/MPLAB C32/bin/../lib/gcc/pic32mx/3.4.4/../../../../pic32mx/lib\libc.a(fputc.o)
 .debug_abbrev  0x00000e84        0x1 D:/Electro/Microchip/MPLAB C32/bin/../lib/gcc/pic32mx/3.4.4/../../../../pic32mx/lib\libc.a(_iobdata.o)
 .debug_abbrev  0x00000e85       0x23 D:/Electro/Microchip/MPLAB C32/bin/../lib/gcc/pic32mx/3.4.4/../../../../pic32mx/lib\libc.a(_iobfuncs.o)
 .debug_abbrev  0x00000ea8       0x23 D:/Electro/Microchip/MPLAB C32/bin/../lib/gcc/pic32mx/3.4.4/../../../../pic32mx/lib\libc.a(_mon_getc.o)
 .debug_abbrev  0x00000ecb       0x23 D:/Electro/Microchip/MPLAB C32/bin/../lib/gcc/pic32mx/3.4.4/../../../../pic32mx/lib\libc.a(_mon_write.o)
 .debug_abbrev  0x00000eee        0x1 D:/Electro/Microchip/MPLAB C32/bin/../lib/gcc/pic32mx/3.4.4/../../../../pic32mx/lib\libc.a(errno.o)
 .debug_abbrev  0x00000eef       0x23 D:/Electro/Microchip/MPLAB C32/bin/../lib/gcc/pic32mx/3.4.4/../../../../pic32mx/lib\libc.a(_mon_putc.o)
 .debug_abbrev  0x00000f12       0x23 D:/Electro/Microchip/MPLAB C32/bin/../lib/gcc/pic32mx/3.4.4/../../../../pic32mx/lib\libmchp_peripheral.a(open_core_timer_lib.o)
 .debug_abbrev  0x00000f35       0x23 D:/Electro/Microchip/MPLAB C32/bin/../lib/gcc/pic32mx/3.4.4/../../../../pic32mx/lib\libmchp_peripheral.a(read_core_timer_lib.o)
 .debug_abbrev  0x00000f58       0x23 D:/Electro/Microchip/MPLAB C32/bin/../lib/gcc/pic32mx/3.4.4/../../../../pic32mx/lib\libmchp_peripheral.a(write_core_timer_lib.o)
 .debug_abbrev  0x00000f7b       0x23 D:/Electro/Microchip/MPLAB C32/bin/../lib/gcc/pic32mx/3.4.4/../../../../pic32mx/lib\libmchp_peripheral_32MX460F512L.a(pcache.o)
 .debug_abbrev  0x00000f9e       0x23 D:/Electro/Microchip/MPLAB C32/bin/../lib/gcc/pic32mx/3.4.4/../../../../pic32mx/lib\libmchp_peripheral_32MX460F512L.a(int_disable_interrupts_lib.o)
 .debug_abbrev  0x00000fc1       0x23 D:/Electro/Microchip/MPLAB C32/bin/../lib/gcc/pic32mx/3.4.4/../../../../pic32mx/lib\libmchp_peripheral_32MX460F512L.a(int_restore_interrupts_lib.o)
 .debug_abbrev  0x00000fe4       0x23 D:/Electro/Microchip/MPLAB C32/bin/../lib/gcc/pic32mx/3.4.4/../../../../pic32mx/lib\libmchp_peripheral_32MX460F512L.a(int_enable_mv_int_lib.o)
 .debug_abbrev  0x00001007       0x23 D:/Electro/Microchip/MPLAB C32/bin/../lib/gcc/pic32mx/3.4.4/../../../../pic32mx/lib\libmchp_peripheral_32MX460F512L.a(spi_open_spi2_lib_legacy.o)
 .debug_abbrev  0x0000102a        0x1 D:/Electro/Microchip/MPLAB C32/bin/../lib/gcc/pic32mx/3.4.4/../../../../pic32mx/lib\libmchp_peripheral_32MX460F512L.a(spi_brg_tbl_lib_legacy.o)
 .debug_abbrev  0x0000102b       0x23 D:/Electro/Microchip/MPLAB C32/bin/../lib/gcc/pic32mx/3.4.4/../../../../pic32mx/lib\libmchp_peripheral_32MX460F512L.a(int_enable_interrupts_lib.o)

.debug_line     0x00000000     0x1be0
 *(.debug_line)
 .debug_line    0x00000000      0x2a0 obj\Cubes.o
 .debug_line    0x000002a0      0x209 obj\Graphic.o
 .debug_line    0x000004a9      0x269 obj\DisplayDriver.o
 .debug_line    0x00000712      0x442 obj\Primitive.o
 .debug_line    0x00000b54       0x98 obj\Geometry2.o
 .debug_line    0x00000bec      0x308 obj\MMB.o
 .debug_line    0x00000ef4       0x7d D:/Electro/Microchip/MPLAB C32/bin/../lib/gcc/pic32mx/3.4.4/../../../../pic32mx/lib\libc.a(rand.o)
 .debug_line    0x00000f71       0x83 D:/Electro/Microchip/MPLAB C32/bin/../lib/gcc/pic32mx/3.4.4/../../../../pic32mx/lib\libc.a(isprintf.o)
 .debug_line    0x00000ff4       0x87 D:/Electro/Microchip/MPLAB C32/bin/../lib/gcc/pic32mx/3.4.4/../../../../pic32mx/lib\libc.a(__ivsnprintf.o)
 .debug_line    0x0000107b       0x80 D:/Electro/Microchip/MPLAB C32/bin/../lib/gcc/pic32mx/3.4.4/../../../../pic32mx/lib\libc.a(stubs.o)
 .debug_line    0x000010fb       0x9e D:/Electro/Microchip/MPLAB C32/bin/../lib/gcc/pic32mx/3.4.4/../../../../pic32mx/lib\libc.a(default-bootstrap-exception-handler.o)
 .debug_line    0x00001199       0x8b D:/Electro/Microchip/MPLAB C32/bin/../lib/gcc/pic32mx/3.4.4/../../../../pic32mx/lib\libc.a(default-on-reset.o)
 .debug_line    0x00001224       0x8f D:/Electro/Microchip/MPLAB C32/bin/../lib/gcc/pic32mx/3.4.4/../../../../pic32mx/lib\libc.a(default-on-bootstrap.o)
 .debug_line    0x000012b3       0x85 D:/Electro/Microchip/MPLAB C32/bin/../lib/gcc/pic32mx/3.4.4/../../../../pic32mx/lib\libc.a(_iobstring.o)
 .debug_line    0x00001338       0x83 D:/Electro/Microchip/MPLAB C32/bin/../lib/gcc/pic32mx/3.4.4/../../../../pic32mx/lib\libc.a(_idoprnt.o)
 .debug_line    0x000013bb       0x80 D:/Electro/Microchip/MPLAB C32/bin/../lib/gcc/pic32mx/3.4.4/../../../../pic32mx/lib\libc.a(fputc.o)
 .debug_line    0x0000143b       0x84 D:/Electro/Microchip/MPLAB C32/bin/../lib/gcc/pic32mx/3.4.4/../../../../pic32mx/lib\libc.a(_iobfuncs.o)
 .debug_line    0x000014bf       0x84 D:/Electro/Microchip/MPLAB C32/bin/../lib/gcc/pic32mx/3.4.4/../../../../pic32mx/lib\libc.a(_mon_getc.o)
 .debug_line    0x00001543       0x85 D:/Electro/Microchip/MPLAB C32/bin/../lib/gcc/pic32mx/3.4.4/../../../../pic32mx/lib\libc.a(_mon_write.o)
 .debug_line    0x000015c8       0x84 D:/Electro/Microchip/MPLAB C32/bin/../lib/gcc/pic32mx/3.4.4/../../../../pic32mx/lib\libc.a(_mon_putc.o)
 .debug_line    0x0000164c       0x9e D:/Electro/Microchip/MPLAB C32/bin/../lib/gcc/pic32mx/3.4.4/../../../../pic32mx/lib\libmchp_peripheral.a(open_core_timer_lib.o)
 .debug_line    0x000016ea       0x9e D:/Electro/Microchip/MPLAB C32/bin/../lib/gcc/pic32mx/3.4.4/../../../../pic32mx/lib\libmchp_peripheral.a(read_core_timer_lib.o)
 .debug_line    0x00001788       0x9f D:/Electro/Microchip/MPLAB C32/bin/../lib/gcc/pic32mx/3.4.4/../../../../pic32mx/lib\libmchp_peripheral.a(write_core_timer_lib.o)
 .debug_line    0x00001827       0x92 D:/Electro/Microchip/MPLAB C32/bin/../lib/gcc/pic32mx/3.4.4/../../../../pic32mx/lib\libmchp_peripheral_32MX460F512L.a(pcache.o)
 .debug_line    0x000018b9       0xa3 D:/Electro/Microchip/MPLAB C32/bin/../lib/gcc/pic32mx/3.4.4/../../../../pic32mx/lib\libmchp_peripheral_32MX460F512L.a(int_disable_interrupts_lib.o)
 .debug_line    0x0000195c       0xa3 D:/Electro/Microchip/MPLAB C32/bin/../lib/gcc/pic32mx/3.4.4/../../../../pic32mx/lib\libmchp_peripheral_32MX460F512L.a(int_restore_interrupts_lib.o)
 .debug_line    0x000019ff       0x9e D:/Electro/Microchip/MPLAB C32/bin/../lib/gcc/pic32mx/3.4.4/../../../../pic32mx/lib\libmchp_peripheral_32MX460F512L.a(int_enable_mv_int_lib.o)
 .debug_line    0x00001a9d       0xa1 D:/Electro/Microchip/MPLAB C32/bin/../lib/gcc/pic32mx/3.4.4/../../../../pic32mx/lib\libmchp_peripheral_32MX460F512L.a(spi_open_spi2_lib_legacy.o)
 .debug_line    0x00001b3e       0xa2 D:/Electro/Microchip/MPLAB C32/bin/../lib/gcc/pic32mx/3.4.4/../../../../pic32mx/lib\libmchp_peripheral_32MX460F512L.a(int_enable_interrupts_lib.o)

.debug_frame    0x00000000      0xcd8
 *(.debug_frame)
 .debug_frame   0x00000000      0x150 obj\Cubes.o
 .debug_frame   0x00000150       0xbc obj\Graphic.o
 .debug_frame   0x0000020c       0xd0 obj\DisplayDriver.o
 .debug_frame   0x000002dc      0x1dc obj\Primitive.o
 .debug_frame   0x000004b8       0x74 obj\Geometry2.o
 .debug_frame   0x0000052c      0x18c obj\MMB.o
 .debug_frame   0x000006b8       0x54 D:/Electro/Microchip/MPLAB C32/bin/../lib/gcc/pic32mx/3.4.4/../../../../pic32mx/lib\libc.a(rand.o)
 .debug_frame   0x0000070c       0x28 D:/Electro/Microchip/MPLAB C32/bin/../lib/gcc/pic32mx/3.4.4/../../../../pic32mx/lib\libc.a(isprintf.o)
 .debug_frame   0x00000734       0x28 D:/Electro/Microchip/MPLAB C32/bin/../lib/gcc/pic32mx/3.4.4/../../../../pic32mx/lib\libc.a(__ivsnprintf.o)
 .debug_frame   0x0000075c      0x178 D:/Electro/Microchip/MPLAB C32/bin/../lib/gcc/pic32mx/3.4.4/../../../../pic32mx/lib\libc.a(stubs.o)
 .debug_frame   0x000008d4       0x20 D:/Electro/Microchip/MPLAB C32/bin/../lib/gcc/pic32mx/3.4.4/../../../../pic32mx/lib\libc.a(default-bootstrap-exception-handler.o)
 .debug_frame   0x000008f4       0x20 D:/Electro/Microchip/MPLAB C32/bin/../lib/gcc/pic32mx/3.4.4/../../../../pic32mx/lib\libc.a(default-on-reset.o)
 .debug_frame   0x00000914       0x20 D:/Electro/Microchip/MPLAB C32/bin/../lib/gcc/pic32mx/3.4.4/../../../../pic32mx/lib\libc.a(default-on-bootstrap.o)
 .debug_frame   0x00000934       0x60 D:/Electro/Microchip/MPLAB C32/bin/../lib/gcc/pic32mx/3.4.4/../../../../pic32mx/lib\libc.a(_iobstring.o)
 .debug_frame   0x00000994       0xbc D:/Electro/Microchip/MPLAB C32/bin/../lib/gcc/pic32mx/3.4.4/../../../../pic32mx/lib\libc.a(_idoprnt.o)
 .debug_frame   0x00000a50       0x50 D:/Electro/Microchip/MPLAB C32/bin/../lib/gcc/pic32mx/3.4.4/../../../../pic32mx/lib\libc.a(fputc.o)
 .debug_frame   0x00000aa0       0x90 D:/Electro/Microchip/MPLAB C32/bin/../lib/gcc/pic32mx/3.4.4/../../../../pic32mx/lib\libc.a(_iobfuncs.o)
 .debug_frame   0x00000b30       0x20 D:/Electro/Microchip/MPLAB C32/bin/../lib/gcc/pic32mx/3.4.4/../../../../pic32mx/lib\libc.a(_mon_getc.o)
 .debug_frame   0x00000b50       0x30 D:/Electro/Microchip/MPLAB C32/bin/../lib/gcc/pic32mx/3.4.4/../../../../pic32mx/lib\libc.a(_mon_write.o)
 .debug_frame   0x00000b80       0x20 D:/Electro/Microchip/MPLAB C32/bin/../lib/gcc/pic32mx/3.4.4/../../../../pic32mx/lib\libc.a(_mon_putc.o)
 .debug_frame   0x00000ba0       0x20 D:/Electro/Microchip/MPLAB C32/bin/../lib/gcc/pic32mx/3.4.4/../../../../pic32mx/lib\libmchp_peripheral.a(open_core_timer_lib.o)
 .debug_frame   0x00000bc0       0x20 D:/Electro/Microchip/MPLAB C32/bin/../lib/gcc/pic32mx/3.4.4/../../../../pic32mx/lib\libmchp_peripheral.a(read_core_timer_lib.o)
 .debug_frame   0x00000be0       0x20 D:/Electro/Microchip/MPLAB C32/bin/../lib/gcc/pic32mx/3.4.4/../../../../pic32mx/lib\libmchp_peripheral.a(write_core_timer_lib.o)
 .debug_frame   0x00000c00       0x30 D:/Electro/Microchip/MPLAB C32/bin/../lib/gcc/pic32mx/3.4.4/../../../../pic32mx/lib\libmchp_peripheral_32MX460F512L.a(pcache.o)
 .debug_frame   0x00000c30       0x20 D:/Electro/Microchip/MPLAB C32/bin/../lib/gcc/pic32mx/3.4.4/../../../../pic32mx/lib\libmchp_peripheral_32MX460F512L.a(int_disable_interrupts_lib.o)
 .debug_frame   0x00000c50       0x20 D:/Electro/Microchip/MPLAB C32/bin/../lib/gcc/pic32mx/3.4.4/../../../../pic32mx/lib\libmchp_peripheral_32MX460F512L.a(int_restore_interrupts_lib.o)
 .debug_frame   0x00000c70       0x28 D:/Electro/Microchip/MPLAB C32/bin/../lib/gcc/pic32mx/3.4.4/../../../../pic32mx/lib\libmchp_peripheral_32MX460F512L.a(int_enable_mv_int_lib.o)
 .debug_frame   0x00000c98       0x20 D:/Electro/Microchip/MPLAB C32/bin/../lib/gcc/pic32mx/3.4.4/../../../../pic32mx/lib\libmchp_peripheral_32MX460F512L.a(spi_open_spi2_lib_legacy.o)
 .debug_frame   0x00000cb8       0x20 D:/Electro/Microchip/MPLAB C32/bin/../lib/gcc/pic32mx/3.4.4/../../../../pic32mx/lib\libmchp_peripheral_32MX460F512L.a(int_enable_interrupts_lib.o)

.debug_str      0x00000000     0x1bbf
 *(.debug_str)
 .debug_str     0x00000000      0x35f obj\Cubes.o
                                0x3c5 (size before relaxing)
 .debug_str     0x0000035f       0xf8 obj\Graphic.o
                                0x42c (size before relaxing)
 .debug_str     0x00000457      0x1fe obj\DisplayDriver.o
                                0x550 (size before relaxing)
 .debug_str     0x00000655      0x2c8 obj\Primitive.o
                                0x643 (size before relaxing)
 .debug_str     0x0000091d       0x38 obj\Geometry2.o
                                 0xe7 (size before relaxing)
 .debug_str     0x00000955      0x3b7 obj\MMB.o
                                0x73e (size before relaxing)
 .debug_str     0x00000d0c       0x6d D:/Electro/Microchip/MPLAB C32/bin/../lib/gcc/pic32mx/3.4.4/../../../../pic32mx/lib\libc.a(rand.o)
                                 0xbc (size before relaxing)
 .debug_str     0x00000d79       0x70 D:/Electro/Microchip/MPLAB C32/bin/../lib/gcc/pic32mx/3.4.4/../../../../pic32mx/lib\libc.a(isprintf.o)
                                 0xba (size before relaxing)
 .debug_str     0x00000de9       0x77 D:/Electro/Microchip/MPLAB C32/bin/../lib/gcc/pic32mx/3.4.4/../../../../pic32mx/lib\libc.a(__ivsnprintf.o)
                                 0xc1 (size before relaxing)
 .debug_str     0x00000e60      0x2d3 D:/Electro/Microchip/MPLAB C32/bin/../lib/gcc/pic32mx/3.4.4/../../../../pic32mx/lib\libc.a(stubs.o)
                                0x31d (size before relaxing)
 .debug_str     0x00001133       0x9e D:/Electro/Microchip/MPLAB C32/bin/../lib/gcc/pic32mx/3.4.4/../../../../pic32mx/lib\libc.a(default-bootstrap-exception-handler.o)
                                 0xe8 (size before relaxing)
 .debug_str     0x000011d1       0x78 D:/Electro/Microchip/MPLAB C32/bin/../lib/gcc/pic32mx/3.4.4/../../../../pic32mx/lib\libc.a(default-on-reset.o)
                                 0xc2 (size before relaxing)
 .debug_str     0x00001249       0x80 D:/Electro/Microchip/MPLAB C32/bin/../lib/gcc/pic32mx/3.4.4/../../../../pic32mx/lib\libc.a(default-on-bootstrap.o)
                                 0xca (size before relaxing)
 .debug_str     0x000012c9       0xb2 D:/Electro/Microchip/MPLAB C32/bin/../lib/gcc/pic32mx/3.4.4/../../../../pic32mx/lib\libc.a(_iobstring.o)
                                 0xfc (size before relaxing)
 .debug_str     0x0000137b       0x8b D:/Electro/Microchip/MPLAB C32/bin/../lib/gcc/pic32mx/3.4.4/../../../../pic32mx/lib\libc.a(_idoprnt.o)
                                 0xd5 (size before relaxing)
 .debug_str     0x00001406       0x71 D:/Electro/Microchip/MPLAB C32/bin/../lib/gcc/pic32mx/3.4.4/../../../../pic32mx/lib\libc.a(fputc.o)
                                 0xc0 (size before relaxing)
 .debug_str     0x00001477       0xb1 D:/Electro/Microchip/MPLAB C32/bin/../lib/gcc/pic32mx/3.4.4/../../../../pic32mx/lib\libc.a(_iobfuncs.o)
                                 0xfb (size before relaxing)
 .debug_str     0x00001528       0x71 D:/Electro/Microchip/MPLAB C32/bin/../lib/gcc/pic32mx/3.4.4/../../../../pic32mx/lib\libc.a(_mon_getc.o)
                                 0xbb (size before relaxing)
 .debug_str     0x00001599       0x73 D:/Electro/Microchip/MPLAB C32/bin/../lib/gcc/pic32mx/3.4.4/../../../../pic32mx/lib\libc.a(_mon_write.o)
                                 0xbd (size before relaxing)
 .debug_str     0x0000160c       0x71 D:/Electro/Microchip/MPLAB C32/bin/../lib/gcc/pic32mx/3.4.4/../../../../pic32mx/lib\libc.a(_mon_putc.o)
                                 0xbb (size before relaxing)
 .debug_str     0x0000167d       0x8f D:/Electro/Microchip/MPLAB C32/bin/../lib/gcc/pic32mx/3.4.4/../../../../pic32mx/lib\libmchp_peripheral.a(open_core_timer_lib.o)
                                 0xd9 (size before relaxing)
 .debug_str     0x0000170c       0x8f D:/Electro/Microchip/MPLAB C32/bin/../lib/gcc/pic32mx/3.4.4/../../../../pic32mx/lib\libmchp_peripheral.a(read_core_timer_lib.o)
                                 0xd9 (size before relaxing)
 .debug_str     0x0000179b       0x91 D:/Electro/Microchip/MPLAB C32/bin/../lib/gcc/pic32mx/3.4.4/../../../../pic32mx/lib\libmchp_peripheral.a(write_core_timer_lib.o)
                                 0xdb (size before relaxing)
 .debug_str     0x0000182c       0x96 D:/Electro/Microchip/MPLAB C32/bin/../lib/gcc/pic32mx/3.4.4/../../../../pic32mx/lib\libmchp_peripheral_32MX460F512L.a(pcache.o)
                                 0xe0 (size before relaxing)
 .debug_str     0x000018c2       0x9b D:/Electro/Microchip/MPLAB C32/bin/../lib/gcc/pic32mx/3.4.4/../../../../pic32mx/lib\libmchp_peripheral_32MX460F512L.a(int_disable_interrupts_lib.o)
                                 0xe5 (size before relaxing)
 .debug_str     0x0000195d       0x9b D:/Electro/Microchip/MPLAB C32/bin/../lib/gcc/pic32mx/3.4.4/../../../../pic32mx/lib\libmchp_peripheral_32MX460F512L.a(int_restore_interrupts_lib.o)
                                 0xe5 (size before relaxing)
 .debug_str     0x000019f8       0xa1 D:/Electro/Microchip/MPLAB C32/bin/../lib/gcc/pic32mx/3.4.4/../../../../pic32mx/lib\libmchp_peripheral_32MX460F512L.a(int_enable_mv_int_lib.o)
                                 0xeb (size before relaxing)
 .debug_str     0x00001a99       0x8d D:/Electro/Microchip/MPLAB C32/bin/../lib/gcc/pic32mx/3.4.4/../../../../pic32mx/lib\libmchp_peripheral_32MX460F512L.a(spi_open_spi2_lib_legacy.o)
                                 0xd7 (size before relaxing)
 .debug_str     0x00001b26       0x99 D:/Electro/Microchip/MPLAB C32/bin/../lib/gcc/pic32mx/3.4.4/../../../../pic32mx/lib\libmchp_peripheral_32MX460F512L.a(int_enable_interrupts_lib.o)
                                 0xe3 (size before relaxing)

.debug_loc
 *(.debug_loc)

.debug_macinfo
 *(.debug_macinfo)

.debug_weaknames
 *(.debug_weaknames)

.debug_funcnames
 *(.debug_funcnames)

.debug_typenames
 *(.debug_typenames)

.debug_varnames
 *(.debug_varnames)

/DISCARD/
 *(.note.GNU-stack)
OUTPUT(bin\Cubes.elf elf32-tradlittlemips)

.mdebug.abi32   0x9d008c6c        0x0

.rel.dyn        0x9d008c6c        0x0
